Archive member included to satisfy reference by file (symbol)

d:/programas/intelfpga_lite/18.1/nios2eds/bin/gnu/h-x86_64-mingw32/bin/../lib/gcc/nios2-elf/5.3.0/mno-hw-mul\libgcc.a(lib2-divmod.o)
                              obj/default/Principal.o (__modsi3)
d:/programas/intelfpga_lite/18.1/nios2eds/bin/gnu/h-x86_64-mingw32/bin/../lib/gcc/nios2-elf/5.3.0/mno-hw-mul\libgcc.a(lib2-mul.o)
                              obj/default/Principal.o (__mulsi3)
d:/programas/intelfpga_lite/18.1/nios2eds/bin/gnu/h-x86_64-mingw32/bin/../lib/gcc/nios2-elf/5.3.0/mno-hw-mul\libgcc.a(addsf3.o)
                              obj/default/Principal.o (__addsf3)
d:/programas/intelfpga_lite/18.1/nios2eds/bin/gnu/h-x86_64-mingw32/bin/../lib/gcc/nios2-elf/5.3.0/mno-hw-mul\libgcc.a(divsf3.o)
                              obj/default/Principal.o (__divsf3)
d:/programas/intelfpga_lite/18.1/nios2eds/bin/gnu/h-x86_64-mingw32/bin/../lib/gcc/nios2-elf/5.3.0/mno-hw-mul\libgcc.a(lesf2.o)
                              obj/default/Principal.o (__ltsf2)
d:/programas/intelfpga_lite/18.1/nios2eds/bin/gnu/h-x86_64-mingw32/bin/../lib/gcc/nios2-elf/5.3.0/mno-hw-mul\libgcc.a(mulsf3.o)
                              obj/default/Principal.o (__mulsf3)
d:/programas/intelfpga_lite/18.1/nios2eds/bin/gnu/h-x86_64-mingw32/bin/../lib/gcc/nios2-elf/5.3.0/mno-hw-mul\libgcc.a(subsf3.o)
                              obj/default/Principal.o (__subsf3)
d:/programas/intelfpga_lite/18.1/nios2eds/bin/gnu/h-x86_64-mingw32/bin/../lib/gcc/nios2-elf/5.3.0/mno-hw-mul\libgcc.a(fixsfsi.o)
                              obj/default/Principal.o (__fixsfsi)
d:/programas/intelfpga_lite/18.1/nios2eds/bin/gnu/h-x86_64-mingw32/bin/../lib/gcc/nios2-elf/5.3.0/mno-hw-mul\libgcc.a(floatsisf.o)
                              obj/default/Principal.o (__floatsisf)
d:/programas/intelfpga_lite/18.1/nios2eds/bin/gnu/h-x86_64-mingw32/bin/../lib/gcc/nios2-elf/5.3.0/mno-hw-mul\libgcc.a(gedf2.o)
                              obj/default/Principal.o (__gedf2)
d:/programas/intelfpga_lite/18.1/nios2eds/bin/gnu/h-x86_64-mingw32/bin/../lib/gcc/nios2-elf/5.3.0/mno-hw-mul\libgcc.a(floatsidf.o)
                              obj/default/Principal.o (__floatsidf)
d:/programas/intelfpga_lite/18.1/nios2eds/bin/gnu/h-x86_64-mingw32/bin/../lib/gcc/nios2-elf/5.3.0/mno-hw-mul\libgcc.a(_clzsi2.o)
                              d:/programas/intelfpga_lite/18.1/nios2eds/bin/gnu/h-x86_64-mingw32/bin/../lib/gcc/nios2-elf/5.3.0/mno-hw-mul\libgcc.a(addsf3.o) (__clzsi2)
d:/programas/intelfpga_lite/18.1/nios2eds/bin/gnu/h-x86_64-mingw32/bin/../lib/gcc/nios2-elf/5.3.0/mno-hw-mul\libgcc.a(_clz.o)
                              d:/programas/intelfpga_lite/18.1/nios2eds/bin/gnu/h-x86_64-mingw32/bin/../lib/gcc/nios2-elf/5.3.0/mno-hw-mul\libgcc.a(_clzsi2.o) (__clz_tab)
d:/programas/intelfpga_lite/18.1/nios2eds/bin/gnu/h-x86_64-mingw32/bin/../lib/gcc/nios2-elf/5.3.0/../../../../../H-x86_64-mingw32/nios2-elf/lib/mno-hw-mul\libc.a(lib_a-rand.o)
                              obj/default/Principal.o (srand)
d:/programas/intelfpga_lite/18.1/nios2eds/bin/gnu/h-x86_64-mingw32/bin/../lib/gcc/nios2-elf/5.3.0/../../../../../H-x86_64-mingw32/nios2-elf/lib/mno-hw-mul\libc.a(lib_a-impure.o)
                              d:/programas/intelfpga_lite/18.1/nios2eds/bin/gnu/h-x86_64-mingw32/bin/../lib/gcc/nios2-elf/5.3.0/../../../../../H-x86_64-mingw32/nios2-elf/lib/mno-hw-mul\libc.a(lib_a-rand.o) (_impure_ptr)
d:/programas/intelfpga_lite/18.1/nios2eds/bin/gnu/h-x86_64-mingw32/bin/../lib/gcc/nios2-elf/5.3.0/mno-hw-mul\libgcc.a(_muldi3.o)
                              d:/programas/intelfpga_lite/18.1/nios2eds/bin/gnu/h-x86_64-mingw32/bin/../lib/gcc/nios2-elf/5.3.0/../../../../../H-x86_64-mingw32/nios2-elf/lib/mno-hw-mul\libc.a(lib_a-rand.o) (__muldi3)
../TesteSoftware_bsp/\libhal_bsp.a(alt_load.o)
                              ../TesteSoftware_bsp//obj/HAL/src/crt0.o (alt_load)
../TesteSoftware_bsp/\libhal_bsp.a(alt_main.o)
                              ../TesteSoftware_bsp//obj/HAL/src/crt0.o (alt_main)
../TesteSoftware_bsp/\libhal_bsp.a(alt_sys_init.o)
                              ../TesteSoftware_bsp/\libhal_bsp.a(alt_main.o) (alt_irq_init)
../TesteSoftware_bsp/\libhal_bsp.a(altera_avalon_jtag_uart_fd.o)
                              ../TesteSoftware_bsp/\libhal_bsp.a(alt_sys_init.o) (altera_avalon_jtag_uart_read_fd)
../TesteSoftware_bsp/\libhal_bsp.a(altera_avalon_jtag_uart_init.o)
                              ../TesteSoftware_bsp/\libhal_bsp.a(alt_sys_init.o) (altera_avalon_jtag_uart_init)
../TesteSoftware_bsp/\libhal_bsp.a(altera_avalon_jtag_uart_ioctl.o)
                              ../TesteSoftware_bsp/\libhal_bsp.a(altera_avalon_jtag_uart_fd.o) (altera_avalon_jtag_uart_ioctl)
../TesteSoftware_bsp/\libhal_bsp.a(altera_avalon_jtag_uart_read.o)
                              ../TesteSoftware_bsp/\libhal_bsp.a(altera_avalon_jtag_uart_fd.o) (altera_avalon_jtag_uart_read)
../TesteSoftware_bsp/\libhal_bsp.a(altera_avalon_jtag_uart_write.o)
[...]
Memory Configuration

Name             Origin             Length             Attributes
MemoriaDados     0x0000000000000000 0x0000000000004000
reset            0x0000000000020000 0x0000000000000020
MemoriaPrograma  0x0000000000020020 0x000000000000ffe0
*default*        0x0000000000000000 0xffffffffffffffff

Linker script and memory map

LOAD ../TesteSoftware_bsp//obj/HAL/src/crt0.o
LOAD obj/default/Principal.o
LOAD d:/programas/intelfpga_lite/18.1/nios2eds/bin/gnu/h-x86_64-mingw32/bin/../lib/gcc/nios2-elf/5.3.0/../../../../../H-x86_64-mingw32/nios2-elf/lib/mno-hw-mul\libstdc++.a
LOAD d:/programas/intelfpga_lite/18.1/nios2eds/bin/gnu/h-x86_64-mingw32/bin/../lib/gcc/nios2-elf/5.3.0/../../../../../H-x86_64-mingw32/nios2-elf/lib/mno-hw-mul\libm.a
LOAD d:/programas/intelfpga_lite/18.1/nios2eds/bin/gnu/h-x86_64-mingw32/bin/../lib/gcc/nios2-elf/5.3.0/mno-hw-mul\libgcc.a
START GROUP
LOAD d:/programas/intelfpga_lite/18.1/nios2eds/bin/gnu/h-x86_64-mingw32/bin/../lib/gcc/nios2-elf/5.3.0/../../../../../H-x86_64-mingw32/nios2-elf/lib/mno-hw-mul\libc.a
LOAD d:/programas/intelfpga_lite/18.1/nios2eds/bin/gnu/h-x86_64-mingw32/bin/../lib/gcc/nios2-elf/5.3.0/mno-hw-mul\libgcc.a
LOAD ../TesteSoftware_bsp/\libhal_bsp.a
LOAD d:/programas/intelfpga_lite/18.1/nios2eds/bin/gnu/h-x86_64-mingw32/bin/../lib/gcc/nios2-elf/5.3.0/../../../../../H-x86_64-mingw32/nios2-elf/lib/mno-hw-mul\libm.a
END GROUP
LOAD d:/programas/intelfpga_lite/18.1/nios2eds/bin/gnu/h-x86_64-mingw32/bin/../lib/gcc/nios2-elf/5.3.0/mno-hw-mul\libgcc.a
                0x0000000000000000                __alt_mem_MemoriaDados = 0x0
                0x0000000000020000                __alt_mem_MemoriaPrograma = 0x20000

.entry          0x0000000000020000       0x20
 *(.entry)
 .entry         0x0000000000020000       0x20 ../TesteSoftware_bsp//obj/HAL/src/crt0.o
                0x0000000000020000                __reset

.exceptions     0x0000000000020020      0x210
                0x0000000000020020                PROVIDE (__ram_exceptions_start, ABSOLUTE (.))
                0x0000000000020020                . = ALIGN (0x20)
 *(.irq)
 *(.exceptions.entry.label)
 .exceptions.entry.label
                0x0000000000020020        0x0 ../TesteSoftware_bsp/\libhal_bsp.a(alt_irq_entry.o)
                0x0000000000020020                alt_irq_entry
 .exceptions.entry.label
                0x0000000000020020        0x0 ../TesteSoftware_bsp/\libhal_bsp.a(alt_exception_entry.o)
                0x0000000000020020                alt_exception
 *(.exceptions.entry.user)
 *(.exceptions.entry.ecc_fatal)
 *(.exceptions.entry)
 .exceptions.entry
                0x0000000000020020       0x54 ../TesteSoftware_bsp/\libhal_bsp.a(alt_exception_entry.o)
 *(.exceptions.irqtest.user)
 *(.exceptions.irqtest)
 .exceptions.irqtest
                0x0000000000020074       0x10 ../TesteSoftware_bsp/\libhal_bsp.a(alt_irq_entry.o)
 *(.exceptions.irqhandler.user)
 *(.exceptions.irqhandler)
 .exceptions.irqhandler
                0x0000000000020084        0x4 ../TesteSoftware_bsp/\libhal_bsp.a(alt_irq_entry.o)
 *(.exceptions.irqreturn.user)
 *(.exceptions.irqreturn)
 .exceptions.irqreturn
                0x0000000000020088        0x4 ../TesteSoftware_bsp/\libhal_bsp.a(alt_irq_entry.o)
 *(.exceptions.notirq.label)
 .exceptions.notirq.label
                0x000000000002008c        0x0 ../TesteSoftware_bsp/\libhal_bsp.a(alt_irq_entry.o)
 *(.exceptions.notirq.user)
 *(.exceptions.notirq)
 .exceptions.notirq
                0x000000000002008c        0x8 ../TesteSoftware_bsp/\libhal_bsp.a(alt_exception_entry.o)
 *(.exceptions.soft.user)
 *(.exceptions.soft)
 *(.exceptions.unknown.user)
 *(.exceptions.unknown)
 .exceptions.unknown
                0x0000000000020094       0x14 ../TesteSoftware_bsp/\libhal_bsp.a(alt_exception_entry.o)
 *(.exceptions.exit.label)
 .exceptions.exit.label
                0x00000000000200a8        0x0 ../TesteSoftware_bsp/\libhal_bsp.a(alt_irq_entry.o)
 .exceptions.exit.label
                0x00000000000200a8        0x0 ../TesteSoftware_bsp/\libhal_bsp.a(alt_exception_entry.o)
 *(.exceptions.exit.user)
 *(.exceptions.exit)
 .exceptions.exit
                0x00000000000200a8       0x54 ../TesteSoftware_bsp/\libhal_bsp.a(alt_exception_entry.o)
 *(.exceptions)
 .exceptions    0x00000000000200fc       0xd4 ../TesteSoftware_bsp/\libhal_bsp.a(alt_irq_handler.o)
                0x00000000000200fc                alt_irq_handler
 .exceptions    0x00000000000201d0       0x60 ../TesteSoftware_bsp/\libhal_bsp.a(alt_instruction_exception_entry.o)
                0x00000000000201d0                alt_instruction_exception_entry
                0x0000000000020230                PROVIDE (__ram_exceptions_end, ABSOLUTE (.))
                0x0000000000020020                PROVIDE (__flash_exceptions_start, LOADADDR (.exceptions))

.text           0x0000000000020230     0x4d54
                [!provide]                        PROVIDE (stext, ABSOLUTE (.))
 *(.interp)
 *(.hash)
 *(.dynsym)
 *(.dynstr)
 *(.gnu.version)
 *(.gnu.version_d)
 *(.gnu.version_r)
 *(.rel.init)
 *(.rela.init)
 *(.rel.text .rel.text.* .rel.gnu.linkonce.t.*)
 *(.rela.text .rela.text.* .rela.gnu.linkonce.t.*)
 *(.rel.fini)
 *(.rela.fini)
 *(.rel.rodata .rel.rodata.* .rel.gnu.linkonce.r.*)
 *(.rela.rodata .rela.rodata.* .rela.gnu.linkonce.r.*)
 *(.rel.data .rel.data.* .rel.gnu.linkonce.d.*)
 *(.rela.data .rela.data.* .rela.gnu.linkonce.d.*)
 *(.rel.tdata .rel.tdata.* .rel.gnu.linkonce.td.*)
 *(.rela.tdata .rela.tdata.* .rela.gnu.linkonce.td.*)
 *(.rel.tbss .rel.tbss.* .rel.gnu.linkonce.tb.*)
 *(.rela.tbss .rela.tbss.* .rela.gnu.linkonce.tb.*)
 *(.rel.ctors)
 *(.rela.ctors)
 *(.rel.dtors)
 *(.rela.dtors)
 *(.rel.got)
 *(.rela.got)
 *(.rel.sdata .rel.sdata.* .rel.gnu.linkonce.s.*)
 *(.rela.sdata .rela.sdata.* .rela.gnu.linkonce.s.*)
 *(.rel.sbss .rel.sbss.* .rel.gnu.linkonce.sb.*)
 *(.rela.sbss .rela.sbss.* .rela.gnu.linkonce.sb.*)
 *(.rel.sdata2 .rel.sdata2.* .rel.gnu.linkonce.s2.*)
 *(.rela.sdata2 .rela.sdata2.* .rela.gnu.linkonce.s2.*)
 *(.rel.sbss2 .rel.sbss2.* .rel.gnu.linkonce.sb2.*)
 *(.rela.sbss2 .rela.sbss2.* .rela.gnu.linkonce.sb2.*)
 *(.rel.bss .rel.bss.* .rel.gnu.linkonce.b.*)
 *(.rela.bss .rela.bss.* .rela.gnu.linkonce.b.*)
 *(.rel.plt)
 *(.rela.plt)
 *(.rel.dyn)
 *(.init)
 *(.plt)
 *(.text .stub .text.* .gnu.linkonce.t.*)
 .text          0x0000000000020230       0x3c ../TesteSoftware_bsp//obj/HAL/src/crt0.o
                0x0000000000020230                _start
 .text          0x000000000002026c     0x1114 obj/default/Principal.o
                0x000000000002026c                print_str
                0x00000000000202e8                print_int
                0x0000000000020324                print_float
                0x000000000002044c                pause_print_time
                0x00000000000204b0                stop_simulation
                0x00000000000204dc                copyConstants
                0x0000000000020594                computeConstants
                0x00000000000206d4                linearRegression
                0x0000000000020a8c                distSquarePointPoint
                0x0000000000020b68                main
 .text          0x0000000000021380      0x1b4 d:/programas/intelfpga_lite/18.1/nios2eds/bin/gnu/h-x86_64-mingw32/bin/../lib/gcc/nios2-elf/5.3.0/mno-hw-mul\libgcc.a(lib2-divmod.o)
                0x0000000000021380                __divsi3
                0x0000000000021404                __modsi3
                0x0000000000021478                __udivsi3
                0x00000000000214dc                __umodsi3
 .text          0x0000000000021534       0x28 d:/programas/intelfpga_lite/18.1/nios2eds/bin/gnu/h-x86_64-mingw32/bin/../lib/gcc/nios2-elf/5.3.0/mno-hw-mul\libgcc.a(lib2-mul.o)
                0x0000000000021534                __mulsi3
 .text          0x000000000002155c      0x4c8 d:/programas/intelfpga_lite/18.1/nios2eds/bin/gnu/h-x86_64-mingw32/bin/../lib/gcc/nios2-elf/5.3.0/mno-hw-mul\libgcc.a(addsf3.o)
                0x000000000002155c                __addsf3
 .text          0x0000000000021a24      0x440 d:/programas/intelfpga_lite/18.1/nios2eds/bin/gnu/h-x86_64-mingw32/bin/../lib/gcc/nios2-elf/5.3.0/mno-hw-mul\libgcc.a(divsf3.o)
                0x0000000000021a24                __divsf3
 .text          0x0000000000021e64       0xc8 d:/programas/intelfpga_lite/18.1/nios2eds/bin/gnu/h-x86_64-mingw32/bin/../lib/gcc/nios2-elf/5.3.0/mno-hw-mul\libgcc.a(lesf2.o)
                0x0000000000021e64                __ltsf2
                0x0000000000021e64                __lesf2
 .text          0x0000000000021f2c      0x430 d:/programas/intelfpga_lite/18.1/nios2eds/bin/gnu/h-x86_64-mingw32/bin/../lib/gcc/nios2-elf/5.3.0/mno-hw-mul\libgcc.a(mulsf3.o)
                0x0000000000021f2c                __mulsf3
 .text          0x000000000002235c      0x4e4 d:/programas/intelfpga_lite/18.1/nios2eds/bin/gnu/h-x86_64-mingw32/bin/../lib/gcc/nios2-elf/5.3.0/mno-hw-mul\libgcc.a(subsf3.o)
                0x000000000002235c                __subsf3
 .text          0x0000000000022840       0x70 d:/programas/intelfpga_lite/18.1/nios2eds/bin/gnu/h-x86_64-mingw32/bin/../lib/gcc/nios2-elf/5.3.0/mno-hw-mul\libgcc.a(fixsfsi.o)
                0x0000000000022840                __fixsfsi
 .text          0x00000000000228b0      0x124 d:/programas/intelfpga_lite/18.1/nios2eds/bin/gnu/h-x86_64-mingw32/bin/../lib/gcc/nios2-elf/5.3.0/mno-hw-mul\libgcc.a(floatsisf.o)
                0x00000000000228b0                __floatsisf
 .text          0x00000000000229d4       0xdc d:/programas/intelfpga_lite/18.1/nios2eds/bin/gnu/h-x86_64-mingw32/bin/../lib/gcc/nios2-elf/5.3.0/mno-hw-mul\libgcc.a(gedf2.o)
                0x00000000000229d4                __gedf2
                0x00000000000229d4                __gtdf2
 .text          0x0000000000022ab0       0xdc d:/programas/intelfpga_lite/18.1/nios2eds/bin/gnu/h-x86_64-mingw32/bin/../lib/gcc/nios2-elf/5.3.0/mno-hw-mul\libgcc.a(floatsidf.o)
                0x0000000000022ab0                __floatsidf
 .text          0x0000000000022b8c       0x64 d:/programas/intelfpga_lite/18.1/nios2eds/bin/gnu/h-x86_64-mingw32/bin/../lib/gcc/nios2-elf/5.3.0/mno-hw-mul\libgcc.a(_clzsi2.o)
                0x0000000000022b8c                __clzsi2
 .text          0x0000000000022bf0        0x0 d:/programas/intelfpga_lite/18.1/nios2eds/bin/gnu/h-x86_64-mingw32/bin/../lib/gcc/nios2-elf/5.3.0/mno-hw-mul\libgcc.a(_clz.o)
 .text          0x0000000000022bf0        0x0 d:/programas/intelfpga_lite/18.1/nios2eds/bin/gnu/h-x86_64-mingw32/bin/../lib/gcc/nios2-elf/5.3.0/../../../../../H-x86_64-mingw32/nios2-elf/lib/mno-hw-mul\libc.a(lib_a-rand.o)
 .text.srand    0x0000000000022bf0       0x18 d:/programas/intelfpga_lite/18.1/nios2eds/bin/gnu/h-x86_64-mingw32/bin/../lib/gcc/nios2-elf/5.3.0/../../../../../H-x86_64-mingw32/nios2-elf/lib/mno-hw-mul\libc.a(lib_a-rand.o)
                0x0000000000022bf0                srand
 .text.rand     0x0000000000022c08       0x64 d:/programas/intelfpga_lite/18.1/nios2eds/bin/gnu/h-x86_64-mingw32/bin/../lib/gcc/nios2-elf/5.3.0/../../../../../H-x86_64-mingw32/nios2-elf/lib/mno-hw-mul\libc.a(lib_a-rand.o)
                0x0000000000022c08                rand
 .text          0x0000000000022c6c        0x0 d:/programas/intelfpga_lite/18.1/nios2eds/bin/gnu/h-x86_64-mingw32/bin/../lib/gcc/nios2-elf/5.3.0/../../../../../H-x86_64-mingw32/nios2-elf/lib/mno-hw-mul\libc.a(lib_a-impure.o)
 .text          0x0000000000022c6c      0x10c d:/programas/intelfpga_lite/18.1/nios2eds/bin/gnu/h-x86_64-mingw32/bin/../lib/gcc/nios2-elf/5.3.0/mno-hw-mul\libgcc.a(_muldi3.o)
                0x0000000000022c6c                __muldi3
 .text          0x0000000000022d78       0xec ../TesteSoftware_bsp/\libhal_bsp.a(alt_load.o)
                0x0000000000022de0                alt_load
 .text          0x0000000000022e64       0x7c ../TesteSoftware_bsp/\libhal_bsp.a(alt_main.o)
                0x0000000000022e64                alt_main
 .text          0x0000000000022ee0       0xb4 ../TesteSoftware_bsp/\libhal_bsp.a(alt_sys_init.o)
                0x0000000000022f14                alt_irq_init
                0x0000000000022f4c                alt_sys_init
 .text          0x0000000000022f94      0x164 ../TesteSoftware_bsp/\libhal_bsp.a(altera_avalon_jtag_uart_fd.o)
                0x0000000000022f94                altera_avalon_jtag_uart_read_fd
                0x0000000000022ff4                altera_avalon_jtag_uart_write_fd
                0x0000000000023054                altera_avalon_jtag_uart_close_fd
                0x00000000000230a4                altera_avalon_jtag_uart_ioctl_fd
 .text          0x00000000000230f8      0x3d4 ../TesteSoftware_bsp/\libhal_bsp.a(altera_avalon_jtag_uart_init.o)
                0x00000000000230f8                altera_avalon_jtag_uart_init
                0x0000000000023464                altera_avalon_jtag_uart_close
 .text          0x00000000000234cc       0xf0 ../TesteSoftware_bsp/\libhal_bsp.a(altera_avalon_jtag_uart_ioctl.o)
                0x00000000000234cc                altera_avalon_jtag_uart_ioctl
 .text          0x00000000000235bc      0x21c ../TesteSoftware_bsp/\libhal_bsp.a(altera_avalon_jtag_uart_read.o)
                0x00000000000235bc                altera_avalon_jtag_uart_read
 .text          0x00000000000237d8      0x224 ../TesteSoftware_bsp/\libhal_bsp.a(altera_avalon_jtag_uart_write.o)
                0x00000000000237d8                altera_avalon_jtag_uart_write
 .text          0x00000000000239fc      0x12c ../TesteSoftware_bsp/\libhal_bsp.a(alt_alarm_start.o)
                0x00000000000239fc                alt_alarm_start
 .text          0x0000000000023b28      0x114 ../TesteSoftware_bsp/\libhal_bsp.a(alt_close.o)
                0x0000000000023b64                close
 .text          0x0000000000023c3c       0x20 ../TesteSoftware_bsp/\libhal_bsp.a(alt_dcache_flush_all.o)
                0x0000000000023c3c                alt_dcache_flush_all
 .text          0x0000000000023c5c       0x2c ../TesteSoftware_bsp/\libhal_bsp.a(alt_dev.o)
 .text          0x0000000000023c88       0xe0 ../TesteSoftware_bsp/\libhal_bsp.a(alt_dev_llist_insert.o)
                0x0000000000023cc4                alt_dev_llist_insert
 .text          0x0000000000023d68       0x60 ../TesteSoftware_bsp/\libhal_bsp.a(alt_do_ctors.o)
                0x0000000000023d68                _do_ctors
 .text          0x0000000000023dc8       0x60 ../TesteSoftware_bsp/\libhal_bsp.a(alt_do_dtors.o)
                0x0000000000023dc8                _do_dtors
 .text          0x0000000000023e28        0x0 ../TesteSoftware_bsp/\libhal_bsp.a(alt_errno.o)
 .text          0x0000000000023e28       0x20 ../TesteSoftware_bsp/\libhal_bsp.a(alt_icache_flush_all.o)
                0x0000000000023e28                alt_icache_flush_all
 .text          0x0000000000023e48      0x1b0 ../TesteSoftware_bsp/\libhal_bsp.a(alt_iic.o)
                0x0000000000023e48                alt_ic_isr_register
                0x0000000000023e98                alt_ic_irq_enable
                0x0000000000023f20                alt_ic_irq_disable
                0x0000000000023fac                alt_ic_irq_enabled
 .text          0x0000000000023ff8       0xf0 ../TesteSoftware_bsp/\libhal_bsp.a(alt_iic_isr_register.o)
                0x0000000000023ff8                alt_iic_isr_register
 .text          0x00000000000240e8      0x160 ../TesteSoftware_bsp/\libhal_bsp.a(alt_io_redirect.o)
                0x00000000000241cc                alt_io_redirect
 .text          0x0000000000024248        0x0 ../TesteSoftware_bsp/\libhal_bsp.a(alt_irq_entry.o)
 .text          0x0000000000024248        0x0 ../TesteSoftware_bsp/\libhal_bsp.a(alt_irq_handler.o)
 .text          0x0000000000024248        0x0 ../TesteSoftware_bsp/\libhal_bsp.a(alt_irq_vars.o)
 .text          0x0000000000024248      0x284 ../TesteSoftware_bsp/\libhal_bsp.a(alt_open.o)
                0x0000000000024370                open
 .text          0x00000000000244cc       0x84 ../TesteSoftware_bsp/\libhal_bsp.a(alt_release_fd.o)
                0x00000000000244cc                alt_release_fd
 .text          0x0000000000024550      0x1a4 ../TesteSoftware_bsp/\libhal_bsp.a(alt_tick.o)
                0x0000000000024550                alt_alarm_stop
                0x00000000000245ec                alt_tick
 .text          0x00000000000246f4       0x24 ../TesteSoftware_bsp/\libhal_bsp.a(altera_nios2_gen2_irq.o)
                0x00000000000246f4                altera_nios2_gen2_irq_init
 .text          0x0000000000024718        0x0 ../TesteSoftware_bsp/\libhal_bsp.a(alt_exception_entry.o)
 .text          0x0000000000024718       0x90 ../TesteSoftware_bsp/\libhal_bsp.a(alt_find_dev.o)
                0x0000000000024718                alt_find_dev
 .text          0x00000000000247a8      0x108 ../TesteSoftware_bsp/\libhal_bsp.a(alt_find_file.o)
                0x00000000000247a8                alt_find_file
 .text          0x00000000000248b0       0xc4 ../TesteSoftware_bsp/\libhal_bsp.a(alt_get_fd.o)
                0x00000000000248b0                alt_get_fd
 .text          0x0000000000024974       0x9c ../TesteSoftware_bsp/\libhal_bsp.a(alt_instruction_exception_entry.o)
                0x0000000000024974                alt_exception_cause_generated_bad_addr
 .text          0x0000000000024a10        0x0 d:/programas/intelfpga_lite/18.1/nios2eds/bin/gnu/h-x86_64-mingw32/bin/../lib/gcc/nios2-elf/5.3.0/../../../../../H-x86_64-mingw32/nios2-elf/lib/mno-hw-mul\libc.a(lib_a-atexit.o)
 .text.atexit   0x0000000000024a10       0x14 d:/programas/intelfpga_lite/18.1/nios2eds/bin/gnu/h-x86_64-mingw32/bin/../lib/gcc/nios2-elf/5.3.0/../../../../../H-x86_64-mingw32/nios2-elf/lib/mno-hw-mul\libc.a(lib_a-atexit.o)
                0x0000000000024a10                atexit
 .text          0x0000000000024a24        0x0 d:/programas/intelfpga_lite/18.1/nios2eds/bin/gnu/h-x86_64-mingw32/bin/../lib/gcc/nios2-elf/5.3.0/../../../../../H-x86_64-mingw32/nios2-elf/lib/mno-hw-mul\libc.a(lib_a-exit.o)
 .text.exit     0x0000000000024a24       0x38 d:/programas/intelfpga_lite/18.1/nios2eds/bin/gnu/h-x86_64-mingw32/bin/../lib/gcc/nios2-elf/5.3.0/../../../../../H-x86_64-mingw32/nios2-elf/lib/mno-hw-mul\libc.a(lib_a-exit.o)
                0x0000000000024a24                exit
 .text          0x0000000000024a5c        0x0 d:/programas/intelfpga_lite/18.1/nios2eds/bin/gnu/h-x86_64-mingw32/bin/../lib/gcc/nios2-elf/5.3.0/../../../../../H-x86_64-mingw32/nios2-elf/lib/mno-hw-mul\libc.a(lib_a-int_errno.o)
 .text          0x0000000000024a5c        0x0 d:/programas/intelfpga_lite/18.1/nios2eds/bin/gnu/h-x86_64-mingw32/bin/../lib/gcc/nios2-elf/5.3.0/../../../../../H-x86_64-mingw32/nios2-elf/lib/mno-hw-mul\libc.a(lib_a-memcmp.o)
 .text.memcmp   0x0000000000024a5c       0x7c d:/programas/intelfpga_lite/18.1/nios2eds/bin/gnu/h-x86_64-mingw32/bin/../lib/gcc/nios2-elf/5.3.0/../../../../../H-x86_64-mingw32/nios2-elf/lib/mno-hw-mul\libc.a(lib_a-memcmp.o)
                0x0000000000024a5c                memcmp
 .text          0x0000000000024ad8        0x0 d:/programas/intelfpga_lite/18.1/nios2eds/bin/gnu/h-x86_64-mingw32/bin/../lib/gcc/nios2-elf/5.3.0/../../../../../H-x86_64-mingw32/nios2-elf/lib/mno-hw-mul\libc.a(lib_a-memcpy.o)
 .text.memcpy   0x0000000000024ad8      0x148 d:/programas/intelfpga_lite/18.1/nios2eds/bin/gnu/h-x86_64-mingw32/bin/../lib/gcc/nios2-elf/5.3.0/../../../../../H-x86_64-mingw32/nios2-elf/lib/mno-hw-mul\libc.a(lib_a-memcpy.o)
                0x0000000000024ad8                memcpy
 .text          0x0000000000024c20        0x0 d:/programas/intelfpga_lite/18.1/nios2eds/bin/gnu/h-x86_64-mingw32/bin/../lib/gcc/nios2-elf/5.3.0/../../../../../H-x86_64-mingw32/nios2-elf/lib/mno-hw-mul\libc.a(lib_a-strlen.o)
 .text.strlen   0x0000000000024c20       0x98 d:/programas/intelfpga_lite/18.1/nios2eds/bin/gnu/h-x86_64-mingw32/bin/../lib/gcc/nios2-elf/5.3.0/../../../../../H-x86_64-mingw32/nios2-elf/lib/mno-hw-mul\libc.a(lib_a-strlen.o)
                0x0000000000024c20                strlen
 .text          0x0000000000024cb8        0x0 d:/programas/intelfpga_lite/18.1/nios2eds/bin/gnu/h-x86_64-mingw32/bin/../lib/gcc/nios2-elf/5.3.0/../../../../../H-x86_64-mingw32/nios2-elf/lib/mno-hw-mul\libc.a(lib_a-__atexit.o)
 .text.__register_exitproc
                0x0000000000024cb8      0x118 d:/programas/intelfpga_lite/18.1/nios2eds/bin/gnu/h-x86_64-mingw32/bin/../lib/gcc/nios2-elf/5.3.0/../../../../../H-x86_64-mingw32/nios2-elf/lib/mno-hw-mul\libc.a(lib_a-__atexit.o)
                0x0000000000024cb8                __register_exitproc
 .text          0x0000000000024dd0        0x0 d:/programas/intelfpga_lite/18.1/nios2eds/bin/gnu/h-x86_64-mingw32/bin/../lib/gcc/nios2-elf/5.3.0/../../../../../H-x86_64-mingw32/nios2-elf/lib/mno-hw-mul\libc.a(lib_a-__call_atexit.o)
 .text.__call_exitprocs
                0x0000000000024dd0      0x180 d:/programas/intelfpga_lite/18.1/nios2eds/bin/gnu/h-x86_64-mingw32/bin/../lib/gcc/nios2-elf/5.3.0/../../../../../H-x86_64-mingw32/nios2-elf/lib/mno-hw-mul\libc.a(lib_a-__call_atexit.o)
                0x0000000000024dd0                __call_exitprocs
 .text          0x0000000000024f50       0x34 ../TesteSoftware_bsp/\libhal_bsp.a(alt_exit.o)
                0x0000000000024f50                _exit
 *(.gnu.warning.*)
 *(.fini)
                [!provide]                        PROVIDE (__etext, ABSOLUTE (.))
                [!provide]                        PROVIDE (_etext, ABSOLUTE (.))
                [!provide]                        PROVIDE (etext, ABSOLUTE (.))
 *(.eh_frame_hdr)
                0x0000000000024f84                . = ALIGN (0x4)
                [!provide]                        PROVIDE (__preinit_array_start, ABSOLUTE (.))
 *(.preinit_array)
                [!provide]                        PROVIDE (__preinit_array_end, ABSOLUTE (.))
                [!provide]                        PROVIDE (__init_array_start, ABSOLUTE (.))
 *(.init_array)
                [!provide]                        PROVIDE (__init_array_end, ABSOLUTE (.))
                [!provide]                        PROVIDE (__fini_array_start, ABSOLUTE (.))
 *(.fini_array)
                [!provide]                        PROVIDE (__fini_array_end, ABSOLUTE (.))
 *(.eh_frame)
 *(.gcc_except_table .gcc_except_table.*)
 *(.dynamic)
                0x0000000000024f84                PROVIDE (__CTOR_LIST__, ABSOLUTE (.))
 *(.ctors)
 *(SORT(.ctors.*))
                0x0000000000024f84                PROVIDE (__CTOR_END__, ABSOLUTE (.))
                0x0000000000024f84                PROVIDE (__DTOR_LIST__, ABSOLUTE (.))
 *(.dtors)
 *(SORT(.dtors.*))
                0x0000000000024f84                PROVIDE (__DTOR_END__, ABSOLUTE (.))
 *(.jcr)
                0x0000000000024f84                . = ALIGN (0x4)

.rodata         0x0000000000024f84      0x590
                0x0000000000024f84                PROVIDE (__ram_rodata_start, ABSOLUTE (.))
                0x0000000000024f84                . = ALIGN (0x4)
 *(.rodata .rodata.* .gnu.linkonce.r.*)
 .rodata        0x0000000000024f84      0x45f obj/default/Principal.o
                0x0000000000024f84                data_points_
 .rodata        0x00000000000253e3      0x100 d:/programas/intelfpga_lite/18.1/nios2eds/bin/gnu/h-x86_64-mingw32/bin/../lib/gcc/nios2-elf/5.3.0/mno-hw-mul\libgcc.a(_clz.o)
                0x00000000000253e3                __clz_tab
 *fill*         0x00000000000254e3        0x1 
 .rodata.str1.4
                0x00000000000254e4        0x4 d:/programas/intelfpga_lite/18.1/nios2eds/bin/gnu/h-x86_64-mingw32/bin/../lib/gcc/nios2-elf/5.3.0/../../../../../H-x86_64-mingw32/nios2-elf/lib/mno-hw-mul\libc.a(lib_a-impure.o)
                                          0x2 (size before relaxing)
 .rodata        0x00000000000254e8        0xf ../TesteSoftware_bsp/\libhal_bsp.a(alt_main.o)
 *fill*         0x00000000000254f7        0x1 
 .rodata        0x00000000000254f8        0xf ../TesteSoftware_bsp/\libhal_bsp.a(alt_sys_init.o)
 *fill*         0x0000000000025507        0x1 
 .rodata        0x0000000000025508        0xa ../TesteSoftware_bsp/\libhal_bsp.a(alt_dev.o)
 *(.rodata1)
                0x0000000000025514                . = ALIGN (0x4)
 *fill*         0x0000000000025512        0x2 
                0x0000000000025514                PROVIDE (__ram_rodata_end, ABSOLUTE (.))
                0x0000000000024f84                PROVIDE (__flash_rodata_start, LOADADDR (.rodata))

.rwdata         0x0000000000025514     0x1658 load address 0x0000000000026b6c
                0x0000000000025514                PROVIDE (__ram_rwdata_start, ABSOLUTE (.))
                0x0000000000025514                . = ALIGN (0x4)
 *(.got.plt)
 *(.got)
 *(.data1)
 *(.data .data.* .gnu.linkonce.d.*)
 .data          0x0000000000025514        0x0 ../TesteSoftware_bsp//obj/HAL/src/crt0.o
 .data          0x0000000000025514        0x0 obj/default/Principal.o
 .data          0x0000000000025514        0x0 d:/programas/intelfpga_lite/18.1/nios2eds/bin/gnu/h-x86_64-mingw32/bin/../lib/gcc/nios2-elf/5.3.0/mno-hw-mul\libgcc.a(lib2-divmod.o)
 .data          0x0000000000025514        0x0 d:/programas/intelfpga_lite/18.1/nios2eds/bin/gnu/h-x86_64-mingw32/bin/../lib/gcc/nios2-elf/5.3.0/mno-hw-mul\libgcc.a(lib2-mul.o)
 .data          0x0000000000025514        0x0 d:/programas/intelfpga_lite/18.1/nios2eds/bin/gnu/h-x86_64-mingw32/bin/../lib/gcc/nios2-elf/5.3.0/mno-hw-mul\libgcc.a(addsf3.o)
 .data          0x0000000000025514        0x0 d:/programas/intelfpga_lite/18.1/nios2eds/bin/gnu/h-x86_64-mingw32/bin/../lib/gcc/nios2-elf/5.3.0/mno-hw-mul\libgcc.a(divsf3.o)
 .data          0x0000000000025514        0x0 d:/programas/intelfpga_lite/18.1/nios2eds/bin/gnu/h-x86_64-mingw32/bin/../lib/gcc/nios2-elf/5.3.0/mno-hw-mul\libgcc.a(lesf2.o)
 .data          0x0000000000025514        0x0 d:/programas/intelfpga_lite/18.1/nios2eds/bin/gnu/h-x86_64-mingw32/bin/../lib/gcc/nios2-elf/5.3.0/mno-hw-mul\libgcc.a(mulsf3.o)
 .data          0x0000000000025514        0x0 d:/programas/intelfpga_lite/18.1/nios2eds/bin/gnu/h-x86_64-mingw32/bin/../lib/gcc/nios2-elf/5.3.0/mno-hw-mul\libgcc.a(subsf3.o)
 .data          0x0000000000025514        0x0 d:/programas/intelfpga_lite/18.1/nios2eds/bin/gnu/h-x86_64-mingw32/bin/../lib/gcc/nios2-elf/5.3.0/mno-hw-mul\libgcc.a(fixsfsi.o)
 .data          0x0000000000025514        0x0 d:/programas/intelfpga_lite/18.1/nios2eds/bin/gnu/h-x86_64-mingw32/bin/../lib/gcc/nios2-elf/5.3.0/mno-hw-mul\libgcc.a(floatsisf.o)
 .data          0x0000000000025514        0x0 d:/programas/intelfpga_lite/18.1/nios2eds/bin/gnu/h-x86_64-mingw32/bin/../lib/gcc/nios2-elf/5.3.0/mno-hw-mul\libgcc.a(gedf2.o)
 .data          0x0000000000025514        0x0 d:/programas/intelfpga_lite/18.1/nios2eds/bin/gnu/h-x86_64-mingw32/bin/../lib/gcc/nios2-elf/5.3.0/mno-hw-mul\libgcc.a(floatsidf.o)
 .data          0x0000000000025514        0x0 d:/programas/intelfpga_lite/18.1/nios2eds/bin/gnu/h-x86_64-mingw32/bin/../lib/gcc/nios2-elf/5.3.0/mno-hw-mul\libgcc.a(_clzsi2.o)
 .data          0x0000000000025514        0x0 d:/programas/intelfpga_lite/18.1/nios2eds/bin/gnu/h-x86_64-mingw32/bin/../lib/gcc/nios2-elf/5.3.0/mno-hw-mul\libgcc.a(_clz.o)
 .data          0x0000000000025514        0x0 d:/programas/intelfpga_lite/18.1/nios2eds/bin/gnu/h-x86_64-mingw32/bin/../lib/gcc/nios2-elf/5.3.0/../../../../../H-x86_64-mingw32/nios2-elf/lib/mno-hw-mul\libc.a(lib_a-rand.o)
 .data          0x0000000000025514        0x0 d:/programas/intelfpga_lite/18.1/nios2eds/bin/gnu/h-x86_64-mingw32/bin/../lib/gcc/nios2-elf/5.3.0/../../../../../H-x86_64-mingw32/nios2-elf/lib/mno-hw-mul\libc.a(lib_a-impure.o)
 .data.impure_data
                0x0000000000025514      0x424 d:/programas/intelfpga_lite/18.1/nios2eds/bin/gnu/h-x86_64-mingw32/bin/../lib/gcc/nios2-elf/5.3.0/../../../../../H-x86_64-mingw32/nios2-elf/lib/mno-hw-mul\libc.a(lib_a-impure.o)
 .data          0x0000000000025938        0x0 d:/programas/intelfpga_lite/18.1/nios2eds/bin/gnu/h-x86_64-mingw32/bin/../lib/gcc/nios2-elf/5.3.0/mno-hw-mul\libgcc.a(_muldi3.o)
 .data          0x0000000000025938        0x0 ../TesteSoftware_bsp/\libhal_bsp.a(alt_load.o)
 .data          0x0000000000025938        0x0 ../TesteSoftware_bsp/\libhal_bsp.a(alt_main.o)
 .data          0x0000000000025938     0x1060 ../TesteSoftware_bsp/\libhal_bsp.a(alt_sys_init.o)
 .data          0x0000000000026998        0x0 ../TesteSoftware_bsp/\libhal_bsp.a(altera_avalon_jtag_uart_fd.o)
 .data          0x0000000000026998        0x0 ../TesteSoftware_bsp/\libhal_bsp.a(altera_avalon_jtag_uart_init.o)
 .data          0x0000000000026998        0x0 ../TesteSoftware_bsp/\libhal_bsp.a(altera_avalon_jtag_uart_ioctl.o)
 .data          0x0000000000026998        0x0 ../TesteSoftware_bsp/\libhal_bsp.a(altera_avalon_jtag_uart_read.o)
 .data          0x0000000000026998        0x0 ../TesteSoftware_bsp/\libhal_bsp.a(altera_avalon_jtag_uart_write.o)
 .data          0x0000000000026998        0x0 ../TesteSoftware_bsp/\libhal_bsp.a(alt_alarm_start.o)
 .data          0x0000000000026998        0x0 ../TesteSoftware_bsp/\libhal_bsp.a(alt_close.o)
 .data          0x0000000000026998        0x0 ../TesteSoftware_bsp/\libhal_bsp.a(alt_dcache_flush_all.o)
 .data          0x0000000000026998      0x1a8 ../TesteSoftware_bsp/\libhal_bsp.a(alt_dev.o)
                0x0000000000026998                alt_dev_null
                0x00000000000269c0                alt_fd_list
 .data          0x0000000000026b40        0x0 ../TesteSoftware_bsp/\libhal_bsp.a(alt_dev_llist_insert.o)
 .data          0x0000000000026b40        0x0 ../TesteSoftware_bsp/\libhal_bsp.a(alt_do_ctors.o)
 .data          0x0000000000026b40        0x0 ../TesteSoftware_bsp/\libhal_bsp.a(alt_do_dtors.o)
 .data          0x0000000000026b40        0x0 ../TesteSoftware_bsp/\libhal_bsp.a(alt_errno.o)
 .data          0x0000000000026b40        0x0 ../TesteSoftware_bsp/\libhal_bsp.a(alt_icache_flush_all.o)
 .data          0x0000000000026b40        0x0 ../TesteSoftware_bsp/\libhal_bsp.a(alt_iic.o)
 .data          0x0000000000026b40        0x0 ../TesteSoftware_bsp/\libhal_bsp.a(alt_iic_isr_register.o)
 .data          0x0000000000026b40        0x0 ../TesteSoftware_bsp/\libhal_bsp.a(alt_io_redirect.o)
 .data          0x0000000000026b40        0x0 ../TesteSoftware_bsp/\libhal_bsp.a(alt_irq_entry.o)
 .data          0x0000000000026b40        0x0 ../TesteSoftware_bsp/\libhal_bsp.a(alt_irq_handler.o)
 .data          0x0000000000026b40        0x0 ../TesteSoftware_bsp/\libhal_bsp.a(alt_irq_vars.o)
 .data          0x0000000000026b40        0x0 ../TesteSoftware_bsp/\libhal_bsp.a(alt_open.o)
 .data          0x0000000000026b40        0x0 ../TesteSoftware_bsp/\libhal_bsp.a(alt_release_fd.o)
 .data          0x0000000000026b40        0x0 ../TesteSoftware_bsp/\libhal_bsp.a(alt_tick.o)
 .data          0x0000000000026b40        0x0 ../TesteSoftware_bsp/\libhal_bsp.a(altera_nios2_gen2_irq.o)
 .data          0x0000000000026b40        0x0 ../TesteSoftware_bsp/\libhal_bsp.a(alt_exception_entry.o)
 .data          0x0000000000026b40        0x0 ../TesteSoftware_bsp/\libhal_bsp.a(alt_find_dev.o)
 .data          0x0000000000026b40        0x0 ../TesteSoftware_bsp/\libhal_bsp.a(alt_find_file.o)
 .data          0x0000000000026b40        0x0 ../TesteSoftware_bsp/\libhal_bsp.a(alt_get_fd.o)
 .data          0x0000000000026b40        0x0 ../TesteSoftware_bsp/\libhal_bsp.a(alt_instruction_exception_entry.o)
 .data          0x0000000000026b40        0x0 d:/programas/intelfpga_lite/18.1/nios2eds/bin/gnu/h-x86_64-mingw32/bin/../lib/gcc/nios2-elf/5.3.0/../../../../../H-x86_64-mingw32/nios2-elf/lib/mno-hw-mul\libc.a(lib_a-atexit.o)
 .data          0x0000000000026b40        0x0 d:/programas/intelfpga_lite/18.1/nios2eds/bin/gnu/h-x86_64-mingw32/bin/../lib/gcc/nios2-elf/5.3.0/../../../../../H-x86_64-mingw32/nios2-elf/lib/mno-hw-mul\libc.a(lib_a-exit.o)
 .data          0x0000000000026b40        0x0 d:/programas/intelfpga_lite/18.1/nios2eds/bin/gnu/h-x86_64-mingw32/bin/../lib/gcc/nios2-elf/5.3.0/../../../../../H-x86_64-mingw32/nios2-elf/lib/mno-hw-mul\libc.a(lib_a-int_errno.o)
 .data          0x0000000000026b40        0x0 d:/programas/intelfpga_lite/18.1/nios2eds/bin/gnu/h-x86_64-mingw32/bin/../lib/gcc/nios2-elf/5.3.0/../../../../../H-x86_64-mingw32/nios2-elf/lib/mno-hw-mul\libc.a(lib_a-memcmp.o)
 .data          0x0000000000026b40        0x0 d:/programas/intelfpga_lite/18.1/nios2eds/bin/gnu/h-x86_64-mingw32/bin/../lib/gcc/nios2-elf/5.3.0/../../../../../H-x86_64-mingw32/nios2-elf/lib/mno-hw-mul\libc.a(lib_a-memcpy.o)
 .data          0x0000000000026b40        0x0 d:/programas/intelfpga_lite/18.1/nios2eds/bin/gnu/h-x86_64-mingw32/bin/../lib/gcc/nios2-elf/5.3.0/../../../../../H-x86_64-mingw32/nios2-elf/lib/mno-hw-mul\libc.a(lib_a-strlen.o)
 .data          0x0000000000026b40        0x0 d:/programas/intelfpga_lite/18.1/nios2eds/bin/gnu/h-x86_64-mingw32/bin/../lib/gcc/nios2-elf/5.3.0/../../../../../H-x86_64-mingw32/nios2-elf/lib/mno-hw-mul\libc.a(lib_a-__atexit.o)
 .data          0x0000000000026b40        0x0 d:/programas/intelfpga_lite/18.1/nios2eds/bin/gnu/h-x86_64-mingw32/bin/../lib/gcc/nios2-elf/5.3.0/../../../../../H-x86_64-mingw32/nios2-elf/lib/mno-hw-mul\libc.a(lib_a-__call_atexit.o)
 .data          0x0000000000026b40        0x0 ../TesteSoftware_bsp/\libhal_bsp.a(alt_exit.o)
                0x000000000002eb40                _gp = ABSOLUTE ((. + 0x8000))
                [!provide]                        PROVIDE (gp, _gp)
 *(.rwdata .rwdata.*)
 *(.sdata .sdata.* .gnu.linkonce.s.*)
 .sdata._global_impure_ptr
                0x0000000000026b40        0x4 d:/programas/intelfpga_lite/18.1/nios2eds/bin/gnu/h-x86_64-mingw32/bin/../lib/gcc/nios2-elf/5.3.0/../../../../../H-x86_64-mingw32/nios2-elf/lib/mno-hw-mul\libc.a(lib_a-impure.o)
                0x0000000000026b40                _global_impure_ptr
 .sdata._impure_ptr
                0x0000000000026b44        0x4 d:/programas/intelfpga_lite/18.1/nios2eds/bin/gnu/h-x86_64-mingw32/bin/../lib/gcc/nios2-elf/5.3.0/../../../../../H-x86_64-mingw32/nios2-elf/lib/mno-hw-mul\libc.a(lib_a-impure.o)
                0x0000000000026b44                _impure_ptr
 .sdata         0x0000000000026b48       0x14 ../TesteSoftware_bsp/\libhal_bsp.a(alt_dev.o)
                0x0000000000026b48                alt_fs_list
                0x0000000000026b50                alt_dev_list
                0x0000000000026b58                alt_max_fd
 .sdata         0x0000000000026b5c        0x4 ../TesteSoftware_bsp/\libhal_bsp.a(alt_errno.o)
                0x0000000000026b5c                alt_errno
 .sdata         0x0000000000026b60        0x4 ../TesteSoftware_bsp/\libhal_bsp.a(alt_irq_vars.o)
                0x0000000000026b60                alt_priority_mask
 .sdata         0x0000000000026b64        0x8 ../TesteSoftware_bsp/\libhal_bsp.a(alt_tick.o)
                0x0000000000026b64                alt_alarm_list
 *(.sdata2 .sdata2.* .gnu.linkonce.s2.*)
                0x0000000000026b6c                . = ALIGN (0x4)
                0x0000000000026b6c                _edata = ABSOLUTE (.)
                [!provide]                        PROVIDE (edata, ABSOLUTE (.))
                0x0000000000026b6c                PROVIDE (__ram_rwdata_end, ABSOLUTE (.))
                0x0000000000026b6c                PROVIDE (__flash_rwdata_start, LOADADDR (.rwdata))

.bss            0x00000000000281c4      0x2d0
                0x00000000000281c4                __bss_start = ABSOLUTE (.)
                [!provide]                        PROVIDE (__sbss_start, ABSOLUTE (.))
                [!provide]                        PROVIDE (___sbss_start, ABSOLUTE (.))
 *(.dynsbss)
 *(.sbss .sbss.* .gnu.linkonce.sb.*)
 .sbss          0x00000000000281c4        0xc ../TesteSoftware_bsp/\libhal_bsp.a(alt_main.o)
                0x00000000000281c4                alt_argc
                0x00000000000281c8                alt_argv
                0x00000000000281cc                alt_envp
 .sbss          0x00000000000281d0        0x4 ../TesteSoftware_bsp/\libhal_bsp.a(alt_irq_vars.o)
                0x00000000000281d0                alt_irq_active
 .sbss          0x00000000000281d4        0x8 ../TesteSoftware_bsp/\libhal_bsp.a(alt_tick.o)
                0x00000000000281d4                _alt_tick_rate
                0x00000000000281d8                _alt_nticks
 .sbss          0x00000000000281dc        0x4 ../TesteSoftware_bsp/\libhal_bsp.a(alt_instruction_exception_entry.o)
                0x00000000000281dc                alt_instruction_exception_handler
 .sbss          0x00000000000281e0        0x4 d:/programas/intelfpga_lite/18.1/nios2eds/bin/gnu/h-x86_64-mingw32/bin/../lib/gcc/nios2-elf/5.3.0/../../../../../H-x86_64-mingw32/nios2-elf/lib/mno-hw-mul\libc.a(lib_a-int_errno.o)
                0x00000000000281e0                errno
 *(.sbss2 .sbss2.* .gnu.linkonce.sb2.*)
 *(.scommon)
                [!provide]                        PROVIDE (__sbss_end, ABSOLUTE (.))
                [!provide]                        PROVIDE (___sbss_end, ABSOLUTE (.))
 *(.dynbss)
 *(.bss .bss.* .gnu.linkonce.b.*)
 .bss           0x00000000000281e4        0x0 ../TesteSoftware_bsp//obj/HAL/src/crt0.o
 .bss           0x00000000000281e4      0x1af obj/default/Principal.o
                0x00000000000281e4                inlier_mask_
 .bss           0x0000000000028393        0x0 d:/programas/intelfpga_lite/18.1/nios2eds/bin/gnu/h-x86_64-mingw32/bin/../lib/gcc/nios2-elf/5.3.0/mno-hw-mul\libgcc.a(lib2-divmod.o)
 .bss           0x0000000000028393        0x0 d:/programas/intelfpga_lite/18.1/nios2eds/bin/gnu/h-x86_64-mingw32/bin/../lib/gcc/nios2-elf/5.3.0/mno-hw-mul\libgcc.a(lib2-mul.o)
 .bss           0x0000000000028393        0x0 d:/programas/intelfpga_lite/18.1/nios2eds/bin/gnu/h-x86_64-mingw32/bin/../lib/gcc/nios2-elf/5.3.0/mno-hw-mul\libgcc.a(addsf3.o)
 .bss           0x0000000000028393        0x0 d:/programas/intelfpga_lite/18.1/nios2eds/bin/gnu/h-x86_64-mingw32/bin/../lib/gcc/nios2-elf/5.3.0/mno-hw-mul\libgcc.a(divsf3.o)
 .bss           0x0000000000028393        0x0 d:/programas/intelfpga_lite/18.1/nios2eds/bin/gnu/h-x86_64-mingw32/bin/../lib/gcc/nios2-elf/5.3.0/mno-hw-mul\libgcc.a(lesf2.o)
 .bss           0x0000000000028393        0x0 d:/programas/intelfpga_lite/18.1/nios2eds/bin/gnu/h-x86_64-mingw32/bin/../lib/gcc/nios2-elf/5.3.0/mno-hw-mul\libgcc.a(mulsf3.o)
 .bss           0x0000000000028393        0x0 d:/programas/intelfpga_lite/18.1/nios2eds/bin/gnu/h-x86_64-mingw32/bin/../lib/gcc/nios2-elf/5.3.0/mno-hw-mul\libgcc.a(subsf3.o)
 .bss           0x0000000000028393        0x0 d:/programas/intelfpga_lite/18.1/nios2eds/bin/gnu/h-x86_64-mingw32/bin/../lib/gcc/nios2-elf/5.3.0/mno-hw-mul\libgcc.a(fixsfsi.o)
 .bss           0x0000000000028393        0x0 d:/programas/intelfpga_lite/18.1/nios2eds/bin/gnu/h-x86_64-mingw32/bin/../lib/gcc/nios2-elf/5.3.0/mno-hw-mul\libgcc.a(floatsisf.o)
 .bss           0x0000000000028393        0x0 d:/programas/intelfpga_lite/18.1/nios2eds/bin/gnu/h-x86_64-mingw32/bin/../lib/gcc/nios2-elf/5.3.0/mno-hw-mul\libgcc.a(gedf2.o)
 .bss           0x0000000000028393        0x0 d:/programas/intelfpga_lite/18.1/nios2eds/bin/gnu/h-x86_64-mingw32/bin/../lib/gcc/nios2-elf/5.3.0/mno-hw-mul\libgcc.a(floatsidf.o)
 .bss           0x0000000000028393        0x0 d:/programas/intelfpga_lite/18.1/nios2eds/bin/gnu/h-x86_64-mingw32/bin/../lib/gcc/nios2-elf/5.3.0/mno-hw-mul\libgcc.a(_clzsi2.o)
 .bss           0x0000000000028393        0x0 d:/programas/intelfpga_lite/18.1/nios2eds/bin/gnu/h-x86_64-mingw32/bin/../lib/gcc/nios2-elf/5.3.0/mno-hw-mul\libgcc.a(_clz.o)
 .bss           0x0000000000028393        0x0 d:/programas/intelfpga_lite/18.1/nios2eds/bin/gnu/h-x86_64-mingw32/bin/../lib/gcc/nios2-elf/5.3.0/../../../../../H-x86_64-mingw32/nios2-elf/lib/mno-hw-mul\libc.a(lib_a-rand.o)
 .bss           0x0000000000028393        0x0 d:/programas/intelfpga_lite/18.1/nios2eds/bin/gnu/h-x86_64-mingw32/bin/../lib/gcc/nios2-elf/5.3.0/../../../../../H-x86_64-mingw32/nios2-elf/lib/mno-hw-mul\libc.a(lib_a-impure.o)
 .bss           0x0000000000028393        0x0 d:/programas/intelfpga_lite/18.1/nios2eds/bin/gnu/h-x86_64-mingw32/bin/../lib/gcc/nios2-elf/5.3.0/mno-hw-mul\libgcc.a(_muldi3.o)
 .bss           0x0000000000028393        0x0 ../TesteSoftware_bsp/\libhal_bsp.a(alt_load.o)
 .bss           0x0000000000028393        0x0 ../TesteSoftware_bsp/\libhal_bsp.a(alt_main.o)
 .bss           0x0000000000028393        0x0 ../TesteSoftware_bsp/\libhal_bsp.a(alt_sys_init.o)
 .bss           0x0000000000028393        0x0 ../TesteSoftware_bsp/\libhal_bsp.a(altera_avalon_jtag_uart_fd.o)
 .bss           0x0000000000028393        0x0 ../TesteSoftware_bsp/\libhal_bsp.a(altera_avalon_jtag_uart_init.o)
 .bss           0x0000000000028393        0x0 ../TesteSoftware_bsp/\libhal_bsp.a(altera_avalon_jtag_uart_ioctl.o)
 .bss           0x0000000000028393        0x0 ../TesteSoftware_bsp/\libhal_bsp.a(altera_avalon_jtag_uart_read.o)
 .bss           0x0000000000028393        0x0 ../TesteSoftware_bsp/\libhal_bsp.a(altera_avalon_jtag_uart_write.o)
 .bss           0x0000000000028393        0x0 ../TesteSoftware_bsp/\libhal_bsp.a(alt_alarm_start.o)
 .bss           0x0000000000028393        0x0 ../TesteSoftware_bsp/\libhal_bsp.a(alt_close.o)
 .bss           0x0000000000028393        0x0 ../TesteSoftware_bsp/\libhal_bsp.a(alt_dcache_flush_all.o)
 .bss           0x0000000000028393        0x0 ../TesteSoftware_bsp/\libhal_bsp.a(alt_dev.o)
 .bss           0x0000000000028393        0x0 ../TesteSoftware_bsp/\libhal_bsp.a(alt_dev_llist_insert.o)
 .bss           0x0000000000028393        0x0 ../TesteSoftware_bsp/\libhal_bsp.a(alt_do_ctors.o)
 .bss           0x0000000000028393        0x0 ../TesteSoftware_bsp/\libhal_bsp.a(alt_do_dtors.o)
 .bss           0x0000000000028393        0x0 ../TesteSoftware_bsp/\libhal_bsp.a(alt_errno.o)
 .bss           0x0000000000028393        0x0 ../TesteSoftware_bsp/\libhal_bsp.a(alt_icache_flush_all.o)
 .bss           0x0000000000028393        0x0 ../TesteSoftware_bsp/\libhal_bsp.a(alt_iic.o)
 .bss           0x0000000000028393        0x0 ../TesteSoftware_bsp/\libhal_bsp.a(alt_iic_isr_register.o)
 .bss           0x0000000000028393        0x0 ../TesteSoftware_bsp/\libhal_bsp.a(alt_io_redirect.o)
 .bss           0x0000000000028393        0x0 ../TesteSoftware_bsp/\libhal_bsp.a(alt_irq_entry.o)
 .bss           0x0000000000028393        0x0 ../TesteSoftware_bsp/\libhal_bsp.a(alt_irq_handler.o)
 .bss           0x0000000000028393        0x0 ../TesteSoftware_bsp/\libhal_bsp.a(alt_irq_vars.o)
 .bss           0x0000000000028393        0x0 ../TesteSoftware_bsp/\libhal_bsp.a(alt_open.o)
 .bss           0x0000000000028393        0x0 ../TesteSoftware_bsp/\libhal_bsp.a(alt_release_fd.o)
 .bss           0x0000000000028393        0x0 ../TesteSoftware_bsp/\libhal_bsp.a(alt_tick.o)
 .bss           0x0000000000028393        0x0 ../TesteSoftware_bsp/\libhal_bsp.a(altera_nios2_gen2_irq.o)
 .bss           0x0000000000028393        0x0 ../TesteSoftware_bsp/\libhal_bsp.a(alt_exception_entry.o)
 .bss           0x0000000000028393        0x0 ../TesteSoftware_bsp/\libhal_bsp.a(alt_find_dev.o)
 .bss           0x0000000000028393        0x0 ../TesteSoftware_bsp/\libhal_bsp.a(alt_find_file.o)
 .bss           0x0000000000028393        0x0 ../TesteSoftware_bsp/\libhal_bsp.a(alt_get_fd.o)
 .bss           0x0000000000028393        0x0 ../TesteSoftware_bsp/\libhal_bsp.a(alt_instruction_exception_entry.o)
 .bss           0x0000000000028393        0x0 d:/programas/intelfpga_lite/18.1/nios2eds/bin/gnu/h-x86_64-mingw32/bin/../lib/gcc/nios2-elf/5.3.0/../../../../../H-x86_64-mingw32/nios2-elf/lib/mno-hw-mul\libc.a(lib_a-atexit.o)
 .bss           0x0000000000028393        0x0 d:/programas/intelfpga_lite/18.1/nios2eds/bin/gnu/h-x86_64-mingw32/bin/../lib/gcc/nios2-elf/5.3.0/../../../../../H-x86_64-mingw32/nios2-elf/lib/mno-hw-mul\libc.a(lib_a-exit.o)
 .bss           0x0000000000028393        0x0 d:/programas/intelfpga_lite/18.1/nios2eds/bin/gnu/h-x86_64-mingw32/bin/../lib/gcc/nios2-elf/5.3.0/../../../../../H-x86_64-mingw32/nios2-elf/lib/mno-hw-mul\libc.a(lib_a-int_errno.o)
 .bss           0x0000000000028393        0x0 d:/programas/intelfpga_lite/18.1/nios2eds/bin/gnu/h-x86_64-mingw32/bin/../lib/gcc/nios2-elf/5.3.0/../../../../../H-x86_64-mingw32/nios2-elf/lib/mno-hw-mul\libc.a(lib_a-memcmp.o)
 .bss           0x0000000000028393        0x0 d:/programas/intelfpga_lite/18.1/nios2eds/bin/gnu/h-x86_64-mingw32/bin/../lib/gcc/nios2-elf/5.3.0/../../../../../H-x86_64-mingw32/nios2-elf/lib/mno-hw-mul\libc.a(lib_a-memcpy.o)
 .bss           0x0000000000028393        0x0 d:/programas/intelfpga_lite/18.1/nios2eds/bin/gnu/h-x86_64-mingw32/bin/../lib/gcc/nios2-elf/5.3.0/../../../../../H-x86_64-mingw32/nios2-elf/lib/mno-hw-mul\libc.a(lib_a-strlen.o)
 .bss           0x0000000000028393        0x0 d:/programas/intelfpga_lite/18.1/nios2eds/bin/gnu/h-x86_64-mingw32/bin/../lib/gcc/nios2-elf/5.3.0/../../../../../H-x86_64-mingw32/nios2-elf/lib/mno-hw-mul\libc.a(lib_a-__atexit.o)
 .bss           0x0000000000028393        0x0 d:/programas/intelfpga_lite/18.1/nios2eds/bin/gnu/h-x86_64-mingw32/bin/../lib/gcc/nios2-elf/5.3.0/../../../../../H-x86_64-mingw32/nios2-elf/lib/mno-hw-mul\libc.a(lib_a-__call_atexit.o)
 .bss           0x0000000000028393        0x0 ../TesteSoftware_bsp/\libhal_bsp.a(alt_exit.o)
 *(COMMON)
 *fill*         0x0000000000028393        0x1 
 COMMON         0x0000000000028394      0x100 ../TesteSoftware_bsp/\libhal_bsp.a(alt_irq_handler.o)
                0x0000000000028394                alt_irq
                0x0000000000028494                . = ALIGN (0x4)
                0x0000000000028494                __bss_end = ABSOLUTE (.)

.MemoriaDados   0x0000000000000000        0x0 load address 0x0000000000028494
                [!provide]                        PROVIDE (_alt_partition_MemoriaDados_start, ABSOLUTE (.))
 *(.MemoriaDados .MemoriaDados. MemoriaDados.*)
                0x0000000000000000                . = ALIGN (0x4)
                [!provide]                        PROVIDE (_alt_partition_MemoriaDados_end, ABSOLUTE (.))
                [!provide]                        PROVIDE (_alt_partition_MemoriaDados_load_addr, LOADADDR (.MemoriaDados))

.MemoriaPrograma
                0x0000000000028494        0x0
                [!provide]                        PROVIDE (_alt_partition_MemoriaPrograma_start, ABSOLUTE (.))
 *(.MemoriaPrograma .MemoriaPrograma. MemoriaPrograma.*)
                0x0000000000028494                . = ALIGN (0x4)
                [!provide]                        PROVIDE (_alt_partition_MemoriaPrograma_end, ABSOLUTE (.))
                0x0000000000028494                _end = ABSOLUTE (.)
                0x0000000000028494                end = ABSOLUTE (.)
                0x0000000000028494                __alt_stack_base = ABSOLUTE (.)
                [!provide]                        PROVIDE (_alt_partition_MemoriaPrograma_load_addr, LOADADDR (.MemoriaPrograma))

.stab
 *(.stab)

.stabstr
 *(.stabstr)

.stab.excl
 *(.stab.excl)

.stab.exclstr
 *(.stab.exclstr)

.stab.index
 *(.stab.index)

.stab.indexstr
 *(.stab.indexstr)

.comment        0x0000000000000000       0x23
 *(.comment)
 .comment       0x0000000000000000       0x23 obj/default/Principal.o
                                         0x24 (size before relaxing)
 .comment       0x0000000000000023       0x24 d:/programas/intelfpga_lite/18.1/nios2eds/bin/gnu/h-x86_64-mingw32/bin/../lib/gcc/nios2-elf/5.3.0/mno-hw-mul\libgcc.a(lib2-divmod.o)
 .comment       0x0000000000000023       0x24 d:/programas/intelfpga_lite/18.1/nios2eds/bin/gnu/h-x86_64-mingw32/bin/../lib/gcc/nios2-elf/5.3.0/mno-hw-mul\libgcc.a(lib2-mul.o)
 .comment       0x0000000000000023       0x24 d:/programas/intelfpga_lite/18.1/nios2eds/bin/gnu/h-x86_64-mingw32/bin/../lib/gcc/nios2-elf/5.3.0/mno-hw-mul\libgcc.a(addsf3.o)
 .comment       0x0000000000000023       0x24 d:/programas/intelfpga_lite/18.1/nios2eds/bin/gnu/h-x86_64-mingw32/bin/../lib/gcc/nios2-elf/5.3.0/mno-hw-mul\libgcc.a(divsf3.o)
 .comment       0x0000000000000023       0x24 d:/programas/intelfpga_lite/18.1/nios2eds/bin/gnu/h-x86_64-mingw32/bin/../lib/gcc/nios2-elf/5.3.0/mno-hw-mul\libgcc.a(lesf2.o)
 .comment       0x0000000000000023       0x24 d:/programas/intelfpga_lite/18.1/nios2eds/bin/gnu/h-x86_64-mingw32/bin/../lib/gcc/nios2-elf/5.3.0/mno-hw-mul\libgcc.a(mulsf3.o)
 .comment       0x0000000000000023       0x24 d:/programas/intelfpga_lite/18.1/nios2eds/bin/gnu/h-x86_64-mingw32/bin/../lib/gcc/nios2-elf/5.3.0/mno-hw-mul\libgcc.a(subsf3.o)
 .comment       0x0000000000000023       0x24 d:/programas/intelfpga_lite/18.1/nios2eds/bin/gnu/h-x86_64-mingw32/bin/../lib/gcc/nios2-elf/5.3.0/mno-hw-mul\libgcc.a(fixsfsi.o)
 .comment       0x0000000000000023       0x24 d:/programas/intelfpga_lite/18.1/nios2eds/bin/gnu/h-x86_64-mingw32/bin/../lib/gcc/nios2-elf/5.3.0/mno-hw-mul\libgcc.a(floatsisf.o)
 .comment       0x0000000000000023       0x24 d:/programas/intelfpga_lite/18.1/nios2eds/bin/gnu/h-x86_64-mingw32/bin/../lib/gcc/nios2-elf/5.3.0/mno-hw-mul\libgcc.a(gedf2.o)
 .comment       0x0000000000000023       0x24 d:/programas/intelfpga_lite/18.1/nios2eds/bin/gnu/h-x86_64-mingw32/bin/../lib/gcc/nios2-elf/5.3.0/mno-hw-mul\libgcc.a(floatsidf.o)
 .comment       0x0000000000000023       0x24 d:/programas/intelfpga_lite/18.1/nios2eds/bin/gnu/h-x86_64-mingw32/bin/../lib/gcc/nios2-elf/5.3.0/mno-hw-mul\libgcc.a(_clzsi2.o)
 .comment       0x0000000000000023       0x24 d:/programas/intelfpga_lite/18.1/nios2eds/bin/gnu/h-x86_64-mingw32/bin/../lib/gcc/nios2-elf/5.3.0/mno-hw-mul\libgcc.a(_clz.o)
 .comment       0x0000000000000023       0x24 d:/programas/intelfpga_lite/18.1/nios2eds/bin/gnu/h-x86_64-mingw32/bin/../lib/gcc/nios2-elf/5.3.0/../../../../../H-x86_64-mingw32/nios2-elf/lib/mno-hw-mul\libc.a(lib_a-rand.o)
 .comment       0x0000000000000023       0x24 d:/programas/intelfpga_lite/18.1/nios2eds/bin/gnu/h-x86_64-mingw32/bin/../lib/gcc/nios2-elf/5.3.0/../../../../../H-x86_64-mingw32/nios2-elf/lib/mno-hw-mul\libc.a(lib_a-impure.o)
 .comment       0x0000000000000023       0x24 d:/programas/intelfpga_lite/18.1/nios2eds/bin/gnu/h-x86_64-mingw32/bin/../lib/gcc/nios2-elf/5.3.0/mno-hw-mul\libgcc.a(_muldi3.o)
 .comment       0x0000000000000023       0x24 ../TesteSoftware_bsp/\libhal_bsp.a(alt_load.o)
 .comment       0x0000000000000023       0x24 ../TesteSoftware_bsp/\libhal_bsp.a(alt_main.o)
 .comment       0x0000000000000023       0x24 ../TesteSoftware_bsp/\libhal_bsp.a(alt_sys_init.o)
 .comment       0x0000000000000023       0x24 ../TesteSoftware_bsp/\libhal_bsp.a(altera_avalon_jtag_uart_fd.o)
 .comment       0x0000000000000023       0x24 ../TesteSoftware_bsp/\libhal_bsp.a(altera_avalon_jtag_uart_init.o)
 .comment       0x0000000000000023       0x24 ../TesteSoftware_bsp/\libhal_bsp.a(altera_avalon_jtag_uart_ioctl.o)
 .comment       0x0000000000000023       0x24 ../TesteSoftware_bsp/\libhal_bsp.a(altera_avalon_jtag_uart_read.o)
 .comment       0x0000000000000023       0x24 ../TesteSoftware_bsp/\libhal_bsp.a(altera_avalon_jtag_uart_write.o)
 .comment       0x0000000000000023       0x24 ../TesteSoftware_bsp/\libhal_bsp.a(alt_alarm_start.o)
 .comment       0x0000000000000023       0x24 ../TesteSoftware_bsp/\libhal_bsp.a(alt_close.o)
 .comment       0x0000000000000023       0x24 ../TesteSoftware_bsp/\libhal_bsp.a(alt_dcache_flush_all.o)
 .comment       0x0000000000000023       0x24 ../TesteSoftware_bsp/\libhal_bsp.a(alt_dev.o)
 .comment       0x0000000000000023       0x24 ../TesteSoftware_bsp/\libhal_bsp.a(alt_dev_llist_insert.o)
 .comment       0x0000000000000023       0x24 ../TesteSoftware_bsp/\libhal_bsp.a(alt_do_ctors.o)
 .comment       0x0000000000000023       0x24 ../TesteSoftware_bsp/\libhal_bsp.a(alt_do_dtors.o)
 .comment       0x0000000000000023       0x24 ../TesteSoftware_bsp/\libhal_bsp.a(alt_errno.o)
 .comment       0x0000000000000023       0x24 ../TesteSoftware_bsp/\libhal_bsp.a(alt_icache_flush_all.o)
 .comment       0x0000000000000023       0x24 ../TesteSoftware_bsp/\libhal_bsp.a(alt_iic.o)
 .comment       0x0000000000000023       0x24 ../TesteSoftware_bsp/\libhal_bsp.a(alt_iic_isr_register.o)
 .comment       0x0000000000000023       0x24 ../TesteSoftware_bsp/\libhal_bsp.a(alt_io_redirect.o)
 .comment       0x0000000000000023       0x24 ../TesteSoftware_bsp/\libhal_bsp.a(alt_irq_handler.o)
 .comment       0x0000000000000023       0x24 ../TesteSoftware_bsp/\libhal_bsp.a(alt_irq_vars.o)
 .comment       0x0000000000000023       0x24 ../TesteSoftware_bsp/\libhal_bsp.a(alt_open.o)
 .comment       0x0000000000000023       0x24 ../TesteSoftware_bsp/\libhal_bsp.a(alt_release_fd.o)
 .comment       0x0000000000000023       0x24 ../TesteSoftware_bsp/\libhal_bsp.a(alt_tick.o)
 .comment       0x0000000000000023       0x24 ../TesteSoftware_bsp/\libhal_bsp.a(altera_nios2_gen2_irq.o)
 .comment       0x0000000000000023       0x24 ../TesteSoftware_bsp/\libhal_bsp.a(alt_find_dev.o)
 .comment       0x0000000000000023       0x24 ../TesteSoftware_bsp/\libhal_bsp.a(alt_find_file.o)
 .comment       0x0000000000000023       0x24 ../TesteSoftware_bsp/\libhal_bsp.a(alt_get_fd.o)
 .comment       0x0000000000000023       0x24 ../TesteSoftware_bsp/\libhal_bsp.a(alt_instruction_exception_entry.o)
 .comment       0x0000000000000023       0x24 d:/programas/intelfpga_lite/18.1/nios2eds/bin/gnu/h-x86_64-mingw32/bin/../lib/gcc/nios2-elf/5.3.0/../../../../../H-x86_64-mingw32/nios2-elf/lib/mno-hw-mul\libc.a(lib_a-atexit.o)
 .comment       0x0000000000000023       0x24 d:/programas/intelfpga_lite/18.1/nios2eds/bin/gnu/h-x86_64-mingw32/bin/../lib/gcc/nios2-elf/5.3.0/../../../../../H-x86_64-mingw32/nios2-elf/lib/mno-hw-mul\libc.a(lib_a-exit.o)
 .comment       0x0000000000000023       0x24 d:/programas/intelfpga_lite/18.1/nios2eds/bin/gnu/h-x86_64-mingw32/bin/../lib/gcc/nios2-elf/5.3.0/../../../../../H-x86_64-mingw32/nios2-elf/lib/mno-hw-mul\libc.a(lib_a-int_errno.o)
 .comment       0x0000000000000023       0x24 d:/programas/intelfpga_lite/18.1/nios2eds/bin/gnu/h-x86_64-mingw32/bin/../lib/gcc/nios2-elf/5.3.0/../../../../../H-x86_64-mingw32/nios2-elf/lib/mno-hw-mul\libc.a(lib_a-memcmp.o)
 .comment       0x0000000000000023       0x24 d:/programas/intelfpga_lite/18.1/nios2eds/bin/gnu/h-x86_64-mingw32/bin/../lib/gcc/nios2-elf/5.3.0/../../../../../H-x86_64-mingw32/nios2-elf/lib/mno-hw-mul\libc.a(lib_a-memcpy.o)
 .comment       0x0000000000000023       0x24 d:/programas/intelfpga_lite/18.1/nios2eds/bin/gnu/h-x86_64-mingw32/bin/../lib/gcc/nios2-elf/5.3.0/../../../../../H-x86_64-mingw32/nios2-elf/lib/mno-hw-mul\libc.a(lib_a-strlen.o)
 .comment       0x0000000000000023       0x24 d:/programas/intelfpga_lite/18.1/nios2eds/bin/gnu/h-x86_64-mingw32/bin/../lib/gcc/nios2-elf/5.3.0/../../../../../H-x86_64-mingw32/nios2-elf/lib/mno-hw-mul\libc.a(lib_a-__atexit.o)
 .comment       0x0000000000000023       0x24 d:/programas/intelfpga_lite/18.1/nios2eds/bin/gnu/h-x86_64-mingw32/bin/../lib/gcc/nios2-elf/5.3.0/../../../../../H-x86_64-mingw32/nios2-elf/lib/mno-hw-mul\libc.a(lib_a-__call_atexit.o)
 .comment       0x0000000000000023       0x24 ../TesteSoftware_bsp/\libhal_bsp.a(alt_exit.o)

.debug
 *(.debug)

.line
 *(.line)

.debug_srcinfo
 *(.debug_srcinfo)

.debug_sfnames
 *(.debug_sfnames)

.debug_aranges  0x0000000000000000      0x778
 *(.debug_aranges)
 .debug_aranges
                0x0000000000000000       0x28 ../TesteSoftware_bsp//obj/HAL/src/crt0.o
 .debug_aranges
                0x0000000000000028       0x20 obj/default/Principal.o
 .debug_aranges
                0x0000000000000048       0x20 d:/programas/intelfpga_lite/18.1/nios2eds/bin/gnu/h-x86_64-mingw32/bin/../lib/gcc/nios2-elf/5.3.0/mno-hw-mul\libgcc.a(lib2-divmod.o)
 .debug_aranges
                0x0000000000000068       0x20 d:/programas/intelfpga_lite/18.1/nios2eds/bin/gnu/h-x86_64-mingw32/bin/../lib/gcc/nios2-elf/5.3.0/mno-hw-mul\libgcc.a(lib2-mul.o)
 .debug_aranges
                0x0000000000000088       0x20 d:/programas/intelfpga_lite/18.1/nios2eds/bin/gnu/h-x86_64-mingw32/bin/../lib/gcc/nios2-elf/5.3.0/mno-hw-mul\libgcc.a(addsf3.o)
 .debug_aranges
                0x00000000000000a8       0x20 d:/programas/intelfpga_lite/18.1/nios2eds/bin/gnu/h-x86_64-mingw32/bin/../lib/gcc/nios2-elf/5.3.0/mno-hw-mul\libgcc.a(divsf3.o)
 .debug_aranges
                0x00000000000000c8       0x20 d:/programas/intelfpga_lite/18.1/nios2eds/bin/gnu/h-x86_64-mingw32/bin/../lib/gcc/nios2-elf/5.3.0/mno-hw-mul\libgcc.a(lesf2.o)
 .debug_aranges
                0x00000000000000e8       0x20 d:/programas/intelfpga_lite/18.1/nios2eds/bin/gnu/h-x86_64-mingw32/bin/../lib/gcc/nios2-elf/5.3.0/mno-hw-mul\libgcc.a(mulsf3.o)
 .debug_aranges
                0x0000000000000108       0x20 d:/programas/intelfpga_lite/18.1/nios2eds/bin/gnu/h-x86_64-mingw32/bin/../lib/gcc/nios2-elf/5.3.0/mno-hw-mul\libgcc.a(subsf3.o)
 .debug_aranges
                0x0000000000000128       0x20 d:/programas/intelfpga_lite/18.1/nios2eds/bin/gnu/h-x86_64-mingw32/bin/../lib/gcc/nios2-elf/5.3.0/mno-hw-mul\libgcc.a(fixsfsi.o)
 .debug_aranges
                0x0000000000000148       0x20 d:/programas/intelfpga_lite/18.1/nios2eds/bin/gnu/h-x86_64-mingw32/bin/../lib/gcc/nios2-elf/5.3.0/mno-hw-mul\libgcc.a(floatsisf.o)
 .debug_aranges
                0x0000000000000168       0x20 d:/programas/intelfpga_lite/18.1/nios2eds/bin/gnu/h-x86_64-mingw32/bin/../lib/gcc/nios2-elf/5.3.0/mno-hw-mul\libgcc.a(gedf2.o)
 .debug_aranges
                0x0000000000000188       0x20 d:/programas/intelfpga_lite/18.1/nios2eds/bin/gnu/h-x86_64-mingw32/bin/../lib/gcc/nios2-elf/5.3.0/mno-hw-mul\libgcc.a(floatsidf.o)
 .debug_aranges
                0x00000000000001a8       0x20 d:/programas/intelfpga_lite/18.1/nios2eds/bin/gnu/h-x86_64-mingw32/bin/../lib/gcc/nios2-elf/5.3.0/mno-hw-mul\libgcc.a(_clzsi2.o)
 .debug_aranges
                0x00000000000001c8       0x18 d:/programas/intelfpga_lite/18.1/nios2eds/bin/gnu/h-x86_64-mingw32/bin/../lib/gcc/nios2-elf/5.3.0/mno-hw-mul\libgcc.a(_clz.o)
 .debug_aranges
                0x00000000000001e0       0x28 d:/programas/intelfpga_lite/18.1/nios2eds/bin/gnu/h-x86_64-mingw32/bin/../lib/gcc/nios2-elf/5.3.0/../../../../../H-x86_64-mingw32/nios2-elf/lib/mno-hw-mul\libc.a(lib_a-rand.o)
 .debug_aranges
                0x0000000000000208       0x18 d:/programas/intelfpga_lite/18.1/nios2eds/bin/gnu/h-x86_64-mingw32/bin/../lib/gcc/nios2-elf/5.3.0/../../../../../H-x86_64-mingw32/nios2-elf/lib/mno-hw-mul\libc.a(lib_a-impure.o)
 .debug_aranges
                0x0000000000000220       0x20 d:/programas/intelfpga_lite/18.1/nios2eds/bin/gnu/h-x86_64-mingw32/bin/../lib/gcc/nios2-elf/5.3.0/mno-hw-mul\libgcc.a(_muldi3.o)
 .debug_aranges
                0x0000000000000240       0x20 ../TesteSoftware_bsp/\libhal_bsp.a(alt_load.o)
 .debug_aranges
                0x0000000000000260       0x20 ../TesteSoftware_bsp/\libhal_bsp.a(alt_main.o)
 .debug_aranges
                0x0000000000000280       0x20 ../TesteSoftware_bsp/\libhal_bsp.a(alt_sys_init.o)
 .debug_aranges
                0x00000000000002a0       0x20 ../TesteSoftware_bsp/\libhal_bsp.a(altera_avalon_jtag_uart_fd.o)
 .debug_aranges
                0x00000000000002c0       0x20 ../TesteSoftware_bsp/\libhal_bsp.a(altera_avalon_jtag_uart_init.o)
 .debug_aranges
                0x00000000000002e0       0x20 ../TesteSoftware_bsp/\libhal_bsp.a(altera_avalon_jtag_uart_ioctl.o)
 .debug_aranges
                0x0000000000000300       0x20 ../TesteSoftware_bsp/\libhal_bsp.a(altera_avalon_jtag_uart_read.o)
 .debug_aranges
                0x0000000000000320       0x20 ../TesteSoftware_bsp/\libhal_bsp.a(altera_avalon_jtag_uart_write.o)
 .debug_aranges
                0x0000000000000340       0x20 ../TesteSoftware_bsp/\libhal_bsp.a(alt_alarm_start.o)
 .debug_aranges
                0x0000000000000360       0x20 ../TesteSoftware_bsp/\libhal_bsp.a(alt_close.o)
 .debug_aranges
                0x0000000000000380       0x20 ../TesteSoftware_bsp/\libhal_bsp.a(alt_dcache_flush_all.o)
 .debug_aranges
                0x00000000000003a0       0x20 ../TesteSoftware_bsp/\libhal_bsp.a(alt_dev.o)
 .debug_aranges
                0x00000000000003c0       0x20 ../TesteSoftware_bsp/\libhal_bsp.a(alt_dev_llist_insert.o)
 .debug_aranges
                0x00000000000003e0       0x20 ../TesteSoftware_bsp/\libhal_bsp.a(alt_do_ctors.o)
 .debug_aranges
                0x0000000000000400       0x20 ../TesteSoftware_bsp/\libhal_bsp.a(alt_do_dtors.o)
 .debug_aranges
                0x0000000000000420       0x18 ../TesteSoftware_bsp/\libhal_bsp.a(alt_errno.o)
 .debug_aranges
                0x0000000000000438       0x20 ../TesteSoftware_bsp/\libhal_bsp.a(alt_icache_flush_all.o)
 .debug_aranges
                0x0000000000000458       0x20 ../TesteSoftware_bsp/\libhal_bsp.a(alt_iic.o)
 .debug_aranges
                0x0000000000000478       0x20 ../TesteSoftware_bsp/\libhal_bsp.a(alt_iic_isr_register.o)
 .debug_aranges
                0x0000000000000498       0x20 ../TesteSoftware_bsp/\libhal_bsp.a(alt_io_redirect.o)
 .debug_aranges
                0x00000000000004b8       0x30 ../TesteSoftware_bsp/\libhal_bsp.a(alt_irq_entry.o)
 .debug_aranges
                0x00000000000004e8       0x20 ../TesteSoftware_bsp/\libhal_bsp.a(alt_irq_handler.o)
 .debug_aranges
                0x0000000000000508       0x18 ../TesteSoftware_bsp/\libhal_bsp.a(alt_irq_vars.o)
 .debug_aranges
                0x0000000000000520       0x20 ../TesteSoftware_bsp/\libhal_bsp.a(alt_open.o)
 .debug_aranges
                0x0000000000000540       0x20 ../TesteSoftware_bsp/\libhal_bsp.a(alt_release_fd.o)
 .debug_aranges
                0x0000000000000560       0x20 ../TesteSoftware_bsp/\libhal_bsp.a(alt_tick.o)
 .debug_aranges
                0x0000000000000580       0x20 ../TesteSoftware_bsp/\libhal_bsp.a(altera_nios2_gen2_irq.o)
 .debug_aranges
                0x00000000000005a0       0x38 ../TesteSoftware_bsp/\libhal_bsp.a(alt_exception_entry.o)
 .debug_aranges
                0x00000000000005d8       0x20 ../TesteSoftware_bsp/\libhal_bsp.a(alt_find_dev.o)
 .debug_aranges
                0x00000000000005f8       0x20 ../TesteSoftware_bsp/\libhal_bsp.a(alt_find_file.o)
 .debug_aranges
                0x0000000000000618       0x20 ../TesteSoftware_bsp/\libhal_bsp.a(alt_get_fd.o)
 .debug_aranges
                0x0000000000000638       0x28 ../TesteSoftware_bsp/\libhal_bsp.a(alt_instruction_exception_entry.o)
 .debug_aranges
                0x0000000000000660       0x20 d:/programas/intelfpga_lite/18.1/nios2eds/bin/gnu/h-x86_64-mingw32/bin/../lib/gcc/nios2-elf/5.3.0/../../../../../H-x86_64-mingw32/nios2-elf/lib/mno-hw-mul\libc.a(lib_a-atexit.o)
 .debug_aranges
                0x0000000000000680       0x20 d:/programas/intelfpga_lite/18.1/nios2eds/bin/gnu/h-x86_64-mingw32/bin/../lib/gcc/nios2-elf/5.3.0/../../../../../H-x86_64-mingw32/nios2-elf/lib/mno-hw-mul\libc.a(lib_a-exit.o)
 .debug_aranges
                0x00000000000006a0       0x18 d:/programas/intelfpga_lite/18.1/nios2eds/bin/gnu/h-x86_64-mingw32/bin/../lib/gcc/nios2-elf/5.3.0/../../../../../H-x86_64-mingw32/nios2-elf/lib/mno-hw-mul\libc.a(lib_a-int_errno.o)
 .debug_aranges
                0x00000000000006b8       0x20 d:/programas/intelfpga_lite/18.1/nios2eds/bin/gnu/h-x86_64-mingw32/bin/../lib/gcc/nios2-elf/5.3.0/../../../../../H-x86_64-mingw32/nios2-elf/lib/mno-hw-mul\libc.a(lib_a-memcmp.o)
 .debug_aranges
                0x00000000000006d8       0x20 d:/programas/intelfpga_lite/18.1/nios2eds/bin/gnu/h-x86_64-mingw32/bin/../lib/gcc/nios2-elf/5.3.0/../../../../../H-x86_64-mingw32/nios2-elf/lib/mno-hw-mul\libc.a(lib_a-memcpy.o)
 .debug_aranges
                0x00000000000006f8       0x20 d:/programas/intelfpga_lite/18.1/nios2eds/bin/gnu/h-x86_64-mingw32/bin/../lib/gcc/nios2-elf/5.3.0/../../../../../H-x86_64-mingw32/nios2-elf/lib/mno-hw-mul\libc.a(lib_a-strlen.o)
 .debug_aranges
                0x0000000000000718       0x20 d:/programas/intelfpga_lite/18.1/nios2eds/bin/gnu/h-x86_64-mingw32/bin/../lib/gcc/nios2-elf/5.3.0/../../../../../H-x86_64-mingw32/nios2-elf/lib/mno-hw-mul\libc.a(lib_a-__atexit.o)
 .debug_aranges
                0x0000000000000738       0x20 d:/programas/intelfpga_lite/18.1/nios2eds/bin/gnu/h-x86_64-mingw32/bin/../lib/gcc/nios2-elf/5.3.0/../../../../../H-x86_64-mingw32/nios2-elf/lib/mno-hw-mul\libc.a(lib_a-__call_atexit.o)
 .debug_aranges
                0x0000000000000758       0x20 ../TesteSoftware_bsp/\libhal_bsp.a(alt_exit.o)

.debug_pubnames
 *(.debug_pubnames)

.debug_info     0x0000000000000000     0x9d07
 *(.debug_info .gnu.linkonce.wi.*)
 .debug_info    0x0000000000000000       0x72 ../TesteSoftware_bsp//obj/HAL/src/crt0.o
 .debug_info    0x0000000000000072      0x533 obj/default/Principal.o
 .debug_info    0x00000000000005a5      0x2c6 d:/programas/intelfpga_lite/18.1/nios2eds/bin/gnu/h-x86_64-mingw32/bin/../lib/gcc/nios2-elf/5.3.0/mno-hw-mul\libgcc.a(lib2-divmod.o)
 .debug_info    0x000000000000086b       0xb4 d:/programas/intelfpga_lite/18.1/nios2eds/bin/gnu/h-x86_64-mingw32/bin/../lib/gcc/nios2-elf/5.3.0/mno-hw-mul\libgcc.a(lib2-mul.o)
 .debug_info    0x000000000000091f      0x2b7 d:/programas/intelfpga_lite/18.1/nios2eds/bin/gnu/h-x86_64-mingw32/bin/../lib/gcc/nios2-elf/5.3.0/mno-hw-mul\libgcc.a(addsf3.o)
 .debug_info    0x0000000000000bd6      0x2b7 d:/programas/intelfpga_lite/18.1/nios2eds/bin/gnu/h-x86_64-mingw32/bin/../lib/gcc/nios2-elf/5.3.0/mno-hw-mul\libgcc.a(divsf3.o)
 .debug_info    0x0000000000000e8d      0x1d5 d:/programas/intelfpga_lite/18.1/nios2eds/bin/gnu/h-x86_64-mingw32/bin/../lib/gcc/nios2-elf/5.3.0/mno-hw-mul\libgcc.a(lesf2.o)
 .debug_info    0x0000000000001062      0x31d d:/programas/intelfpga_lite/18.1/nios2eds/bin/gnu/h-x86_64-mingw32/bin/../lib/gcc/nios2-elf/5.3.0/mno-hw-mul\libgcc.a(mulsf3.o)
 .debug_info    0x000000000000137f      0x2b7 d:/programas/intelfpga_lite/18.1/nios2eds/bin/gnu/h-x86_64-mingw32/bin/../lib/gcc/nios2-elf/5.3.0/mno-hw-mul\libgcc.a(subsf3.o)
 .debug_info    0x0000000000001636      0x18b d:/programas/intelfpga_lite/18.1/nios2eds/bin/gnu/h-x86_64-mingw32/bin/../lib/gcc/nios2-elf/5.3.0/mno-hw-mul\libgcc.a(fixsfsi.o)
 .debug_info    0x00000000000017c1      0x1c7 d:/programas/intelfpga_lite/18.1/nios2eds/bin/gnu/h-x86_64-mingw32/bin/../lib/gcc/nios2-elf/5.3.0/mno-hw-mul\libgcc.a(floatsisf.o)
 .debug_info    0x0000000000001988      0x202 d:/programas/intelfpga_lite/18.1/nios2eds/bin/gnu/h-x86_64-mingw32/bin/../lib/gcc/nios2-elf/5.3.0/mno-hw-mul\libgcc.a(gedf2.o)
 .debug_info    0x0000000000001b8a      0x1bc d:/programas/intelfpga_lite/18.1/nios2eds/bin/gnu/h-x86_64-mingw32/bin/../lib/gcc/nios2-elf/5.3.0/mno-hw-mul\libgcc.a(floatsidf.o)
 .debug_info    0x0000000000001d46      0x124 d:/programas/intelfpga_lite/18.1/nios2eds/bin/gnu/h-x86_64-mingw32/bin/../lib/gcc/nios2-elf/5.3.0/mno-hw-mul\libgcc.a(_clzsi2.o)
 .debug_info    0x0000000000001e6a       0xb2 d:/programas/intelfpga_lite/18.1/nios2eds/bin/gnu/h-x86_64-mingw32/bin/../lib/gcc/nios2-elf/5.3.0/mno-hw-mul\libgcc.a(_clz.o)
 .debug_info    0x0000000000001f1c      0x8d7 d:/programas/intelfpga_lite/18.1/nios2eds/bin/gnu/h-x86_64-mingw32/bin/../lib/gcc/nios2-elf/5.3.0/../../../../../H-x86_64-mingw32/nios2-elf/lib/mno-hw-mul\libc.a(lib_a-rand.o)
 .debug_info    0x00000000000027f3      0x8a1 d:/programas/intelfpga_lite/18.1/nios2eds/bin/gnu/h-x86_64-mingw32/bin/../lib/gcc/nios2-elf/5.3.0/../../../../../H-x86_64-mingw32/nios2-elf/lib/mno-hw-mul\libc.a(lib_a-impure.o)
 .debug_info    0x0000000000003094      0x1e9 d:/programas/intelfpga_lite/18.1/nios2eds/bin/gnu/h-x86_64-mingw32/bin/../lib/gcc/nios2-elf/5.3.0/mno-hw-mul\libgcc.a(_muldi3.o)
 .debug_info    0x000000000000327d      0x145 ../TesteSoftware_bsp/\libhal_bsp.a(alt_load.o)
 .debug_info    0x00000000000033c2      0x131 ../TesteSoftware_bsp/\libhal_bsp.a(alt_main.o)
 .debug_info    0x00000000000034f3      0x4c3 ../TesteSoftware_bsp/\libhal_bsp.a(alt_sys_init.o)
 .debug_info    0x00000000000039b6      0x52e ../TesteSoftware_bsp/\libhal_bsp.a(altera_avalon_jtag_uart_fd.o)
 .debug_info    0x0000000000003ee4      0x3a0 ../TesteSoftware_bsp/\libhal_bsp.a(altera_avalon_jtag_uart_init.o)
 .debug_info    0x0000000000004284      0x280 ../TesteSoftware_bsp/\libhal_bsp.a(altera_avalon_jtag_uart_ioctl.o)
 .debug_info    0x0000000000004504      0x345 ../TesteSoftware_bsp/\libhal_bsp.a(altera_avalon_jtag_uart_read.o)
 .debug_info    0x0000000000004849      0x340 ../TesteSoftware_bsp/\libhal_bsp.a(altera_avalon_jtag_uart_write.o)
 .debug_info    0x0000000000004b89      0x2cc ../TesteSoftware_bsp/\libhal_bsp.a(alt_alarm_start.o)
 .debug_info    0x0000000000004e55      0x321 ../TesteSoftware_bsp/\libhal_bsp.a(alt_close.o)
 .debug_info    0x0000000000005176       0x92 ../TesteSoftware_bsp/\libhal_bsp.a(alt_dcache_flush_all.o)
 .debug_info    0x0000000000005208      0x49c ../TesteSoftware_bsp/\libhal_bsp.a(alt_dev.o)
 .debug_info    0x00000000000056a4      0x1a9 ../TesteSoftware_bsp/\libhal_bsp.a(alt_dev_llist_insert.o)
 .debug_info    0x000000000000584d       0x83 ../TesteSoftware_bsp/\libhal_bsp.a(alt_do_ctors.o)
 .debug_info    0x00000000000058d0       0x83 ../TesteSoftware_bsp/\libhal_bsp.a(alt_do_dtors.o)
 .debug_info    0x0000000000005953       0xa6 ../TesteSoftware_bsp/\libhal_bsp.a(alt_errno.o)
 .debug_info    0x00000000000059f9       0x92 ../TesteSoftware_bsp/\libhal_bsp.a(alt_icache_flush_all.o)
 .debug_info    0x0000000000005a8b      0x350 ../TesteSoftware_bsp/\libhal_bsp.a(alt_iic.o)
 .debug_info    0x0000000000005ddb      0x1ef ../TesteSoftware_bsp/\libhal_bsp.a(alt_iic_isr_register.o)
 .debug_info    0x0000000000005fca      0x4a5 ../TesteSoftware_bsp/\libhal_bsp.a(alt_io_redirect.o)
 .debug_info    0x000000000000646f       0x7b ../TesteSoftware_bsp/\libhal_bsp.a(alt_irq_entry.o)
 .debug_info    0x00000000000064ea      0x187 ../TesteSoftware_bsp/\libhal_bsp.a(alt_irq_handler.o)
 .debug_info    0x0000000000006671       0x88 ../TesteSoftware_bsp/\libhal_bsp.a(alt_irq_vars.o)
 .debug_info    0x00000000000066f9      0x3bb ../TesteSoftware_bsp/\libhal_bsp.a(alt_open.o)
 .debug_info    0x0000000000006ab4      0x2b0 ../TesteSoftware_bsp/\libhal_bsp.a(alt_release_fd.o)
 .debug_info    0x0000000000006d64      0x299 ../TesteSoftware_bsp/\libhal_bsp.a(alt_tick.o)
 .debug_info    0x0000000000006ffd       0x92 ../TesteSoftware_bsp/\libhal_bsp.a(altera_nios2_gen2_irq.o)
 .debug_info    0x000000000000708f       0x81 ../TesteSoftware_bsp/\libhal_bsp.a(alt_exception_entry.o)
 .debug_info    0x0000000000007110      0x2e9 ../TesteSoftware_bsp/\libhal_bsp.a(alt_find_dev.o)
 .debug_info    0x00000000000073f9      0x2e6 ../TesteSoftware_bsp/\libhal_bsp.a(alt_find_file.o)
 .debug_info    0x00000000000076df      0x310 ../TesteSoftware_bsp/\libhal_bsp.a(alt_get_fd.o)
 .debug_info    0x00000000000079ef      0x1e7 ../TesteSoftware_bsp/\libhal_bsp.a(alt_instruction_exception_entry.o)
 .debug_info    0x0000000000007bd6       0xfe d:/programas/intelfpga_lite/18.1/nios2eds/bin/gnu/h-x86_64-mingw32/bin/../lib/gcc/nios2-elf/5.3.0/../../../../../H-x86_64-mingw32/nios2-elf/lib/mno-hw-mul\libc.a(lib_a-atexit.o)
 .debug_info    0x0000000000007cd4      0x8e4 d:/programas/intelfpga_lite/18.1/nios2eds/bin/gnu/h-x86_64-mingw32/bin/../lib/gcc/nios2-elf/5.3.0/../../../../../H-x86_64-mingw32/nios2-elf/lib/mno-hw-mul\libc.a(lib_a-exit.o)
 .debug_info    0x00000000000085b8       0x8a d:/programas/intelfpga_lite/18.1/nios2eds/bin/gnu/h-x86_64-mingw32/bin/../lib/gcc/nios2-elf/5.3.0/../../../../../H-x86_64-mingw32/nios2-elf/lib/mno-hw-mul\libc.a(lib_a-int_errno.o)
 .debug_info    0x0000000000008642      0x11a d:/programas/intelfpga_lite/18.1/nios2eds/bin/gnu/h-x86_64-mingw32/bin/../lib/gcc/nios2-elf/5.3.0/../../../../../H-x86_64-mingw32/nios2-elf/lib/mno-hw-mul\libc.a(lib_a-memcmp.o)
 .debug_info    0x000000000000875c      0x144 d:/programas/intelfpga_lite/18.1/nios2eds/bin/gnu/h-x86_64-mingw32/bin/../lib/gcc/nios2-elf/5.3.0/../../../../../H-x86_64-mingw32/nios2-elf/lib/mno-hw-mul\libc.a(lib_a-memcpy.o)
 .debug_info    0x00000000000088a0       0xe2 d:/programas/intelfpga_lite/18.1/nios2eds/bin/gnu/h-x86_64-mingw32/bin/../lib/gcc/nios2-elf/5.3.0/../../../../../H-x86_64-mingw32/nios2-elf/lib/mno-hw-mul\libc.a(lib_a-strlen.o)
 .debug_info    0x0000000000008982      0x934 d:/programas/intelfpga_lite/18.1/nios2eds/bin/gnu/h-x86_64-mingw32/bin/../lib/gcc/nios2-elf/5.3.0/../../../../../H-x86_64-mingw32/nios2-elf/lib/mno-hw-mul\libc.a(lib_a-__atexit.o)
 .debug_info    0x00000000000092b6      0x965 d:/programas/intelfpga_lite/18.1/nios2eds/bin/gnu/h-x86_64-mingw32/bin/../lib/gcc/nios2-elf/5.3.0/../../../../../H-x86_64-mingw32/nios2-elf/lib/mno-hw-mul\libc.a(lib_a-__call_atexit.o)
 .debug_info    0x0000000000009c1b       0xec ../TesteSoftware_bsp/\libhal_bsp.a(alt_exit.o)

.debug_abbrev   0x0000000000000000     0x39cc
 *(.debug_abbrev)
 .debug_abbrev  0x0000000000000000       0x12 ../TesteSoftware_bsp//obj/HAL/src/crt0.o
 .debug_abbrev  0x0000000000000012      0x168 obj/default/Principal.o
 .debug_abbrev  0x000000000000017a      0x10e d:/programas/intelfpga_lite/18.1/nios2eds/bin/gnu/h-x86_64-mingw32/bin/../lib/gcc/nios2-elf/5.3.0/mno-hw-mul\libgcc.a(lib2-divmod.o)
 .debug_abbrev  0x0000000000000288       0x6f d:/programas/intelfpga_lite/18.1/nios2eds/bin/gnu/h-x86_64-mingw32/bin/../lib/gcc/nios2-elf/5.3.0/mno-hw-mul\libgcc.a(lib2-mul.o)
 .debug_abbrev  0x00000000000002f7      0x13c d:/programas/intelfpga_lite/18.1/nios2eds/bin/gnu/h-x86_64-mingw32/bin/../lib/gcc/nios2-elf/5.3.0/mno-hw-mul\libgcc.a(addsf3.o)
 .debug_abbrev  0x0000000000000433      0x120 d:/programas/intelfpga_lite/18.1/nios2eds/bin/gnu/h-x86_64-mingw32/bin/../lib/gcc/nios2-elf/5.3.0/mno-hw-mul\libgcc.a(divsf3.o)
 .debug_abbrev  0x0000000000000553      0x128 d:/programas/intelfpga_lite/18.1/nios2eds/bin/gnu/h-x86_64-mingw32/bin/../lib/gcc/nios2-elf/5.3.0/mno-hw-mul\libgcc.a(lesf2.o)
 .debug_abbrev  0x000000000000067b      0x12d d:/programas/intelfpga_lite/18.1/nios2eds/bin/gnu/h-x86_64-mingw32/bin/../lib/gcc/nios2-elf/5.3.0/mno-hw-mul\libgcc.a(mulsf3.o)
 .debug_abbrev  0x00000000000007a8      0x13a d:/programas/intelfpga_lite/18.1/nios2eds/bin/gnu/h-x86_64-mingw32/bin/../lib/gcc/nios2-elf/5.3.0/mno-hw-mul\libgcc.a(subsf3.o)
 .debug_abbrev  0x00000000000008e2      0x135 d:/programas/intelfpga_lite/18.1/nios2eds/bin/gnu/h-x86_64-mingw32/bin/../lib/gcc/nios2-elf/5.3.0/mno-hw-mul\libgcc.a(fixsfsi.o)
 .debug_abbrev  0x0000000000000a17      0x147 d:/programas/intelfpga_lite/18.1/nios2eds/bin/gnu/h-x86_64-mingw32/bin/../lib/gcc/nios2-elf/5.3.0/mno-hw-mul\libgcc.a(floatsisf.o)
 .debug_abbrev  0x0000000000000b5e      0x137 d:/programas/intelfpga_lite/18.1/nios2eds/bin/gnu/h-x86_64-mingw32/bin/../lib/gcc/nios2-elf/5.3.0/mno-hw-mul\libgcc.a(gedf2.o)
 .debug_abbrev  0x0000000000000c95      0x124 d:/programas/intelfpga_lite/18.1/nios2eds/bin/gnu/h-x86_64-mingw32/bin/../lib/gcc/nios2-elf/5.3.0/mno-hw-mul\libgcc.a(floatsidf.o)
 .debug_abbrev  0x0000000000000db9       0xbe d:/programas/intelfpga_lite/18.1/nios2eds/bin/gnu/h-x86_64-mingw32/bin/../lib/gcc/nios2-elf/5.3.0/mno-hw-mul\libgcc.a(_clzsi2.o)
 .debug_abbrev  0x0000000000000e77       0x5d d:/programas/intelfpga_lite/18.1/nios2eds/bin/gnu/h-x86_64-mingw32/bin/../lib/gcc/nios2-elf/5.3.0/mno-hw-mul\libgcc.a(_clz.o)
 .debug_abbrev  0x0000000000000ed4      0x1e5 d:/programas/intelfpga_lite/18.1/nios2eds/bin/gnu/h-x86_64-mingw32/bin/../lib/gcc/nios2-elf/5.3.0/../../../../../H-x86_64-mingw32/nios2-elf/lib/mno-hw-mul\libc.a(lib_a-rand.o)
 .debug_abbrev  0x00000000000010b9      0x18f d:/programas/intelfpga_lite/18.1/nios2eds/bin/gnu/h-x86_64-mingw32/bin/../lib/gcc/nios2-elf/5.3.0/../../../../../H-x86_64-mingw32/nios2-elf/lib/mno-hw-mul\libc.a(lib_a-impure.o)
 .debug_abbrev  0x0000000000001248       0xe0 d:/programas/intelfpga_lite/18.1/nios2eds/bin/gnu/h-x86_64-mingw32/bin/../lib/gcc/nios2-elf/5.3.0/mno-hw-mul\libgcc.a(_muldi3.o)
 .debug_abbrev  0x0000000000001328       0x9f ../TesteSoftware_bsp/\libhal_bsp.a(alt_load.o)
 .debug_abbrev  0x00000000000013c7       0xba ../TesteSoftware_bsp/\libhal_bsp.a(alt_main.o)
 .debug_abbrev  0x0000000000001481      0x187 ../TesteSoftware_bsp/\libhal_bsp.a(alt_sys_init.o)
 .debug_abbrev  0x0000000000001608      0x127 ../TesteSoftware_bsp/\libhal_bsp.a(altera_avalon_jtag_uart_fd.o)
 .debug_abbrev  0x000000000000172f      0x19e ../TesteSoftware_bsp/\libhal_bsp.a(altera_avalon_jtag_uart_init.o)
 .debug_abbrev  0x00000000000018cd      0x111 ../TesteSoftware_bsp/\libhal_bsp.a(altera_avalon_jtag_uart_ioctl.o)
 .debug_abbrev  0x00000000000019de      0x1aa ../TesteSoftware_bsp/\libhal_bsp.a(altera_avalon_jtag_uart_read.o)
 .debug_abbrev  0x0000000000001b88      0x1a8 ../TesteSoftware_bsp/\libhal_bsp.a(altera_avalon_jtag_uart_write.o)
 .debug_abbrev  0x0000000000001d30      0x162 ../TesteSoftware_bsp/\libhal_bsp.a(alt_alarm_start.o)
 .debug_abbrev  0x0000000000001e92      0x11f ../TesteSoftware_bsp/\libhal_bsp.a(alt_close.o)
 .debug_abbrev  0x0000000000001fb1       0x42 ../TesteSoftware_bsp/\libhal_bsp.a(alt_dcache_flush_all.o)
 .debug_abbrev  0x0000000000001ff3       0xd9 ../TesteSoftware_bsp/\libhal_bsp.a(alt_dev.o)
 .debug_abbrev  0x00000000000020cc      0x114 ../TesteSoftware_bsp/\libhal_bsp.a(alt_dev_llist_insert.o)
 .debug_abbrev  0x00000000000021e0       0x79 ../TesteSoftware_bsp/\libhal_bsp.a(alt_do_ctors.o)
 .debug_abbrev  0x0000000000002259       0x79 ../TesteSoftware_bsp/\libhal_bsp.a(alt_do_dtors.o)
 .debug_abbrev  0x00000000000022d2       0x5a ../TesteSoftware_bsp/\libhal_bsp.a(alt_errno.o)
 .debug_abbrev  0x000000000000232c       0x42 ../TesteSoftware_bsp/\libhal_bsp.a(alt_icache_flush_all.o)
 .debug_abbrev  0x000000000000236e      0x163 ../TesteSoftware_bsp/\libhal_bsp.a(alt_iic.o)
 .debug_abbrev  0x00000000000024d1      0x169 ../TesteSoftware_bsp/\libhal_bsp.a(alt_iic_isr_register.o)
 .debug_abbrev  0x000000000000263a      0x114 ../TesteSoftware_bsp/\libhal_bsp.a(alt_io_redirect.o)
 .debug_abbrev  0x000000000000274e       0x12 ../TesteSoftware_bsp/\libhal_bsp.a(alt_irq_entry.o)
 .debug_abbrev  0x0000000000002760      0x122 ../TesteSoftware_bsp/\libhal_bsp.a(alt_irq_handler.o)
 .debug_abbrev  0x0000000000002882       0x40 ../TesteSoftware_bsp/\libhal_bsp.a(alt_irq_vars.o)
 .debug_abbrev  0x00000000000028c2      0x148 ../TesteSoftware_bsp/\libhal_bsp.a(alt_open.o)
 .debug_abbrev  0x0000000000002a0a       0xde ../TesteSoftware_bsp/\libhal_bsp.a(alt_release_fd.o)
 .debug_abbrev  0x0000000000002ae8      0x15a ../TesteSoftware_bsp/\libhal_bsp.a(alt_tick.o)
 .debug_abbrev  0x0000000000002c42       0x42 ../TesteSoftware_bsp/\libhal_bsp.a(altera_nios2_gen2_irq.o)
 .debug_abbrev  0x0000000000002c84       0x12 ../TesteSoftware_bsp/\libhal_bsp.a(alt_exception_entry.o)
 .debug_abbrev  0x0000000000002c96       0xf0 ../TesteSoftware_bsp/\libhal_bsp.a(alt_find_dev.o)
 .debug_abbrev  0x0000000000002d86       0xf0 ../TesteSoftware_bsp/\libhal_bsp.a(alt_find_file.o)
 .debug_abbrev  0x0000000000002e76      0x10d ../TesteSoftware_bsp/\libhal_bsp.a(alt_get_fd.o)
 .debug_abbrev  0x0000000000002f83       0xdc ../TesteSoftware_bsp/\libhal_bsp.a(alt_instruction_exception_entry.o)
 .debug_abbrev  0x000000000000305f       0xaa d:/programas/intelfpga_lite/18.1/nios2eds/bin/gnu/h-x86_64-mingw32/bin/../lib/gcc/nios2-elf/5.3.0/../../../../../H-x86_64-mingw32/nios2-elf/lib/mno-hw-mul\libc.a(lib_a-atexit.o)
 .debug_abbrev  0x0000000000003109      0x1e5 d:/programas/intelfpga_lite/18.1/nios2eds/bin/gnu/h-x86_64-mingw32/bin/../lib/gcc/nios2-elf/5.3.0/../../../../../H-x86_64-mingw32/nios2-elf/lib/mno-hw-mul\libc.a(lib_a-exit.o)
 .debug_abbrev  0x00000000000032ee       0x37 d:/programas/intelfpga_lite/18.1/nios2eds/bin/gnu/h-x86_64-mingw32/bin/../lib/gcc/nios2-elf/5.3.0/../../../../../H-x86_64-mingw32/nios2-elf/lib/mno-hw-mul\libc.a(lib_a-int_errno.o)
 .debug_abbrev  0x0000000000003325       0x7f d:/programas/intelfpga_lite/18.1/nios2eds/bin/gnu/h-x86_64-mingw32/bin/../lib/gcc/nios2-elf/5.3.0/../../../../../H-x86_64-mingw32/nios2-elf/lib/mno-hw-mul\libc.a(lib_a-memcmp.o)
 .debug_abbrev  0x00000000000033a4       0xa3 d:/programas/intelfpga_lite/18.1/nios2eds/bin/gnu/h-x86_64-mingw32/bin/../lib/gcc/nios2-elf/5.3.0/../../../../../H-x86_64-mingw32/nios2-elf/lib/mno-hw-mul\libc.a(lib_a-memcpy.o)
 .debug_abbrev  0x0000000000003447       0x90 d:/programas/intelfpga_lite/18.1/nios2eds/bin/gnu/h-x86_64-mingw32/bin/../lib/gcc/nios2-elf/5.3.0/../../../../../H-x86_64-mingw32/nios2-elf/lib/mno-hw-mul\libc.a(lib_a-strlen.o)
 .debug_abbrev  0x00000000000034d7      0x21e d:/programas/intelfpga_lite/18.1/nios2eds/bin/gnu/h-x86_64-mingw32/bin/../lib/gcc/nios2-elf/5.3.0/../../../../../H-x86_64-mingw32/nios2-elf/lib/mno-hw-mul\libc.a(lib_a-__atexit.o)
 .debug_abbrev  0x00000000000036f5      0x22e d:/programas/intelfpga_lite/18.1/nios2eds/bin/gnu/h-x86_64-mingw32/bin/../lib/gcc/nios2-elf/5.3.0/../../../../../H-x86_64-mingw32/nios2-elf/lib/mno-hw-mul\libc.a(lib_a-__call_atexit.o)
 .debug_abbrev  0x0000000000003923       0xa9 ../TesteSoftware_bsp/\libhal_bsp.a(alt_exit.o)

.debug_line     0x0000000000000000     0x3c14
 *(.debug_line)
 .debug_line    0x0000000000000000       0x66 ../TesteSoftware_bsp//obj/HAL/src/crt0.o
 .debug_line    0x0000000000000066      0x2cc obj/default/Principal.o
 .debug_line    0x0000000000000332      0x105 d:/programas/intelfpga_lite/18.1/nios2eds/bin/gnu/h-x86_64-mingw32/bin/../lib/gcc/nios2-elf/5.3.0/mno-hw-mul\libgcc.a(lib2-divmod.o)
 .debug_line    0x0000000000000437       0x80 d:/programas/intelfpga_lite/18.1/nios2eds/bin/gnu/h-x86_64-mingw32/bin/../lib/gcc/nios2-elf/5.3.0/mno-hw-mul\libgcc.a(lib2-mul.o)
 .debug_line    0x00000000000004b7      0x28a d:/programas/intelfpga_lite/18.1/nios2eds/bin/gnu/h-x86_64-mingw32/bin/../lib/gcc/nios2-elf/5.3.0/mno-hw-mul\libgcc.a(addsf3.o)
 .debug_line    0x0000000000000741      0x16c d:/programas/intelfpga_lite/18.1/nios2eds/bin/gnu/h-x86_64-mingw32/bin/../lib/gcc/nios2-elf/5.3.0/mno-hw-mul\libgcc.a(divsf3.o)
 .debug_line    0x00000000000008ad       0xcf d:/programas/intelfpga_lite/18.1/nios2eds/bin/gnu/h-x86_64-mingw32/bin/../lib/gcc/nios2-elf/5.3.0/mno-hw-mul\libgcc.a(lesf2.o)
 .debug_line    0x000000000000097c      0x15c d:/programas/intelfpga_lite/18.1/nios2eds/bin/gnu/h-x86_64-mingw32/bin/../lib/gcc/nios2-elf/5.3.0/mno-hw-mul\libgcc.a(mulsf3.o)
 .debug_line    0x0000000000000ad8      0x298 d:/programas/intelfpga_lite/18.1/nios2eds/bin/gnu/h-x86_64-mingw32/bin/../lib/gcc/nios2-elf/5.3.0/mno-hw-mul\libgcc.a(subsf3.o)
 .debug_line    0x0000000000000d70       0x9a d:/programas/intelfpga_lite/18.1/nios2eds/bin/gnu/h-x86_64-mingw32/bin/../lib/gcc/nios2-elf/5.3.0/mno-hw-mul\libgcc.a(fixsfsi.o)
 .debug_line    0x0000000000000e0a       0xb3 d:/programas/intelfpga_lite/18.1/nios2eds/bin/gnu/h-x86_64-mingw32/bin/../lib/gcc/nios2-elf/5.3.0/mno-hw-mul\libgcc.a(floatsisf.o)
 .debug_line    0x0000000000000ebd       0xce d:/programas/intelfpga_lite/18.1/nios2eds/bin/gnu/h-x86_64-mingw32/bin/../lib/gcc/nios2-elf/5.3.0/mno-hw-mul\libgcc.a(gedf2.o)
 .debug_line    0x0000000000000f8b       0xa2 d:/programas/intelfpga_lite/18.1/nios2eds/bin/gnu/h-x86_64-mingw32/bin/../lib/gcc/nios2-elf/5.3.0/mno-hw-mul\libgcc.a(floatsidf.o)
 .debug_line    0x000000000000102d       0xbd d:/programas/intelfpga_lite/18.1/nios2eds/bin/gnu/h-x86_64-mingw32/bin/../lib/gcc/nios2-elf/5.3.0/mno-hw-mul\libgcc.a(_clzsi2.o)
 .debug_line    0x00000000000010ea       0x56 d:/programas/intelfpga_lite/18.1/nios2eds/bin/gnu/h-x86_64-mingw32/bin/../lib/gcc/nios2-elf/5.3.0/mno-hw-mul\libgcc.a(_clz.o)
 .debug_line    0x0000000000001140      0x1f8 d:/programas/intelfpga_lite/18.1/nios2eds/bin/gnu/h-x86_64-mingw32/bin/../lib/gcc/nios2-elf/5.3.0/../../../../../H-x86_64-mingw32/nios2-elf/lib/mno-hw-mul\libc.a(lib_a-rand.o)
 .debug_line    0x0000000000001338      0x160 d:/programas/intelfpga_lite/18.1/nios2eds/bin/gnu/h-x86_64-mingw32/bin/../lib/gcc/nios2-elf/5.3.0/../../../../../H-x86_64-mingw32/nios2-elf/lib/mno-hw-mul\libc.a(lib_a-impure.o)
 .debug_line    0x0000000000001498       0x91 d:/programas/intelfpga_lite/18.1/nios2eds/bin/gnu/h-x86_64-mingw32/bin/../lib/gcc/nios2-elf/5.3.0/mno-hw-mul\libgcc.a(_muldi3.o)
 .debug_line    0x0000000000001529       0x8e ../TesteSoftware_bsp/\libhal_bsp.a(alt_load.o)
 .debug_line    0x00000000000015b7       0xa4 ../TesteSoftware_bsp/\libhal_bsp.a(alt_main.o)
 .debug_line    0x000000000000165b      0x136 ../TesteSoftware_bsp/\libhal_bsp.a(alt_sys_init.o)
 .debug_line    0x0000000000001791      0x12f ../TesteSoftware_bsp/\libhal_bsp.a(altera_avalon_jtag_uart_fd.o)
 .debug_line    0x00000000000018c0      0x18b ../TesteSoftware_bsp/\libhal_bsp.a(altera_avalon_jtag_uart_init.o)
 .debug_line    0x0000000000001a4b      0x131 ../TesteSoftware_bsp/\libhal_bsp.a(altera_avalon_jtag_uart_ioctl.o)
 .debug_line    0x0000000000001b7c      0x171 ../TesteSoftware_bsp/\libhal_bsp.a(altera_avalon_jtag_uart_read.o)
 .debug_line    0x0000000000001ced      0x170 ../TesteSoftware_bsp/\libhal_bsp.a(altera_avalon_jtag_uart_write.o)
 .debug_line    0x0000000000001e5d       0xf9 ../TesteSoftware_bsp/\libhal_bsp.a(alt_alarm_start.o)
 .debug_line    0x0000000000001f56      0x16f ../TesteSoftware_bsp/\libhal_bsp.a(alt_close.o)
 .debug_line    0x00000000000020c5       0x51 ../TesteSoftware_bsp/\libhal_bsp.a(alt_dcache_flush_all.o)
 .debug_line    0x0000000000002116      0x102 ../TesteSoftware_bsp/\libhal_bsp.a(alt_dev.o)
 .debug_line    0x0000000000002218       0xcf ../TesteSoftware_bsp/\libhal_bsp.a(alt_dev_llist_insert.o)
 .debug_line    0x00000000000022e7       0x59 ../TesteSoftware_bsp/\libhal_bsp.a(alt_do_ctors.o)
 .debug_line    0x0000000000002340       0x59 ../TesteSoftware_bsp/\libhal_bsp.a(alt_do_dtors.o)
 .debug_line    0x0000000000002399       0x51 ../TesteSoftware_bsp/\libhal_bsp.a(alt_errno.o)
 .debug_line    0x00000000000023ea       0x4f ../TesteSoftware_bsp/\libhal_bsp.a(alt_icache_flush_all.o)
 .debug_line    0x0000000000002439       0xeb ../TesteSoftware_bsp/\libhal_bsp.a(alt_iic.o)
 .debug_line    0x0000000000002524       0xdb ../TesteSoftware_bsp/\libhal_bsp.a(alt_iic_isr_register.o)
 .debug_line    0x00000000000025ff      0x13f ../TesteSoftware_bsp/\libhal_bsp.a(alt_io_redirect.o)
 .debug_line    0x000000000000273e       0x6b ../TesteSoftware_bsp/\libhal_bsp.a(alt_irq_entry.o)
 .debug_line    0x00000000000027a9       0xaa ../TesteSoftware_bsp/\libhal_bsp.a(alt_irq_handler.o)
 .debug_line    0x0000000000002853       0x50 ../TesteSoftware_bsp/\libhal_bsp.a(alt_irq_vars.o)
 .debug_line    0x00000000000028a3      0x12b ../TesteSoftware_bsp/\libhal_bsp.a(alt_open.o)
 .debug_line    0x00000000000029ce       0xb0 ../TesteSoftware_bsp/\libhal_bsp.a(alt_release_fd.o)
 .debug_line    0x0000000000002a7e       0xff ../TesteSoftware_bsp/\libhal_bsp.a(alt_tick.o)
 .debug_line    0x0000000000002b7d       0x51 ../TesteSoftware_bsp/\libhal_bsp.a(altera_nios2_gen2_irq.o)
 .debug_line    0x0000000000002bce       0xb3 ../TesteSoftware_bsp/\libhal_bsp.a(alt_exception_entry.o)
 .debug_line    0x0000000000002c81       0xb5 ../TesteSoftware_bsp/\libhal_bsp.a(alt_find_dev.o)
 .debug_line    0x0000000000002d36       0xd1 ../TesteSoftware_bsp/\libhal_bsp.a(alt_find_file.o)
 .debug_line    0x0000000000002e07       0xd7 ../TesteSoftware_bsp/\libhal_bsp.a(alt_get_fd.o)
 .debug_line    0x0000000000002ede       0xb9 ../TesteSoftware_bsp/\libhal_bsp.a(alt_instruction_exception_entry.o)
 .debug_line    0x0000000000002f97       0xe7 d:/programas/intelfpga_lite/18.1/nios2eds/bin/gnu/h-x86_64-mingw32/bin/../lib/gcc/nios2-elf/5.3.0/../../../../../H-x86_64-mingw32/nios2-elf/lib/mno-hw-mul\libc.a(lib_a-atexit.o)
 .debug_line    0x000000000000307e      0x1fc d:/programas/intelfpga_lite/18.1/nios2eds/bin/gnu/h-x86_64-mingw32/bin/../lib/gcc/nios2-elf/5.3.0/../../../../../H-x86_64-mingw32/nios2-elf/lib/mno-hw-mul\libc.a(lib_a-exit.o)
 .debug_line    0x000000000000327a       0x5f d:/programas/intelfpga_lite/18.1/nios2eds/bin/gnu/h-x86_64-mingw32/bin/../lib/gcc/nios2-elf/5.3.0/../../../../../H-x86_64-mingw32/nios2-elf/lib/mno-hw-mul\libc.a(lib_a-int_errno.o)
 .debug_line    0x00000000000032d9      0x176 d:/programas/intelfpga_lite/18.1/nios2eds/bin/gnu/h-x86_64-mingw32/bin/../lib/gcc/nios2-elf/5.3.0/../../../../../H-x86_64-mingw32/nios2-elf/lib/mno-hw-mul\libc.a(lib_a-memcmp.o)
 .debug_line    0x000000000000344f      0x18c d:/programas/intelfpga_lite/18.1/nios2eds/bin/gnu/h-x86_64-mingw32/bin/../lib/gcc/nios2-elf/5.3.0/../../../../../H-x86_64-mingw32/nios2-elf/lib/mno-hw-mul\libc.a(lib_a-memcpy.o)
 .debug_line    0x00000000000035db      0x16f d:/programas/intelfpga_lite/18.1/nios2eds/bin/gnu/h-x86_64-mingw32/bin/../lib/gcc/nios2-elf/5.3.0/../../../../../H-x86_64-mingw32/nios2-elf/lib/mno-hw-mul\libc.a(lib_a-strlen.o)
 .debug_line    0x000000000000374a      0x21f d:/programas/intelfpga_lite/18.1/nios2eds/bin/gnu/h-x86_64-mingw32/bin/../lib/gcc/nios2-elf/5.3.0/../../../../../H-x86_64-mingw32/nios2-elf/lib/mno-hw-mul\libc.a(lib_a-__atexit.o)
 .debug_line    0x0000000000003969      0x23a d:/programas/intelfpga_lite/18.1/nios2eds/bin/gnu/h-x86_64-mingw32/bin/../lib/gcc/nios2-elf/5.3.0/../../../../../H-x86_64-mingw32/nios2-elf/lib/mno-hw-mul\libc.a(lib_a-__call_atexit.o)
 .debug_line    0x0000000000003ba3       0x71 ../TesteSoftware_bsp/\libhal_bsp.a(alt_exit.o)

.debug_frame    0x0000000000000000      0xf24
 *(.debug_frame)
 .debug_frame   0x0000000000000000      0x1a8 obj/default/Principal.o
 .debug_frame   0x00000000000001a8       0x50 d:/programas/intelfpga_lite/18.1/nios2eds/bin/gnu/h-x86_64-mingw32/bin/../lib/gcc/nios2-elf/5.3.0/mno-hw-mul\libgcc.a(lib2-divmod.o)
 .debug_frame   0x00000000000001f8       0x20 d:/programas/intelfpga_lite/18.1/nios2eds/bin/gnu/h-x86_64-mingw32/bin/../lib/gcc/nios2-elf/5.3.0/mno-hw-mul\libgcc.a(lib2-mul.o)
 .debug_frame   0x0000000000000218       0x3c d:/programas/intelfpga_lite/18.1/nios2eds/bin/gnu/h-x86_64-mingw32/bin/../lib/gcc/nios2-elf/5.3.0/mno-hw-mul\libgcc.a(addsf3.o)
 .debug_frame   0x0000000000000254       0x58 d:/programas/intelfpga_lite/18.1/nios2eds/bin/gnu/h-x86_64-mingw32/bin/../lib/gcc/nios2-elf/5.3.0/mno-hw-mul\libgcc.a(divsf3.o)
 .debug_frame   0x00000000000002ac       0x20 d:/programas/intelfpga_lite/18.1/nios2eds/bin/gnu/h-x86_64-mingw32/bin/../lib/gcc/nios2-elf/5.3.0/mno-hw-mul\libgcc.a(lesf2.o)
 .debug_frame   0x00000000000002cc       0x58 d:/programas/intelfpga_lite/18.1/nios2eds/bin/gnu/h-x86_64-mingw32/bin/../lib/gcc/nios2-elf/5.3.0/mno-hw-mul\libgcc.a(mulsf3.o)
 .debug_frame   0x0000000000000324       0x40 d:/programas/intelfpga_lite/18.1/nios2eds/bin/gnu/h-x86_64-mingw32/bin/../lib/gcc/nios2-elf/5.3.0/mno-hw-mul\libgcc.a(subsf3.o)
 .debug_frame   0x0000000000000364       0x20 d:/programas/intelfpga_lite/18.1/nios2eds/bin/gnu/h-x86_64-mingw32/bin/../lib/gcc/nios2-elf/5.3.0/mno-hw-mul\libgcc.a(fixsfsi.o)
 .debug_frame   0x0000000000000384       0x38 d:/programas/intelfpga_lite/18.1/nios2eds/bin/gnu/h-x86_64-mingw32/bin/../lib/gcc/nios2-elf/5.3.0/mno-hw-mul\libgcc.a(floatsisf.o)
 .debug_frame   0x00000000000003bc       0x20 d:/programas/intelfpga_lite/18.1/nios2eds/bin/gnu/h-x86_64-mingw32/bin/../lib/gcc/nios2-elf/5.3.0/mno-hw-mul\libgcc.a(gedf2.o)
 .debug_frame   0x00000000000003dc       0x38 d:/programas/intelfpga_lite/18.1/nios2eds/bin/gnu/h-x86_64-mingw32/bin/../lib/gcc/nios2-elf/5.3.0/mno-hw-mul\libgcc.a(floatsidf.o)
 .debug_frame   0x0000000000000414       0x20 d:/programas/intelfpga_lite/18.1/nios2eds/bin/gnu/h-x86_64-mingw32/bin/../lib/gcc/nios2-elf/5.3.0/mno-hw-mul\libgcc.a(_clzsi2.o)
 .debug_frame   0x0000000000000434       0x44 d:/programas/intelfpga_lite/18.1/nios2eds/bin/gnu/h-x86_64-mingw32/bin/../lib/gcc/nios2-elf/5.3.0/../../../../../H-x86_64-mingw32/nios2-elf/lib/mno-hw-mul\libc.a(lib_a-rand.o)
 .debug_frame   0x0000000000000478       0x54 d:/programas/intelfpga_lite/18.1/nios2eds/bin/gnu/h-x86_64-mingw32/bin/../lib/gcc/nios2-elf/5.3.0/mno-hw-mul\libgcc.a(_muldi3.o)
 .debug_frame   0x00000000000004cc       0x5c ../TesteSoftware_bsp/\libhal_bsp.a(alt_load.o)
 .debug_frame   0x0000000000000528       0x2c ../TesteSoftware_bsp/\libhal_bsp.a(alt_main.o)
 .debug_frame   0x0000000000000554       0x88 ../TesteSoftware_bsp/\libhal_bsp.a(alt_sys_init.o)
 .debug_frame   0x00000000000005dc       0xb0 ../TesteSoftware_bsp/\libhal_bsp.a(altera_avalon_jtag_uart_fd.o)
 .debug_frame   0x000000000000068c       0xa4 ../TesteSoftware_bsp/\libhal_bsp.a(altera_avalon_jtag_uart_init.o)
 .debug_frame   0x0000000000000730       0x34 ../TesteSoftware_bsp/\libhal_bsp.a(altera_avalon_jtag_uart_ioctl.o)
 .debug_frame   0x0000000000000764       0x38 ../TesteSoftware_bsp/\libhal_bsp.a(altera_avalon_jtag_uart_read.o)
 .debug_frame   0x000000000000079c       0x38 ../TesteSoftware_bsp/\libhal_bsp.a(altera_avalon_jtag_uart_write.o)
 .debug_frame   0x00000000000007d4       0x34 ../TesteSoftware_bsp/\libhal_bsp.a(alt_alarm_start.o)
 .debug_frame   0x0000000000000808       0x60 ../TesteSoftware_bsp/\libhal_bsp.a(alt_close.o)
 .debug_frame   0x0000000000000868       0x34 ../TesteSoftware_bsp/\libhal_bsp.a(alt_dcache_flush_all.o)
 .debug_frame   0x000000000000089c       0x34 ../TesteSoftware_bsp/\libhal_bsp.a(alt_dev.o)
 .debug_frame   0x00000000000008d0       0x60 ../TesteSoftware_bsp/\libhal_bsp.a(alt_dev_llist_insert.o)
 .debug_frame   0x0000000000000930       0x38 ../TesteSoftware_bsp/\libhal_bsp.a(alt_do_ctors.o)
 .debug_frame   0x0000000000000968       0x38 ../TesteSoftware_bsp/\libhal_bsp.a(alt_do_dtors.o)
 .debug_frame   0x00000000000009a0       0x34 ../TesteSoftware_bsp/\libhal_bsp.a(alt_icache_flush_all.o)
 .debug_frame   0x00000000000009d4       0xa4 ../TesteSoftware_bsp/\libhal_bsp.a(alt_iic.o)
 .debug_frame   0x0000000000000a78       0x38 ../TesteSoftware_bsp/\libhal_bsp.a(alt_iic_isr_register.o)
 .debug_frame   0x0000000000000ab0       0x64 ../TesteSoftware_bsp/\libhal_bsp.a(alt_io_redirect.o)
 .debug_frame   0x0000000000000b14       0x38 ../TesteSoftware_bsp/\libhal_bsp.a(alt_irq_handler.o)
 .debug_frame   0x0000000000000b4c       0x8c ../TesteSoftware_bsp/\libhal_bsp.a(alt_open.o)
 .debug_frame   0x0000000000000bd8       0x3c ../TesteSoftware_bsp/\libhal_bsp.a(alt_release_fd.o)
 .debug_frame   0x0000000000000c14       0x5c ../TesteSoftware_bsp/\libhal_bsp.a(alt_tick.o)
 .debug_frame   0x0000000000000c70       0x34 ../TesteSoftware_bsp/\libhal_bsp.a(altera_nios2_gen2_irq.o)
 .debug_frame   0x0000000000000ca4       0x38 ../TesteSoftware_bsp/\libhal_bsp.a(alt_find_dev.o)
 .debug_frame   0x0000000000000cdc       0x38 ../TesteSoftware_bsp/\libhal_bsp.a(alt_find_file.o)
 .debug_frame   0x0000000000000d14       0x3c ../TesteSoftware_bsp/\libhal_bsp.a(alt_get_fd.o)
 .debug_frame   0x0000000000000d50       0x5c ../TesteSoftware_bsp/\libhal_bsp.a(alt_instruction_exception_entry.o)