Archive member included to satisfy reference by file (symbol)

d:/programas/intelfpga_lite/18.1/nios2eds/bin/gnu/h-x86_64-mingw32/bin/../lib/gcc/nios2-elf/5.3.0/mno-hw-mul\libgcc.a(lib2-divmod.o)
                              obj/default/Principal.o (__modsi3)
d:/programas/intelfpga_lite/18.1/nios2eds/bin/gnu/h-x86_64-mingw32/bin/../lib/gcc/nios2-elf/5.3.0/mno-hw-mul\libgcc.a(lib2-mul.o)
                              obj/default/Principal.o (__mulsi3)
d:/programas/intelfpga_lite/18.1/nios2eds/bin/gnu/h-x86_64-mingw32/bin/../lib/gcc/nios2-elf/5.3.0/mno-hw-mul\libgcc.a(addsf3.o)
                              obj/default/Principal.o (__addsf3)
d:/programas/intelfpga_lite/18.1/nios2eds/bin/gnu/h-x86_64-mingw32/bin/../lib/gcc/nios2-elf/5.3.0/mno-hw-mul\libgcc.a(divsf3.o)
                              obj/default/Principal.o (__divsf3)
d:/programas/intelfpga_lite/18.1/nios2eds/bin/gnu/h-x86_64-mingw32/bin/../lib/gcc/nios2-elf/5.3.0/mno-hw-mul\libgcc.a(gesf2.o)
                              obj/default/Principal.o (__gesf2)
d:/programas/intelfpga_lite/18.1/nios2eds/bin/gnu/h-x86_64-mingw32/bin/../lib/gcc/nios2-elf/5.3.0/mno-hw-mul\libgcc.a(lesf2.o)
                              obj/default/Principal.o (__lesf2)
d:/programas/intelfpga_lite/18.1/nios2eds/bin/gnu/h-x86_64-mingw32/bin/../lib/gcc/nios2-elf/5.3.0/mno-hw-mul\libgcc.a(mulsf3.o)
                              obj/default/Principal.o (__mulsf3)
d:/programas/intelfpga_lite/18.1/nios2eds/bin/gnu/h-x86_64-mingw32/bin/../lib/gcc/nios2-elf/5.3.0/mno-hw-mul\libgcc.a(subsf3.o)
                              obj/default/Principal.o (__subsf3)
d:/programas/intelfpga_lite/18.1/nios2eds/bin/gnu/h-x86_64-mingw32/bin/../lib/gcc/nios2-elf/5.3.0/mno-hw-mul\libgcc.a(fixsfsi.o)
                              obj/default/Principal.o (__fixsfsi)
d:/programas/intelfpga_lite/18.1/nios2eds/bin/gnu/h-x86_64-mingw32/bin/../lib/gcc/nios2-elf/5.3.0/mno-hw-mul\libgcc.a(floatsisf.o)
                              obj/default/Principal.o (__floatsisf)
d:/programas/intelfpga_lite/18.1/nios2eds/bin/gnu/h-x86_64-mingw32/bin/../lib/gcc/nios2-elf/5.3.0/mno-hw-mul\libgcc.a(floatunsisf.o)
                              obj/default/Principal.o (__floatunsisf)
d:/programas/intelfpga_lite/18.1/nios2eds/bin/gnu/h-x86_64-mingw32/bin/../lib/gcc/nios2-elf/5.3.0/mno-hw-mul\libgcc.a(gedf2.o)
                              obj/default/Principal.o (__gedf2)
d:/programas/intelfpga_lite/18.1/nios2eds/bin/gnu/h-x86_64-mingw32/bin/../lib/gcc/nios2-elf/5.3.0/mno-hw-mul\libgcc.a(floatsidf.o)
                              obj/default/Principal.o (__floatsidf)
d:/programas/intelfpga_lite/18.1/nios2eds/bin/gnu/h-x86_64-mingw32/bin/../lib/gcc/nios2-elf/5.3.0/mno-hw-mul\libgcc.a(_clzsi2.o)
                              d:/programas/intelfpga_lite/18.1/nios2eds/bin/gnu/h-x86_64-mingw32/bin/../lib/gcc/nios2-elf/5.3.0/mno-hw-mul\libgcc.a(addsf3.o) (__clzsi2)
d:/programas/intelfpga_lite/18.1/nios2eds/bin/gnu/h-x86_64-mingw32/bin/../lib/gcc/nios2-elf/5.3.0/mno-hw-mul\libgcc.a(_clz.o)
                              d:/programas/intelfpga_lite/18.1/nios2eds/bin/gnu/h-x86_64-mingw32/bin/../lib/gcc/nios2-elf/5.3.0/mno-hw-mul\libgcc.a(_clzsi2.o) (__clz_tab)
d:/programas/intelfpga_lite/18.1/nios2eds/bin/gnu/h-x86_64-mingw32/bin/../lib/gcc/nios2-elf/5.3.0/../../../../../H-x86_64-mingw32/nios2-elf/lib/mno-hw-mul\libc.a(lib_a-rand.o)
                              obj/default/Principal.o (srand)
d:/programas/intelfpga_lite/18.1/nios2eds/bin/gnu/h-x86_64-mingw32/bin/../lib/gcc/nios2-elf/5.3.0/../../../../../H-x86_64-mingw32/nios2-elf/lib/mno-hw-mul\libc.a(lib_a-impure.o)
                              d:/programas/intelfpga_lite/18.1/nios2eds/bin/gnu/h-x86_64-mingw32/bin/../lib/gcc/nios2-elf/5.3.0/../../../../../H-x86_64-mingw32/nios2-elf/lib/mno-hw-mul\libc.a(lib_a-rand.o) (_impure_ptr)
d:/programas/intelfpga_lite/18.1/nios2eds/bin/gnu/h-x86_64-mingw32/bin/../lib/gcc/nios2-elf/5.3.0/mno-hw-mul\libgcc.a(_muldi3.o)
                              d:/programas/intelfpga_lite/18.1/nios2eds/bin/gnu/h-x86_64-mingw32/bin/../lib/gcc/nios2-elf/5.3.0/../../../../../H-x86_64-mingw32/nios2-elf/lib/mno-hw-mul\libc.a(lib_a-rand.o) (__muldi3)
../TesteSoftware_bsp/\libhal_bsp.a(alt_load.o)
                              ../TesteSoftware_bsp//obj/HAL/src/crt0.o (alt_load)
../TesteSoftware_bsp/\libhal_bsp.a(alt_main.o)
                              ../TesteSoftware_bsp//obj/HAL/src/crt0.o (alt_main)
../TesteSoftware_bsp/\libhal_bsp.a(alt_sys_init.o)
                              ../TesteSoftware_bsp/\libhal_bsp.a(alt_main.o) (alt_irq_init)
../TesteSoftware_bsp/\libhal_bsp.a(altera_avalon_jtag_uart_fd.o)
                              ../TesteSoftware_bsp/\libhal_bsp.a(alt_sys_init.o) (altera_avalon_jtag_uart_read_fd)
../TesteSoftware_bsp/\libhal_bsp.a(altera_avalon_jtag_uart_init.o)
                              ../TesteSoftware_bsp/\libhal_bsp.a(alt_sys_init.o) (altera_avalon_jtag_uart_init)
[...]
Memory Configuration

Name             Origin             Length             Attributes
MemoriaDados     0x0000000000000000 0x0000000000004000
reset            0x0000000000020000 0x0000000000000020
MemoriaPrograma  0x0000000000020020 0x000000000000ffe0
*default*        0x0000000000000000 0xffffffffffffffff

Linker script and memory map

LOAD ../TesteSoftware_bsp//obj/HAL/src/crt0.o
LOAD obj/default/Principal.o
LOAD d:/programas/intelfpga_lite/18.1/nios2eds/bin/gnu/h-x86_64-mingw32/bin/../lib/gcc/nios2-elf/5.3.0/../../../../../H-x86_64-mingw32/nios2-elf/lib/mno-hw-mul\libstdc++.a
LOAD d:/programas/intelfpga_lite/18.1/nios2eds/bin/gnu/h-x86_64-mingw32/bin/../lib/gcc/nios2-elf/5.3.0/../../../../../H-x86_64-mingw32/nios2-elf/lib/mno-hw-mul\libm.a
LOAD d:/programas/intelfpga_lite/18.1/nios2eds/bin/gnu/h-x86_64-mingw32/bin/../lib/gcc/nios2-elf/5.3.0/mno-hw-mul\libgcc.a
START GROUP
LOAD d:/programas/intelfpga_lite/18.1/nios2eds/bin/gnu/h-x86_64-mingw32/bin/../lib/gcc/nios2-elf/5.3.0/../../../../../H-x86_64-mingw32/nios2-elf/lib/mno-hw-mul\libc.a
LOAD d:/programas/intelfpga_lite/18.1/nios2eds/bin/gnu/h-x86_64-mingw32/bin/../lib/gcc/nios2-elf/5.3.0/mno-hw-mul\libgcc.a
LOAD ../TesteSoftware_bsp/\libhal_bsp.a
LOAD d:/programas/intelfpga_lite/18.1/nios2eds/bin/gnu/h-x86_64-mingw32/bin/../lib/gcc/nios2-elf/5.3.0/../../../../../H-x86_64-mingw32/nios2-elf/lib/mno-hw-mul\libm.a
END GROUP
LOAD d:/programas/intelfpga_lite/18.1/nios2eds/bin/gnu/h-x86_64-mingw32/bin/../lib/gcc/nios2-elf/5.3.0/mno-hw-mul\libgcc.a
                0x0000000000000000                __alt_mem_MemoriaDados = 0x0
                0x0000000000020000                __alt_mem_MemoriaPrograma = 0x20000

.entry          0x0000000000020000       0x20
 *(.entry)
 .entry         0x0000000000020000       0x20 ../TesteSoftware_bsp//obj/HAL/src/crt0.o
                0x0000000000020000                __reset

.exceptions     0x0000000000020020      0x210
                0x0000000000020020                PROVIDE (__ram_exceptions_start, ABSOLUTE (.))
                0x0000000000020020                . = ALIGN (0x20)
 *(.irq)
 *(.exceptions.entry.label)
 .exceptions.entry.label
                0x0000000000020020        0x0 ../TesteSoftware_bsp/\libhal_bsp.a(alt_irq_entry.o)
                0x0000000000020020                alt_irq_entry
 .exceptions.entry.label
                0x0000000000020020        0x0 ../TesteSoftware_bsp/\libhal_bsp.a(alt_exception_entry.o)
                0x0000000000020020                alt_exception
 *(.exceptions.entry.user)
 *(.exceptions.entry.ecc_fatal)
 *(.exceptions.entry)
 .exceptions.entry
                0x0000000000020020       0x54 ../TesteSoftware_bsp/\libhal_bsp.a(alt_exception_entry.o)
 *(.exceptions.irqtest.user)
 *(.exceptions.irqtest)
 .exceptions.irqtest
                0x0000000000020074       0x10 ../TesteSoftware_bsp/\libhal_bsp.a(alt_irq_entry.o)
 *(.exceptions.irqhandler.user)
 *(.exceptions.irqhandler)
 .exceptions.irqhandler
                0x0000000000020084        0x4 ../TesteSoftware_bsp/\libhal_bsp.a(alt_irq_entry.o)
 *(.exceptions.irqreturn.user)
 *(.exceptions.irqreturn)
 .exceptions.irqreturn
                0x0000000000020088        0x4 ../TesteSoftware_bsp/\libhal_bsp.a(alt_irq_entry.o)
 *(.exceptions.notirq.label)
 .exceptions.notirq.label
                0x000000000002008c        0x0 ../TesteSoftware_bsp/\libhal_bsp.a(alt_irq_entry.o)
 *(.exceptions.notirq.user)
 *(.exceptions.notirq)
 .exceptions.notirq
                0x000000000002008c        0x8 ../TesteSoftware_bsp/\libhal_bsp.a(alt_exception_entry.o)
 *(.exceptions.soft.user)
 *(.exceptions.soft)
 *(.exceptions.unknown.user)
 *(.exceptions.unknown)
 .exceptions.unknown
                0x0000000000020094       0x14 ../TesteSoftware_bsp/\libhal_bsp.a(alt_exception_entry.o)
 *(.exceptions.exit.label)
 .exceptions.exit.label
                0x00000000000200a8        0x0 ../TesteSoftware_bsp/\libhal_bsp.a(alt_irq_entry.o)
 .exceptions.exit.label
                0x00000000000200a8        0x0 ../TesteSoftware_bsp/\libhal_bsp.a(alt_exception_entry.o)
 *(.exceptions.exit.user)
 *(.exceptions.exit)
 .exceptions.exit
                0x00000000000200a8       0x54 ../TesteSoftware_bsp/\libhal_bsp.a(alt_exception_entry.o)
 *(.exceptions)
 .exceptions    0x00000000000200fc       0xd4 ../TesteSoftware_bsp/\libhal_bsp.a(alt_irq_handler.o)
                0x00000000000200fc                alt_irq_handler
 .exceptions    0x00000000000201d0       0x60 ../TesteSoftware_bsp/\libhal_bsp.a(alt_instruction_exception_entry.o)
                0x00000000000201d0                alt_instruction_exception_entry
                0x0000000000020230                PROVIDE (__ram_exceptions_end, ABSOLUTE (.))
                0x0000000000020020                PROVIDE (__flash_exceptions_start, LOADADDR (.exceptions))

.text           0x0000000000020230     0x501c
                [!provide]                        PROVIDE (stext, ABSOLUTE (.))
 *(.interp)
 *(.hash)
 *(.dynsym)
 *(.dynstr)
 *(.gnu.version)
 *(.gnu.version_d)
 *(.gnu.version_r)
 *(.rel.init)
 *(.rela.init)
 *(.rel.text .rel.text.* .rel.gnu.linkonce.t.*)
 *(.rela.text .rela.text.* .rela.gnu.linkonce.t.*)
 *(.rel.fini)
 *(.rela.fini)
 *(.rel.rodata .rel.rodata.* .rel.gnu.linkonce.r.*)
 *(.rela.rodata .rela.rodata.* .rela.gnu.linkonce.r.*)
 *(.rel.data .rel.data.* .rel.gnu.linkonce.d.*)
 *(.rela.data .rela.data.* .rela.gnu.linkonce.d.*)
 *(.rel.tdata .rel.tdata.* .rel.gnu.linkonce.td.*)
 *(.rela.tdata .rela.tdata.* .rela.gnu.linkonce.td.*)
 *(.rel.tbss .rel.tbss.* .rel.gnu.linkonce.tb.*)
 *(.rela.tbss .rela.tbss.* .rela.gnu.linkonce.tb.*)
 *(.rel.ctors)
 *(.rela.ctors)
 *(.rel.dtors)
 *(.rela.dtors)
 *(.rel.got)
 *(.rela.got)
 *(.rel.sdata .rel.sdata.* .rel.gnu.linkonce.s.*)
 *(.rela.sdata .rela.sdata.* .rela.gnu.linkonce.s.*)
 *(.rel.sbss .rel.sbss.* .rel.gnu.linkonce.sb.*)
 *(.rela.sbss .rela.sbss.* .rela.gnu.linkonce.sb.*)
 *(.rel.sdata2 .rel.sdata2.* .rel.gnu.linkonce.s2.*)
 *(.rela.sdata2 .rela.sdata2.* .rela.gnu.linkonce.s2.*)
 *(.rel.sbss2 .rel.sbss2.* .rel.gnu.linkonce.sb2.*)
 *(.rela.sbss2 .rela.sbss2.* .rela.gnu.linkonce.sb2.*)
 *(.rel.bss .rel.bss.* .rel.gnu.linkonce.b.*)
 *(.rela.bss .rela.bss.* .rela.gnu.linkonce.b.*)
 *(.rel.plt)
 *(.rela.plt)
 *(.rel.dyn)
 *(.init)
 *(.plt)
 *(.text .stub .text.* .gnu.linkonce.t.*)
 .text          0x0000000000020230       0x3c ../TesteSoftware_bsp//obj/HAL/src/crt0.o
                0x0000000000020230                _start
 .text          0x000000000002026c     0x1230 obj/default/Principal.o
                0x000000000002026c                print_str
                0x00000000000202e8                print_int
                0x0000000000020324                print_float
                0x000000000002038c                pause_print_time
                0x00000000000203f0                stop_simulation
                0x000000000002041c                copyConstants
                0x00000000000204d4                computeConstants
                0x0000000000020668                distSquarePointLine
                0x00000000000207b8                linearRegression
                0x0000000000020b70                distSquarePointPoint
                0x0000000000020cb4                main
 .text          0x000000000002149c      0x1b4 d:/programas/intelfpga_lite/18.1/nios2eds/bin/gnu/h-x86_64-mingw32/bin/../lib/gcc/nios2-elf/5.3.0/mno-hw-mul\libgcc.a(lib2-divmod.o)
                0x000000000002149c                __divsi3
                0x0000000000021520                __modsi3
                0x0000000000021594                __udivsi3
                0x00000000000215f8                __umodsi3
 .text          0x0000000000021650       0x28 d:/programas/intelfpga_lite/18.1/nios2eds/bin/gnu/h-x86_64-mingw32/bin/../lib/gcc/nios2-elf/5.3.0/mno-hw-mul\libgcc.a(lib2-mul.o)
                0x0000000000021650                __mulsi3
 .text          0x0000000000021678      0x4c8 d:/programas/intelfpga_lite/18.1/nios2eds/bin/gnu/h-x86_64-mingw32/bin/../lib/gcc/nios2-elf/5.3.0/mno-hw-mul\libgcc.a(addsf3.o)
                0x0000000000021678                __addsf3
 .text          0x0000000000021b40      0x440 d:/programas/intelfpga_lite/18.1/nios2eds/bin/gnu/h-x86_64-mingw32/bin/../lib/gcc/nios2-elf/5.3.0/mno-hw-mul\libgcc.a(divsf3.o)
                0x0000000000021b40                __divsf3
 .text          0x0000000000021f80       0xbc d:/programas/intelfpga_lite/18.1/nios2eds/bin/gnu/h-x86_64-mingw32/bin/../lib/gcc/nios2-elf/5.3.0/mno-hw-mul\libgcc.a(gesf2.o)
                0x0000000000021f80                __gesf2
                0x0000000000021f80                __gtsf2
 .text          0x000000000002203c       0xc8 d:/programas/intelfpga_lite/18.1/nios2eds/bin/gnu/h-x86_64-mingw32/bin/../lib/gcc/nios2-elf/5.3.0/mno-hw-mul\libgcc.a(lesf2.o)
                0x000000000002203c                __ltsf2
                0x000000000002203c                __lesf2
 .text          0x0000000000022104      0x430 d:/programas/intelfpga_lite/18.1/nios2eds/bin/gnu/h-x86_64-mingw32/bin/../lib/gcc/nios2-elf/5.3.0/mno-hw-mul\libgcc.a(mulsf3.o)
                0x0000000000022104                __mulsf3
 .text          0x0000000000022534      0x4e4 d:/programas/intelfpga_lite/18.1/nios2eds/bin/gnu/h-x86_64-mingw32/bin/../lib/gcc/nios2-elf/5.3.0/mno-hw-mul\libgcc.a(subsf3.o)
                0x0000000000022534                __subsf3
 .text          0x0000000000022a18       0x70 d:/programas/intelfpga_lite/18.1/nios2eds/bin/gnu/h-x86_64-mingw32/bin/../lib/gcc/nios2-elf/5.3.0/mno-hw-mul\libgcc.a(fixsfsi.o)
                0x0000000000022a18                __fixsfsi
 .text          0x0000000000022a88      0x124 d:/programas/intelfpga_lite/18.1/nios2eds/bin/gnu/h-x86_64-mingw32/bin/../lib/gcc/nios2-elf/5.3.0/mno-hw-mul\libgcc.a(floatsisf.o)
                0x0000000000022a88                __floatsisf
 .text          0x0000000000022bac       0xf0 d:/programas/intelfpga_lite/18.1/nios2eds/bin/gnu/h-x86_64-mingw32/bin/../lib/gcc/nios2-elf/5.3.0/mno-hw-mul\libgcc.a(floatunsisf.o)
                0x0000000000022bac                __floatunsisf
 .text          0x0000000000022c9c       0xdc d:/programas/intelfpga_lite/18.1/nios2eds/bin/gnu/h-x86_64-mingw32/bin/../lib/gcc/nios2-elf/5.3.0/mno-hw-mul\libgcc.a(gedf2.o)
                0x0000000000022c9c                __gedf2
                0x0000000000022c9c                __gtdf2
 .text          0x0000000000022d78       0xdc d:/programas/intelfpga_lite/18.1/nios2eds/bin/gnu/h-x86_64-mingw32/bin/../lib/gcc/nios2-elf/5.3.0/mno-hw-mul\libgcc.a(floatsidf.o)
                0x0000000000022d78                __floatsidf
 .text          0x0000000000022e54       0x64 d:/programas/intelfpga_lite/18.1/nios2eds/bin/gnu/h-x86_64-mingw32/bin/../lib/gcc/nios2-elf/5.3.0/mno-hw-mul\libgcc.a(_clzsi2.o)
                0x0000000000022e54                __clzsi2
 .text          0x0000000000022eb8        0x0 d:/programas/intelfpga_lite/18.1/nios2eds/bin/gnu/h-x86_64-mingw32/bin/../lib/gcc/nios2-elf/5.3.0/mno-hw-mul\libgcc.a(_clz.o)
 .text          0x0000000000022eb8        0x0 d:/programas/intelfpga_lite/18.1/nios2eds/bin/gnu/h-x86_64-mingw32/bin/../lib/gcc/nios2-elf/5.3.0/../../../../../H-x86_64-mingw32/nios2-elf/lib/mno-hw-mul\libc.a(lib_a-rand.o)
 .text.srand    0x0000000000022eb8       0x18 d:/programas/intelfpga_lite/18.1/nios2eds/bin/gnu/h-x86_64-mingw32/bin/../lib/gcc/nios2-elf/5.3.0/../../../../../H-x86_64-mingw32/nios2-elf/lib/mno-hw-mul\libc.a(lib_a-rand.o)
                0x0000000000022eb8                srand
 .text.rand     0x0000000000022ed0       0x64 d:/programas/intelfpga_lite/18.1/nios2eds/bin/gnu/h-x86_64-mingw32/bin/../lib/gcc/nios2-elf/5.3.0/../../../../../H-x86_64-mingw32/nios2-elf/lib/mno-hw-mul\libc.a(lib_a-rand.o)
                0x0000000000022ed0                rand
 .text          0x0000000000022f34        0x0 d:/programas/intelfpga_lite/18.1/nios2eds/bin/gnu/h-x86_64-mingw32/bin/../lib/gcc/nios2-elf/5.3.0/../../../../../H-x86_64-mingw32/nios2-elf/lib/mno-hw-mul\libc.a(lib_a-impure.o)
 .text          0x0000000000022f34      0x10c d:/programas/intelfpga_lite/18.1/nios2eds/bin/gnu/h-x86_64-mingw32/bin/../lib/gcc/nios2-elf/5.3.0/mno-hw-mul\libgcc.a(_muldi3.o)
                0x0000000000022f34                __muldi3
 .text          0x0000000000023040       0xec ../TesteSoftware_bsp/\libhal_bsp.a(alt_load.o)
                0x00000000000230a8                alt_load
 .text          0x000000000002312c       0x7c ../TesteSoftware_bsp/\libhal_bsp.a(alt_main.o)
                0x000000000002312c                alt_main
 .text          0x00000000000231a8       0xb4 ../TesteSoftware_bsp/\libhal_bsp.a(alt_sys_init.o)
                0x00000000000231dc                alt_irq_init
                0x0000000000023214                alt_sys_init
 .text          0x000000000002325c      0x164 ../TesteSoftware_bsp/\libhal_bsp.a(altera_avalon_jtag_uart_fd.o)
                0x000000000002325c                altera_avalon_jtag_uart_read_fd
                0x00000000000232bc                altera_avalon_jtag_uart_write_fd
                0x000000000002331c                altera_avalon_jtag_uart_close_fd
                0x000000000002336c                altera_avalon_jtag_uart_ioctl_fd
 .text          0x00000000000233c0      0x3d4 ../TesteSoftware_bsp/\libhal_bsp.a(altera_avalon_jtag_uart_init.o)
                0x00000000000233c0                altera_avalon_jtag_uart_init
                0x000000000002372c                altera_avalon_jtag_uart_close
 .text          0x0000000000023794       0xf0 ../TesteSoftware_bsp/\libhal_bsp.a(altera_avalon_jtag_uart_ioctl.o)
                0x0000000000023794                altera_avalon_jtag_uart_ioctl
 .text          0x0000000000023884      0x21c ../TesteSoftware_bsp/\libhal_bsp.a(altera_avalon_jtag_uart_read.o)
                0x0000000000023884                altera_avalon_jtag_uart_read
 .text          0x0000000000023aa0      0x224 ../TesteSoftware_bsp/\libhal_bsp.a(altera_avalon_jtag_uart_write.o)
                0x0000000000023aa0                altera_avalon_jtag_uart_write
 .text          0x0000000000023cc4      0x12c ../TesteSoftware_bsp/\libhal_bsp.a(alt_alarm_start.o)
                0x0000000000023cc4                alt_alarm_start
 .text          0x0000000000023df0      0x114 ../TesteSoftware_bsp/\libhal_bsp.a(alt_close.o)
                0x0000000000023e2c                close
 .text          0x0000000000023f04       0x20 ../TesteSoftware_bsp/\libhal_bsp.a(alt_dcache_flush_all.o)
                0x0000000000023f04                alt_dcache_flush_all
 .text          0x0000000000023f24       0x2c ../TesteSoftware_bsp/\libhal_bsp.a(alt_dev.o)
 .text          0x0000000000023f50       0xe0 ../TesteSoftware_bsp/\libhal_bsp.a(alt_dev_llist_insert.o)
                0x0000000000023f8c                alt_dev_llist_insert
 .text          0x0000000000024030       0x60 ../TesteSoftware_bsp/\libhal_bsp.a(alt_do_ctors.o)
                0x0000000000024030                _do_ctors
 .text          0x0000000000024090       0x60 ../TesteSoftware_bsp/\libhal_bsp.a(alt_do_dtors.o)
                0x0000000000024090                _do_dtors
 .text          0x00000000000240f0        0x0 ../TesteSoftware_bsp/\libhal_bsp.a(alt_errno.o)
 .text          0x00000000000240f0       0x20 ../TesteSoftware_bsp/\libhal_bsp.a(alt_icache_flush_all.o)
                0x00000000000240f0                alt_icache_flush_all
 .text          0x0000000000024110      0x1b0 ../TesteSoftware_bsp/\libhal_bsp.a(alt_iic.o)
                0x0000000000024110                alt_ic_isr_register
                0x0000000000024160                alt_ic_irq_enable
                0x00000000000241e8                alt_ic_irq_disable
                0x0000000000024274                alt_ic_irq_enabled
 .text          0x00000000000242c0       0xf0 ../TesteSoftware_bsp/\libhal_bsp.a(alt_iic_isr_register.o)
                0x00000000000242c0                alt_iic_isr_register
 .text          0x00000000000243b0      0x160 ../TesteSoftware_bsp/\libhal_bsp.a(alt_io_redirect.o)
                0x0000000000024494                alt_io_redirect
 .text          0x0000000000024510        0x0 ../TesteSoftware_bsp/\libhal_bsp.a(alt_irq_entry.o)
 .text          0x0000000000024510        0x0 ../TesteSoftware_bsp/\libhal_bsp.a(alt_irq_handler.o)
 .text          0x0000000000024510        0x0 ../TesteSoftware_bsp/\libhal_bsp.a(alt_irq_vars.o)
 .text          0x0000000000024510      0x284 ../TesteSoftware_bsp/\libhal_bsp.a(alt_open.o)
                0x0000000000024638                open
 .text          0x0000000000024794       0x84 ../TesteSoftware_bsp/\libhal_bsp.a(alt_release_fd.o)
                0x0000000000024794                alt_release_fd
 .text          0x0000000000024818      0x1a4 ../TesteSoftware_bsp/\libhal_bsp.a(alt_tick.o)
                0x0000000000024818                alt_alarm_stop
                0x00000000000248b4                alt_tick
 .text          0x00000000000249bc       0x24 ../TesteSoftware_bsp/\libhal_bsp.a(altera_nios2_gen2_irq.o)
                0x00000000000249bc                altera_nios2_gen2_irq_init
 .text          0x00000000000249e0        0x0 ../TesteSoftware_bsp/\libhal_bsp.a(alt_exception_entry.o)
 .text          0x00000000000249e0       0x90 ../TesteSoftware_bsp/\libhal_bsp.a(alt_find_dev.o)
                0x00000000000249e0                alt_find_dev
 .text          0x0000000000024a70      0x108 ../TesteSoftware_bsp/\libhal_bsp.a(alt_find_file.o)
                0x0000000000024a70                alt_find_file
 .text          0x0000000000024b78       0xc4 ../TesteSoftware_bsp/\libhal_bsp.a(alt_get_fd.o)
                0x0000000000024b78                alt_get_fd
 .text          0x0000000000024c3c       0x9c ../TesteSoftware_bsp/\libhal_bsp.a(alt_instruction_exception_entry.o)
                0x0000000000024c3c                alt_exception_cause_generated_bad_addr
 .text          0x0000000000024cd8        0x0 d:/programas/intelfpga_lite/18.1/nios2eds/bin/gnu/h-x86_64-mingw32/bin/../lib/gcc/nios2-elf/5.3.0/../../../../../H-x86_64-mingw32/nios2-elf/lib/mno-hw-mul\libc.a(lib_a-atexit.o)
 .text.atexit   0x0000000000024cd8       0x14 d:/programas/intelfpga_lite/18.1/nios2eds/bin/gnu/h-x86_64-mingw32/bin/../lib/gcc/nios2-elf/5.3.0/../../../../../H-x86_64-mingw32/nios2-elf/lib/mno-hw-mul\libc.a(lib_a-atexit.o)
                0x0000000000024cd8                atexit
 .text          0x0000000000024cec        0x0 d:/programas/intelfpga_lite/18.1/nios2eds/bin/gnu/h-x86_64-mingw32/bin/../lib/gcc/nios2-elf/5.3.0/../../../../../H-x86_64-mingw32/nios2-elf/lib/mno-hw-mul\libc.a(lib_a-exit.o)
 .text.exit     0x0000000000024cec       0x38 d:/programas/intelfpga_lite/18.1/nios2eds/bin/gnu/h-x86_64-mingw32/bin/../lib/gcc/nios2-elf/5.3.0/../../../../../H-x86_64-mingw32/nios2-elf/lib/mno-hw-mul\libc.a(lib_a-exit.o)
                0x0000000000024cec                exit
 .text          0x0000000000024d24        0x0 d:/programas/intelfpga_lite/18.1/nios2eds/bin/gnu/h-x86_64-mingw32/bin/../lib/gcc/nios2-elf/5.3.0/../../../../../H-x86_64-mingw32/nios2-elf/lib/mno-hw-mul\libc.a(lib_a-int_errno.o)
 .text          0x0000000000024d24        0x0 d:/programas/intelfpga_lite/18.1/nios2eds/bin/gnu/h-x86_64-mingw32/bin/../lib/gcc/nios2-elf/5.3.0/../../../../../H-x86_64-mingw32/nios2-elf/lib/mno-hw-mul\libc.a(lib_a-memcmp.o)
 .text.memcmp   0x0000000000024d24       0x7c d:/programas/intelfpga_lite/18.1/nios2eds/bin/gnu/h-x86_64-mingw32/bin/../lib/gcc/nios2-elf/5.3.0/../../../../../H-x86_64-mingw32/nios2-elf/lib/mno-hw-mul\libc.a(lib_a-memcmp.o)
                0x0000000000024d24                memcmp
 .text          0x0000000000024da0        0x0 d:/programas/intelfpga_lite/18.1/nios2eds/bin/gnu/h-x86_64-mingw32/bin/../lib/gcc/nios2-elf/5.3.0/../../../../../H-x86_64-mingw32/nios2-elf/lib/mno-hw-mul\libc.a(lib_a-memcpy.o)
 .text.memcpy   0x0000000000024da0      0x148 d:/programas/intelfpga_lite/18.1/nios2eds/bin/gnu/h-x86_64-mingw32/bin/../lib/gcc/nios2-elf/5.3.0/../../../../../H-x86_64-mingw32/nios2-elf/lib/mno-hw-mul\libc.a(lib_a-memcpy.o)
                0x0000000000024da0                memcpy
 .text          0x0000000000024ee8        0x0 d:/programas/intelfpga_lite/18.1/nios2eds/bin/gnu/h-x86_64-mingw32/bin/../lib/gcc/nios2-elf/5.3.0/../../../../../H-x86_64-mingw32/nios2-elf/lib/mno-hw-mul\libc.a(lib_a-strlen.o)
 .text.strlen   0x0000000000024ee8       0x98 d:/programas/intelfpga_lite/18.1/nios2eds/bin/gnu/h-x86_64-mingw32/bin/../lib/gcc/nios2-elf/5.3.0/../../../../../H-x86_64-mingw32/nios2-elf/lib/mno-hw-mul\libc.a(lib_a-strlen.o)
                0x0000000000024ee8                strlen
 .text          0x0000000000024f80        0x0 d:/programas/intelfpga_lite/18.1/nios2eds/bin/gnu/h-x86_64-mingw32/bin/../lib/gcc/nios2-elf/5.3.0/../../../../../H-x86_64-mingw32/nios2-elf/lib/mno-hw-mul\libc.a(lib_a-__atexit.o)
 .text.__register_exitproc
                0x0000000000024f80      0x118 d:/programas/intelfpga_lite/18.1/nios2eds/bin/gnu/h-x86_64-mingw32/bin/../lib/gcc/nios2-elf/5.3.0/../../../../../H-x86_64-mingw32/nios2-elf/lib/mno-hw-mul\libc.a(lib_a-__atexit.o)
                0x0000000000024f80                __register_exitproc
 .text          0x0000000000025098        0x0 d:/programas/intelfpga_lite/18.1/nios2eds/bin/gnu/h-x86_64-mingw32/bin/../lib/gcc/nios2-elf/5.3.0/../../../../../H-x86_64-mingw32/nios2-elf/lib/mno-hw-mul\libc.a(lib_a-__call_atexit.o)
 .text.__call_exitprocs
                0x0000000000025098      0x180 d:/programas/intelfpga_lite/18.1/nios2eds/bin/gnu/h-x86_64-mingw32/bin/../lib/gcc/nios2-elf/5.3.0/../../../../../H-x86_64-mingw32/nios2-elf/lib/mno-hw-mul\libc.a(lib_a-__call_atexit.o)
                0x0000000000025098                __call_exitprocs
 .text          0x0000000000025218       0x34 ../TesteSoftware_bsp/\libhal_bsp.a(alt_exit.o)
                0x0000000000025218                _exit
 *(.gnu.warning.*)
 *(.fini)
                [!provide]                        PROVIDE (__etext, ABSOLUTE (.))
                [!provide]                        PROVIDE (_etext, ABSOLUTE (.))
                [!provide]                        PROVIDE (etext, ABSOLUTE (.))
 *(.eh_frame_hdr)
                0x000000000002524c                . = ALIGN (0x4)
                [!provide]                        PROVIDE (__preinit_array_start, ABSOLUTE (.))
 *(.preinit_array)
                [!provide]                        PROVIDE (__preinit_array_end, ABSOLUTE (.))
                [!provide]                        PROVIDE (__init_array_start, ABSOLUTE (.))
 *(.init_array)
                [!provide]                        PROVIDE (__init_array_end, ABSOLUTE (.))
                [!provide]                        PROVIDE (__fini_array_start, ABSOLUTE (.))
 *(.fini_array)
                [!provide]                        PROVIDE (__fini_array_end, ABSOLUTE (.))
 *(.eh_frame)
 *(.gcc_except_table .gcc_except_table.*)
 *(.dynamic)
                0x000000000002524c                PROVIDE (__CTOR_LIST__, ABSOLUTE (.))
 *(.ctors)
 *(SORT(.ctors.*))
                0x000000000002524c                PROVIDE (__CTOR_END__, ABSOLUTE (.))
                0x000000000002524c                PROVIDE (__DTOR_LIST__, ABSOLUTE (.))
 *(.dtors)
 *(SORT(.dtors.*))
                0x000000000002524c                PROVIDE (__DTOR_END__, ABSOLUTE (.))
 *(.jcr)
                0x000000000002524c                . = ALIGN (0x4)

.rodata         0x000000000002524c      0x598
                0x000000000002524c                PROVIDE (__ram_rodata_start, ABSOLUTE (.))
                0x000000000002524c                . = ALIGN (0x4)
 *(.rodata .rodata.* .gnu.linkonce.r.*)
 .rodata        0x000000000002524c      0x467 obj/default/Principal.o
                0x000000000002524c                data_points_
 .rodata        0x00000000000256b3      0x100 d:/programas/intelfpga_lite/18.1/nios2eds/bin/gnu/h-x86_64-mingw32/bin/../lib/gcc/nios2-elf/5.3.0/mno-hw-mul\libgcc.a(_clz.o)
                0x00000000000256b3                __clz_tab
 *fill*         0x00000000000257b3        0x1 
 .rodata.str1.4
                0x00000000000257b4        0x4 d:/programas/intelfpga_lite/18.1/nios2eds/bin/gnu/h-x86_64-mingw32/bin/../lib/gcc/nios2-elf/5.3.0/../../../../../H-x86_64-mingw32/nios2-elf/lib/mno-hw-mul\libc.a(lib_a-impure.o)
                                          0x2 (size before relaxing)
 .rodata        0x00000000000257b8        0xf ../TesteSoftware_bsp/\libhal_bsp.a(alt_main.o)
 *fill*         0x00000000000257c7        0x1 
 .rodata        0x00000000000257c8        0xf ../TesteSoftware_bsp/\libhal_bsp.a(alt_sys_init.o)
 *fill*         0x00000000000257d7        0x1 
 .rodata        0x00000000000257d8        0xa ../TesteSoftware_bsp/\libhal_bsp.a(alt_dev.o)
 *(.rodata1)
                0x00000000000257e4                . = ALIGN (0x4)
 *fill*         0x00000000000257e2        0x2 
                0x00000000000257e4                PROVIDE (__ram_rodata_end, ABSOLUTE (.))
                0x000000000002524c                PROVIDE (__flash_rodata_start, LOADADDR (.rodata))

.rwdata         0x00000000000257e4     0x1658 load address 0x0000000000026e3c
                0x00000000000257e4                PROVIDE (__ram_rwdata_start, ABSOLUTE (.))
                0x00000000000257e4                . = ALIGN (0x4)
 *(.got.plt)
 *(.got)
 *(.data1)
 *(.data .data.* .gnu.linkonce.d.*)
 .data          0x00000000000257e4        0x0 ../TesteSoftware_bsp//obj/HAL/src/crt0.o
 .data          0x00000000000257e4        0x0 obj/default/Principal.o
 .data          0x00000000000257e4        0x0 d:/programas/intelfpga_lite/18.1/nios2eds/bin/gnu/h-x86_64-mingw32/bin/../lib/gcc/nios2-elf/5.3.0/mno-hw-mul\libgcc.a(lib2-divmod.o)
 .data          0x00000000000257e4        0x0 d:/programas/intelfpga_lite/18.1/nios2eds/bin/gnu/h-x86_64-mingw32/bin/../lib/gcc/nios2-elf/5.3.0/mno-hw-mul\libgcc.a(lib2-mul.o)
 .data          0x00000000000257e4        0x0 d:/programas/intelfpga_lite/18.1/nios2eds/bin/gnu/h-x86_64-mingw32/bin/../lib/gcc/nios2-elf/5.3.0/mno-hw-mul\libgcc.a(addsf3.o)
 .data          0x00000000000257e4        0x0 d:/programas/intelfpga_lite/18.1/nios2eds/bin/gnu/h-x86_64-mingw32/bin/../lib/gcc/nios2-elf/5.3.0/mno-hw-mul\libgcc.a(divsf3.o)
 .data          0x00000000000257e4        0x0 d:/programas/intelfpga_lite/18.1/nios2eds/bin/gnu/h-x86_64-mingw32/bin/../lib/gcc/nios2-elf/5.3.0/mno-hw-mul\libgcc.a(gesf2.o)
 .data          0x00000000000257e4        0x0 d:/programas/intelfpga_lite/18.1/nios2eds/bin/gnu/h-x86_64-mingw32/bin/../lib/gcc/nios2-elf/5.3.0/mno-hw-mul\libgcc.a(lesf2.o)
 .data          0x00000000000257e4        0x0 d:/programas/intelfpga_lite/18.1/nios2eds/bin/gnu/h-x86_64-mingw32/bin/../lib/gcc/nios2-elf/5.3.0/mno-hw-mul\libgcc.a(mulsf3.o)
 .data          0x00000000000257e4        0x0 d:/programas/intelfpga_lite/18.1/nios2eds/bin/gnu/h-x86_64-mingw32/bin/../lib/gcc/nios2-elf/5.3.0/mno-hw-mul\libgcc.a(subsf3.o)
 .data          0x00000000000257e4        0x0 d:/programas/intelfpga_lite/18.1/nios2eds/bin/gnu/h-x86_64-mingw32/bin/../lib/gcc/nios2-elf/5.3.0/mno-hw-mul\libgcc.a(fixsfsi.o)
 .data          0x00000000000257e4        0x0 d:/programas/intelfpga_lite/18.1/nios2eds/bin/gnu/h-x86_64-mingw32/bin/../lib/gcc/nios2-elf/5.3.0/mno-hw-mul\libgcc.a(floatsisf.o)
 .data          0x00000000000257e4        0x0 d:/programas/intelfpga_lite/18.1/nios2eds/bin/gnu/h-x86_64-mingw32/bin/../lib/gcc/nios2-elf/5.3.0/mno-hw-mul\libgcc.a(floatunsisf.o)
 .data          0x00000000000257e4        0x0 d:/programas/intelfpga_lite/18.1/nios2eds/bin/gnu/h-x86_64-mingw32/bin/../lib/gcc/nios2-elf/5.3.0/mno-hw-mul\libgcc.a(gedf2.o)
 .data          0x00000000000257e4        0x0 d:/programas/intelfpga_lite/18.1/nios2eds/bin/gnu/h-x86_64-mingw32/bin/../lib/gcc/nios2-elf/5.3.0/mno-hw-mul\libgcc.a(floatsidf.o)
 .data          0x00000000000257e4        0x0 d:/programas/intelfpga_lite/18.1/nios2eds/bin/gnu/h-x86_64-mingw32/bin/../lib/gcc/nios2-elf/5.3.0/mno-hw-mul\libgcc.a(_clzsi2.o)
 .data          0x00000000000257e4        0x0 d:/programas/intelfpga_lite/18.1/nios2eds/bin/gnu/h-x86_64-mingw32/bin/../lib/gcc/nios2-elf/5.3.0/mno-hw-mul\libgcc.a(_clz.o)
 .data          0x00000000000257e4        0x0 d:/programas/intelfpga_lite/18.1/nios2eds/bin/gnu/h-x86_64-mingw32/bin/../lib/gcc/nios2-elf/5.3.0/../../../../../H-x86_64-mingw32/nios2-elf/lib/mno-hw-mul\libc.a(lib_a-rand.o)
 .data          0x00000000000257e4        0x0 d:/programas/intelfpga_lite/18.1/nios2eds/bin/gnu/h-x86_64-mingw32/bin/../lib/gcc/nios2-elf/5.3.0/../../../../../H-x86_64-mingw32/nios2-elf/lib/mno-hw-mul\libc.a(lib_a-impure.o)
 .data.impure_data
                0x00000000000257e4      0x424 d:/programas/intelfpga_lite/18.1/nios2eds/bin/gnu/h-x86_64-mingw32/bin/../lib/gcc/nios2-elf/5.3.0/../../../../../H-x86_64-mingw32/nios2-elf/lib/mno-hw-mul\libc.a(lib_a-impure.o)
 .data          0x0000000000025c08        0x0 d:/programas/intelfpga_lite/18.1/nios2eds/bin/gnu/h-x86_64-mingw32/bin/../lib/gcc/nios2-elf/5.3.0/mno-hw-mul\libgcc.a(_muldi3.o)
 .data          0x0000000000025c08        0x0 ../TesteSoftware_bsp/\libhal_bsp.a(alt_load.o)
 .data          0x0000000000025c08        0x0 ../TesteSoftware_bsp/\libhal_bsp.a(alt_main.o)
 .data          0x0000000000025c08     0x1060 ../TesteSoftware_bsp/\libhal_bsp.a(alt_sys_init.o)
 .data          0x0000000000026c68        0x0 ../TesteSoftware_bsp/\libhal_bsp.a(altera_avalon_jtag_uart_fd.o)
 .data          0x0000000000026c68        0x0 ../TesteSoftware_bsp/\libhal_bsp.a(altera_avalon_jtag_uart_init.o)
 .data          0x0000000000026c68        0x0 ../TesteSoftware_bsp/\libhal_bsp.a(altera_avalon_jtag_uart_ioctl.o)
 .data          0x0000000000026c68        0x0 ../TesteSoftware_bsp/\libhal_bsp.a(altera_avalon_jtag_uart_read.o)
 .data          0x0000000000026c68        0x0 ../TesteSoftware_bsp/\libhal_bsp.a(altera_avalon_jtag_uart_write.o)
 .data          0x0000000000026c68        0x0 ../TesteSoftware_bsp/\libhal_bsp.a(alt_alarm_start.o)
 .data          0x0000000000026c68        0x0 ../TesteSoftware_bsp/\libhal_bsp.a(alt_close.o)
 .data          0x0000000000026c68        0x0 ../TesteSoftware_bsp/\libhal_bsp.a(alt_dcache_flush_all.o)
 .data          0x0000000000026c68      0x1a8 ../TesteSoftware_bsp/\libhal_bsp.a(alt_dev.o)
                0x0000000000026c68                alt_dev_null
                0x0000000000026c90                alt_fd_list
 .data          0x0000000000026e10        0x0 ../TesteSoftware_bsp/\libhal_bsp.a(alt_dev_llist_insert.o)
 .data          0x0000000000026e10        0x0 ../TesteSoftware_bsp/\libhal_bsp.a(alt_do_ctors.o)
 .data          0x0000000000026e10        0x0 ../TesteSoftware_bsp/\libhal_bsp.a(alt_do_dtors.o)
 .data          0x0000000000026e10        0x0 ../TesteSoftware_bsp/\libhal_bsp.a(alt_errno.o)
 .data          0x0000000000026e10        0x0 ../TesteSoftware_bsp/\libhal_bsp.a(alt_icache_flush_all.o)
 .data          0x0000000000026e10        0x0 ../TesteSoftware_bsp/\libhal_bsp.a(alt_iic.o)
 .data          0x0000000000026e10        0x0 ../TesteSoftware_bsp/\libhal_bsp.a(alt_iic_isr_register.o)
 .data          0x0000000000026e10        0x0 ../TesteSoftware_bsp/\libhal_bsp.a(alt_io_redirect.o)
 .data          0x0000000000026e10        0x0 ../TesteSoftware_bsp/\libhal_bsp.a(alt_irq_entry.o)
 .data          0x0000000000026e10        0x0 ../TesteSoftware_bsp/\libhal_bsp.a(alt_irq_handler.o)
 .data          0x0000000000026e10        0x0 ../TesteSoftware_bsp/\libhal_bsp.a(alt_irq_vars.o)
 .data          0x0000000000026e10        0x0 ../TesteSoftware_bsp/\libhal_bsp.a(alt_open.o)
 .data          0x0000000000026e10        0x0 ../TesteSoftware_bsp/\libhal_bsp.a(alt_release_fd.o)
 .data          0x0000000000026e10        0x0 ../TesteSoftware_bsp/\libhal_bsp.a(alt_tick.o)
 .data          0x0000000000026e10        0x0 ../TesteSoftware_bsp/\libhal_bsp.a(altera_nios2_gen2_irq.o)
 .data          0x0000000000026e10        0x0 ../TesteSoftware_bsp/\libhal_bsp.a(alt_exception_entry.o)
 .data          0x0000000000026e10        0x0 ../TesteSoftware_bsp/\libhal_bsp.a(alt_find_dev.o)
 .data          0x0000000000026e10        0x0 ../TesteSoftware_bsp/\libhal_bsp.a(alt_find_file.o)
 .data          0x0000000000026e10        0x0 ../TesteSoftware_bsp/\libhal_bsp.a(alt_get_fd.o)
 .data          0x0000000000026e10        0x0 ../TesteSoftware_bsp/\libhal_bsp.a(alt_instruction_exception_entry.o)
 .data          0x0000000000026e10        0x0 d:/programas/intelfpga_lite/18.1/nios2eds/bin/gnu/h-x86_64-mingw32/bin/../lib/gcc/nios2-elf/5.3.0/../../../../../H-x86_64-mingw32/nios2-elf/lib/mno-hw-mul\libc.a(lib_a-atexit.o)
 .data          0x0000000000026e10        0x0 d:/programas/intelfpga_lite/18.1/nios2eds/bin/gnu/h-x86_64-mingw32/bin/../lib/gcc/nios2-elf/5.3.0/../../../../../H-x86_64-mingw32/nios2-elf/lib/mno-hw-mul\libc.a(lib_a-exit.o)
 .data          0x0000000000026e10        0x0 d:/programas/intelfpga_lite/18.1/nios2eds/bin/gnu/h-x86_64-mingw32/bin/../lib/gcc/nios2-elf/5.3.0/../../../../../H-x86_64-mingw32/nios2-elf/lib/mno-hw-mul\libc.a(lib_a-int_errno.o)
 .data          0x0000000000026e10        0x0 d:/programas/intelfpga_lite/18.1/nios2eds/bin/gnu/h-x86_64-mingw32/bin/../lib/gcc/nios2-elf/5.3.0/../../../../../H-x86_64-mingw32/nios2-elf/lib/mno-hw-mul\libc.a(lib_a-memcmp.o)
 .data          0x0000000000026e10        0x0 d:/programas/intelfpga_lite/18.1/nios2eds/bin/gnu/h-x86_64-mingw32/bin/../lib/gcc/nios2-elf/5.3.0/../../../../../H-x86_64-mingw32/nios2-elf/lib/mno-hw-mul\libc.a(lib_a-memcpy.o)
 .data          0x0000000000026e10        0x0 d:/programas/intelfpga_lite/18.1/nios2eds/bin/gnu/h-x86_64-mingw32/bin/../lib/gcc/nios2-elf/5.3.0/../../../../../H-x86_64-mingw32/nios2-elf/lib/mno-hw-mul\libc.a(lib_a-strlen.o)
 .data          0x0000000000026e10        0x0 d:/programas/intelfpga_lite/18.1/nios2eds/bin/gnu/h-x86_64-mingw32/bin/../lib/gcc/nios2-elf/5.3.0/../../../../../H-x86_64-mingw32/nios2-elf/lib/mno-hw-mul\libc.a(lib_a-__atexit.o)
 .data          0x0000000000026e10        0x0 d:/programas/intelfpga_lite/18.1/nios2eds/bin/gnu/h-x86_64-mingw32/bin/../lib/gcc/nios2-elf/5.3.0/../../../../../H-x86_64-mingw32/nios2-elf/lib/mno-hw-mul\libc.a(lib_a-__call_atexit.o)
 .data          0x0000000000026e10        0x0 ../TesteSoftware_bsp/\libhal_bsp.a(alt_exit.o)
                0x000000000002ee10                _gp = ABSOLUTE ((. + 0x8000))
                [!provide]                        PROVIDE (gp, _gp)
 *(.rwdata .rwdata.*)
 *(.sdata .sdata.* .gnu.linkonce.s.*)
 .sdata._global_impure_ptr
                0x0000000000026e10        0x4 d:/programas/intelfpga_lite/18.1/nios2eds/bin/gnu/h-x86_64-mingw32/bin/../lib/gcc/nios2-elf/5.3.0/../../../../../H-x86_64-mingw32/nios2-elf/lib/mno-hw-mul\libc.a(lib_a-impure.o)
                0x0000000000026e10                _global_impure_ptr
 .sdata._impure_ptr
                0x0000000000026e14        0x4 d:/programas/intelfpga_lite/18.1/nios2eds/bin/gnu/h-x86_64-mingw32/bin/../lib/gcc/nios2-elf/5.3.0/../../../../../H-x86_64-mingw32/nios2-elf/lib/mno-hw-mul\libc.a(lib_a-impure.o)
                0x0000000000026e14                _impure_ptr
 .sdata         0x0000000000026e18       0x14 ../TesteSoftware_bsp/\libhal_bsp.a(alt_dev.o)
                0x0000000000026e18                alt_fs_list
                0x0000000000026e20                alt_dev_list
                0x0000000000026e28                alt_max_fd
 .sdata         0x0000000000026e2c        0x4 ../TesteSoftware_bsp/\libhal_bsp.a(alt_errno.o)
                0x0000000000026e2c                alt_errno
 .sdata         0x0000000000026e30        0x4 ../TesteSoftware_bsp/\libhal_bsp.a(alt_irq_vars.o)
                0x0000000000026e30                alt_priority_mask
 .sdata         0x0000000000026e34        0x8 ../TesteSoftware_bsp/\libhal_bsp.a(alt_tick.o)
                0x0000000000026e34                alt_alarm_list
 *(.sdata2 .sdata2.* .gnu.linkonce.s2.*)
                0x0000000000026e3c                . = ALIGN (0x4)
                0x0000000000026e3c                _edata = ABSOLUTE (.)
                [!provide]                        PROVIDE (edata, ABSOLUTE (.))
                0x0000000000026e3c                PROVIDE (__ram_rwdata_end, ABSOLUTE (.))
                0x0000000000026e3c                PROVIDE (__flash_rwdata_start, LOADADDR (.rwdata))

.bss            0x0000000000028494      0x2d0
                0x0000000000028494                __bss_start = ABSOLUTE (.)
                [!provide]                        PROVIDE (__sbss_start, ABSOLUTE (.))
                [!provide]                        PROVIDE (___sbss_start, ABSOLUTE (.))
 *(.dynsbss)
 *(.sbss .sbss.* .gnu.linkonce.sb.*)
 .sbss          0x0000000000028494        0xc ../TesteSoftware_bsp/\libhal_bsp.a(alt_main.o)
                0x0000000000028494                alt_argc
                0x0000000000028498                alt_argv
                0x000000000002849c                alt_envp
 .sbss          0x00000000000284a0        0x4 ../TesteSoftware_bsp/\libhal_bsp.a(alt_irq_vars.o)
                0x00000000000284a0                alt_irq_active
 .sbss          0x00000000000284a4        0x8 ../TesteSoftware_bsp/\libhal_bsp.a(alt_tick.o)
                0x00000000000284a4                _alt_tick_rate
                0x00000000000284a8                _alt_nticks
 .sbss          0x00000000000284ac        0x4 ../TesteSoftware_bsp/\libhal_bsp.a(alt_instruction_exception_entry.o)
                0x00000000000284ac                alt_instruction_exception_handler
 .sbss          0x00000000000284b0        0x4 d:/programas/intelfpga_lite/18.1/nios2eds/bin/gnu/h-x86_64-mingw32/bin/../lib/gcc/nios2-elf/5.3.0/../../../../../H-x86_64-mingw32/nios2-elf/lib/mno-hw-mul\libc.a(lib_a-int_errno.o)
                0x00000000000284b0                errno
 *(.sbss2 .sbss2.* .gnu.linkonce.sb2.*)
 *(.scommon)
                [!provide]                        PROVIDE (__sbss_end, ABSOLUTE (.))
                [!provide]                        PROVIDE (___sbss_end, ABSOLUTE (.))
 *(.dynbss)
 *(.bss .bss.* .gnu.linkonce.b.*)
 .bss           0x00000000000284b4        0x0 ../TesteSoftware_bsp//obj/HAL/src/crt0.o
 .bss           0x00000000000284b4      0x1af obj/default/Principal.o
                0x00000000000284b4                inlier_mask_
 .bss           0x0000000000028663        0x0 d:/programas/intelfpga_lite/18.1/nios2eds/bin/gnu/h-x86_64-mingw32/bin/../lib/gcc/nios2-elf/5.3.0/mno-hw-mul\libgcc.a(lib2-divmod.o)
 .bss           0x0000000000028663        0x0 d:/programas/intelfpga_lite/18.1/nios2eds/bin/gnu/h-x86_64-mingw32/bin/../lib/gcc/nios2-elf/5.3.0/mno-hw-mul\libgcc.a(lib2-mul.o)
 .bss           0x0000000000028663        0x0 d:/programas/intelfpga_lite/18.1/nios2eds/bin/gnu/h-x86_64-mingw32/bin/../lib/gcc/nios2-elf/5.3.0/mno-hw-mul\libgcc.a(addsf3.o)
 .bss           0x0000000000028663        0x0 d:/programas/intelfpga_lite/18.1/nios2eds/bin/gnu/h-x86_64-mingw32/bin/../lib/gcc/nios2-elf/5.3.0/mno-hw-mul\libgcc.a(divsf3.o)
 .bss           0x0000000000028663        0x0 d:/programas/intelfpga_lite/18.1/nios2eds/bin/gnu/h-x86_64-mingw32/bin/../lib/gcc/nios2-elf/5.3.0/mno-hw-mul\libgcc.a(gesf2.o)
 .bss           0x0000000000028663        0x0 d:/programas/intelfpga_lite/18.1/nios2eds/bin/gnu/h-x86_64-mingw32/bin/../lib/gcc/nios2-elf/5.3.0/mno-hw-mul\libgcc.a(lesf2.o)
 .bss           0x0000000000028663        0x0 d:/programas/intelfpga_lite/18.1/nios2eds/bin/gnu/h-x86_64-mingw32/bin/../lib/gcc/nios2-elf/5.3.0/mno-hw-mul\libgcc.a(mulsf3.o)
 .bss           0x0000000000028663        0x0 d:/programas/intelfpga_lite/18.1/nios2eds/bin/gnu/h-x86_64-mingw32/bin/../lib/gcc/nios2-elf/5.3.0/mno-hw-mul\libgcc.a(subsf3.o)
 .bss           0x0000000000028663        0x0 d:/programas/intelfpga_lite/18.1/nios2eds/bin/gnu/h-x86_64-mingw32/bin/../lib/gcc/nios2-elf/5.3.0/mno-hw-mul\libgcc.a(fixsfsi.o)
 .bss           0x0000000000028663        0x0 d:/programas/intelfpga_lite/18.1/nios2eds/bin/gnu/h-x86_64-mingw32/bin/../lib/gcc/nios2-elf/5.3.0/mno-hw-mul\libgcc.a(floatsisf.o)
 .bss           0x0000000000028663        0x0 d:/programas/intelfpga_lite/18.1/nios2eds/bin/gnu/h-x86_64-mingw32/bin/../lib/gcc/nios2-elf/5.3.0/mno-hw-mul\libgcc.a(floatunsisf.o)
 .bss           0x0000000000028663        0x0 d:/programas/intelfpga_lite/18.1/nios2eds/bin/gnu/h-x86_64-mingw32/bin/../lib/gcc/nios2-elf/5.3.0/mno-hw-mul\libgcc.a(gedf2.o)
 .bss           0x0000000000028663        0x0 d:/programas/intelfpga_lite/18.1/nios2eds/bin/gnu/h-x86_64-mingw32/bin/../lib/gcc/nios2-elf/5.3.0/mno-hw-mul\libgcc.a(floatsidf.o)
 .bss           0x0000000000028663        0x0 d:/programas/intelfpga_lite/18.1/nios2eds/bin/gnu/h-x86_64-mingw32/bin/../lib/gcc/nios2-elf/5.3.0/mno-hw-mul\libgcc.a(_clzsi2.o)
 .bss           0x0000000000028663        0x0 d:/programas/intelfpga_lite/18.1/nios2eds/bin/gnu/h-x86_64-mingw32/bin/../lib/gcc/nios2-elf/5.3.0/mno-hw-mul\libgcc.a(_clz.o)
 .bss           0x0000000000028663        0x0 d:/programas/intelfpga_lite/18.1/nios2eds/bin/gnu/h-x86_64-mingw32/bin/../lib/gcc/nios2-elf/5.3.0/../../../../../H-x86_64-mingw32/nios2-elf/lib/mno-hw-mul\libc.a(lib_a-rand.o)
 .bss           0x0000000000028663        0x0 d:/programas/intelfpga_lite/18.1/nios2eds/bin/gnu/h-x86_64-mingw32/bin/../lib/gcc/nios2-elf/5.3.0/../../../../../H-x86_64-mingw32/nios2-elf/lib/mno-hw-mul\libc.a(lib_a-impure.o)
 .bss           0x0000000000028663        0x0 d:/programas/intelfpga_lite/18.1/nios2eds/bin/gnu/h-x86_64-mingw32/bin/../lib/gcc/nios2-elf/5.3.0/mno-hw-mul\libgcc.a(_muldi3.o)
 .bss           0x0000000000028663        0x0 ../TesteSoftware_bsp/\libhal_bsp.a(alt_load.o)
 .bss           0x0000000000028663        0x0 ../TesteSoftware_bsp/\libhal_bsp.a(alt_main.o)
 .bss           0x0000000000028663        0x0 ../TesteSoftware_bsp/\libhal_bsp.a(alt_sys_init.o)
 .bss           0x0000000000028663        0x0 ../TesteSoftware_bsp/\libhal_bsp.a(altera_avalon_jtag_uart_fd.o)
 .bss           0x0000000000028663        0x0 ../TesteSoftware_bsp/\libhal_bsp.a(altera_avalon_jtag_uart_init.o)
 .bss           0x0000000000028663        0x0 ../TesteSoftware_bsp/\libhal_bsp.a(altera_avalon_jtag_uart_ioctl.o)
 .bss           0x0000000000028663        0x0 ../TesteSoftware_bsp/\libhal_bsp.a(altera_avalon_jtag_uart_read.o)
 .bss           0x0000000000028663        0x0 ../TesteSoftware_bsp/\libhal_bsp.a(altera_avalon_jtag_uart_write.o)
 .bss           0x0000000000028663        0x0 ../TesteSoftware_bsp/\libhal_bsp.a(alt_alarm_start.o)
 .bss           0x0000000000028663        0x0 ../TesteSoftware_bsp/\libhal_bsp.a(alt_close.o)
 .bss           0x0000000000028663        0x0 ../TesteSoftware_bsp/\libhal_bsp.a(alt_dcache_flush_all.o)
 .bss           0x0000000000028663        0x0 ../TesteSoftware_bsp/\libhal_bsp.a(alt_dev.o)
 .bss           0x0000000000028663        0x0 ../TesteSoftware_bsp/\libhal_bsp.a(alt_dev_llist_insert.o)
 .bss           0x0000000000028663        0x0 ../TesteSoftware_bsp/\libhal_bsp.a(alt_do_ctors.o)
 .bss           0x0000000000028663        0x0 ../TesteSoftware_bsp/\libhal_bsp.a(alt_do_dtors.o)
 .bss           0x0000000000028663        0x0 ../TesteSoftware_bsp/\libhal_bsp.a(alt_errno.o)
 .bss           0x0000000000028663        0x0 ../TesteSoftware_bsp/\libhal_bsp.a(alt_icache_flush_all.o)
 .bss           0x0000000000028663        0x0 ../TesteSoftware_bsp/\libhal_bsp.a(alt_iic.o)
 .bss           0x0000000000028663        0x0 ../TesteSoftware_bsp/\libhal_bsp.a(alt_iic_isr_register.o)
 .bss           0x0000000000028663        0x0 ../TesteSoftware_bsp/\libhal_bsp.a(alt_io_redirect.o)
 .bss           0x0000000000028663        0x0 ../TesteSoftware_bsp/\libhal_bsp.a(alt_irq_entry.o)
 .bss           0x0000000000028663        0x0 ../TesteSoftware_bsp/\libhal_bsp.a(alt_irq_handler.o)
 .bss           0x0000000000028663        0x0 ../TesteSoftware_bsp/\libhal_bsp.a(alt_irq_vars.o)
 .bss           0x0000000000028663        0x0 ../TesteSoftware_bsp/\libhal_bsp.a(alt_open.o)
 .bss           0x0000000000028663        0x0 ../TesteSoftware_bsp/\libhal_bsp.a(alt_release_fd.o)
 .bss           0x0000000000028663        0x0 ../TesteSoftware_bsp/\libhal_bsp.a(alt_tick.o)
 .bss           0x0000000000028663        0x0 ../TesteSoftware_bsp/\libhal_bsp.a(altera_nios2_gen2_irq.o)
 .bss           0x0000000000028663        0x0 ../TesteSoftware_bsp/\libhal_bsp.a(alt_exception_entry.o)
 .bss           0x0000000000028663        0x0 ../TesteSoftware_bsp/\libhal_bsp.a(alt_find_dev.o)
 .bss           0x0000000000028663        0x0 ../TesteSoftware_bsp/\libhal_bsp.a(alt_find_file.o)
 .bss           0x0000000000028663        0x0 ../TesteSoftware_bsp/\libhal_bsp.a(alt_get_fd.o)
 .bss           0x0000000000028663        0x0 ../TesteSoftware_bsp/\libhal_bsp.a(alt_instruction_exception_entry.o)
 .bss           0x0000000000028663        0x0 d:/programas/intelfpga_lite/18.1/nios2eds/bin/gnu/h-x86_64-mingw32/bin/../lib/gcc/nios2-elf/5.3.0/../../../../../H-x86_64-mingw32/nios2-elf/lib/mno-hw-mul\libc.a(lib_a-atexit.o)
 .bss           0x0000000000028663        0x0 d:/programas/intelfpga_lite/18.1/nios2eds/bin/gnu/h-x86_64-mingw32/bin/../lib/gcc/nios2-elf/5.3.0/../../../../../H-x86_64-mingw32/nios2-elf/lib/mno-hw-mul\libc.a(lib_a-exit.o)
 .bss           0x0000000000028663        0x0 d:/programas/intelfpga_lite/18.1/nios2eds/bin/gnu/h-x86_64-mingw32/bin/../lib/gcc/nios2-elf/5.3.0/../../../../../H-x86_64-mingw32/nios2-elf/lib/mno-hw-mul\libc.a(lib_a-int_errno.o)
 .bss           0x0000000000028663        0x0 d:/programas/intelfpga_lite/18.1/nios2eds/bin/gnu/h-x86_64-mingw32/bin/../lib/gcc/nios2-elf/5.3.0/../../../../../H-x86_64-mingw32/nios2-elf/lib/mno-hw-mul\libc.a(lib_a-memcmp.o)
 .bss           0x0000000000028663        0x0 d:/programas/intelfpga_lite/18.1/nios2eds/bin/gnu/h-x86_64-mingw32/bin/../lib/gcc/nios2-elf/5.3.0/../../../../../H-x86_64-mingw32/nios2-elf/lib/mno-hw-mul\libc.a(lib_a-memcpy.o)
 .bss           0x0000000000028663        0x0 d:/programas/intelfpga_lite/18.1/nios2eds/bin/gnu/h-x86_64-mingw32/bin/../lib/gcc/nios2-elf/5.3.0/../../../../../H-x86_64-mingw32/nios2-elf/lib/mno-hw-mul\libc.a(lib_a-strlen.o)
 .bss           0x0000000000028663        0x0 d:/programas/intelfpga_lite/18.1/nios2eds/bin/gnu/h-x86_64-mingw32/bin/../lib/gcc/nios2-elf/5.3.0/../../../../../H-x86_64-mingw32/nios2-elf/lib/mno-hw-mul\libc.a(lib_a-__atexit.o)
 .bss           0x0000000000028663        0x0 d:/programas/intelfpga_lite/18.1/nios2eds/bin/gnu/h-x86_64-mingw32/bin/../lib/gcc/nios2-elf/5.3.0/../../../../../H-x86_64-mingw32/nios2-elf/lib/mno-hw-mul\libc.a(lib_a-__call_atexit.o)
 .bss           0x0000000000028663        0x0 ../TesteSoftware_bsp/\libhal_bsp.a(alt_exit.o)
 *(COMMON)
 *fill*         0x0000000000028663        0x1 
 COMMON         0x0000000000028664      0x100 ../TesteSoftware_bsp/\libhal_bsp.a(alt_irq_handler.o)
                0x0000000000028664                alt_irq
                0x0000000000028764                . = ALIGN (0x4)
                0x0000000000028764                __bss_end = ABSOLUTE (.)

.MemoriaDados   0x0000000000000000        0x0 load address 0x0000000000028764
                [!provide]                        PROVIDE (_alt_partition_MemoriaDados_start, ABSOLUTE (.))
 *(.MemoriaDados .MemoriaDados. MemoriaDados.*)
                0x0000000000000000                . = ALIGN (0x4)
                [!provide]                        PROVIDE (_alt_partition_MemoriaDados_end, ABSOLUTE (.))
                [!provide]                        PROVIDE (_alt_partition_MemoriaDados_load_addr, LOADADDR (.MemoriaDados))

.MemoriaPrograma
                0x0000000000028764        0x0
                [!provide]                        PROVIDE (_alt_partition_MemoriaPrograma_start, ABSOLUTE (.))
 *(.MemoriaPrograma .MemoriaPrograma. MemoriaPrograma.*)
                0x0000000000028764                . = ALIGN (0x4)
                [!provide]                        PROVIDE (_alt_partition_MemoriaPrograma_end, ABSOLUTE (.))
                0x0000000000028764                _end = ABSOLUTE (.)
                0x0000000000028764                end = ABSOLUTE (.)
                0x0000000000028764                __alt_stack_base = ABSOLUTE (.)
                [!provide]                        PROVIDE (_alt_partition_MemoriaPrograma_load_addr, LOADADDR (.MemoriaPrograma))

.stab
 *(.stab)

.stabstr
 *(.stabstr)

.stab.excl
 *(.stab.excl)

.stab.exclstr
 *(.stab.exclstr)

.stab.index
 *(.stab.index)

.stab.indexstr
 *(.stab.indexstr)

.comment        0x0000000000000000       0x23
 *(.comment)
 .comment       0x0000000000000000       0x23 obj/default/Principal.o
                                         0x24 (size before relaxing)
 .comment       0x0000000000000023       0x24 d:/programas/intelfpga_lite/18.1/nios2eds/bin/gnu/h-x86_64-mingw32/bin/../lib/gcc/nios2-elf/5.3.0/mno-hw-mul\libgcc.a(lib2-divmod.o)
 .comment       0x0000000000000023       0x24 d:/programas/intelfpga_lite/18.1/nios2eds/bin/gnu/h-x86_64-mingw32/bin/../lib/gcc/nios2-elf/5.3.0/mno-hw-mul\libgcc.a(lib2-mul.o)
 .comment       0x0000000000000023       0x24 d:/programas/intelfpga_lite/18.1/nios2eds/bin/gnu/h-x86_64-mingw32/bin/../lib/gcc/nios2-elf/5.3.0/mno-hw-mul\libgcc.a(addsf3.o)
 .comment       0x0000000000000023       0x24 d:/programas/intelfpga_lite/18.1/nios2eds/bin/gnu/h-x86_64-mingw32/bin/../lib/gcc/nios2-elf/5.3.0/mno-hw-mul\libgcc.a(divsf3.o)
 .comment       0x0000000000000023       0x24 d:/programas/intelfpga_lite/18.1/nios2eds/bin/gnu/h-x86_64-mingw32/bin/../lib/gcc/nios2-elf/5.3.0/mno-hw-mul\libgcc.a(gesf2.o)
 .comment       0x0000000000000023       0x24 d:/programas/intelfpga_lite/18.1/nios2eds/bin/gnu/h-x86_64-mingw32/bin/../lib/gcc/nios2-elf/5.3.0/mno-hw-mul\libgcc.a(lesf2.o)
 .comment       0x0000000000000023       0x24 d:/programas/intelfpga_lite/18.1/nios2eds/bin/gnu/h-x86_64-mingw32/bin/../lib/gcc/nios2-elf/5.3.0/mno-hw-mul\libgcc.a(mulsf3.o)
 .comment       0x0000000000000023       0x24 d:/programas/intelfpga_lite/18.1/nios2eds/bin/gnu/h-x86_64-mingw32/bin/../lib/gcc/nios2-elf/5.3.0/mno-hw-mul\libgcc.a(subsf3.o)
 .comment       0x0000000000000023       0x24 d:/programas/intelfpga_lite/18.1/nios2eds/bin/gnu/h-x86_64-mingw32/bin/../lib/gcc/nios2-elf/5.3.0/mno-hw-mul\libgcc.a(fixsfsi.o)
 .comment       0x0000000000000023       0x24 d:/programas/intelfpga_lite/18.1/nios2eds/bin/gnu/h-x86_64-mingw32/bin/../lib/gcc/nios2-elf/5.3.0/mno-hw-mul\libgcc.a(floatsisf.o)
 .comment       0x0000000000000023       0x24 d:/programas/intelfpga_lite/18.1/nios2eds/bin/gnu/h-x86_64-mingw32/bin/../lib/gcc/nios2-elf/5.3.0/mno-hw-mul\libgcc.a(floatunsisf.o)
 .comment       0x0000000000000023       0x24 d:/programas/intelfpga_lite/18.1/nios2eds/bin/gnu/h-x86_64-mingw32/bin/../lib/gcc/nios2-elf/5.3.0/mno-hw-mul\libgcc.a(gedf2.o)
 .comment       0x0000000000000023       0x24 d:/programas/intelfpga_lite/18.1/nios2eds/bin/gnu/h-x86_64-mingw32/bin/../lib/gcc/nios2-elf/5.3.0/mno-hw-mul\libgcc.a(floatsidf.o)
 .comment       0x0000000000000023       0x24 d:/programas/intelfpga_lite/18.1/nios2eds/bin/gnu/h-x86_64-mingw32/bin/../lib/gcc/nios2-elf/5.3.0/mno-hw-mul\libgcc.a(_clzsi2.o)
 .comment       0x0000000000000023       0x24 d:/programas/intelfpga_lite/18.1/nios2eds/bin/gnu/h-x86_64-mingw32/bin/../lib/gcc/nios2-elf/5.3.0/mno-hw-mul\libgcc.a(_clz.o)
 .comment       0x0000000000000023       0x24 d:/programas/intelfpga_lite/18.1/nios2eds/bin/gnu/h-x86_64-mingw32/bin/../lib/gcc/nios2-elf/5.3.0/../../../../../H-x86_64-mingw32/nios2-elf/lib/mno-hw-mul\libc.a(lib_a-rand.o)
 .comment       0x0000000000000023       0x24 d:/programas/intelfpga_lite/18.1/nios2eds/bin/gnu/h-x86_64-mingw32/bin/../lib/gcc/nios2-elf/5.3.0/../../../../../H-x86_64-mingw32/nios2-elf/lib/mno-hw-mul\libc.a(lib_a-impure.o)
 .comment       0x0000000000000023       0x24 d:/programas/intelfpga_lite/18.1/nios2eds/bin/gnu/h-x86_64-mingw32/bin/../lib/gcc/nios2-elf/5.3.0/mno-hw-mul\libgcc.a(_muldi3.o)
 .comment       0x0000000000000023       0x24 ../TesteSoftware_bsp/\libhal_bsp.a(alt_load.o)
 .comment       0x0000000000000023       0x24 ../TesteSoftware_bsp/\libhal_bsp.a(alt_main.o)
 .comment       0x0000000000000023       0x24 ../TesteSoftware_bsp/\libhal_bsp.a(alt_sys_init.o)
 .comment       0x0000000000000023       0x24 ../TesteSoftware_bsp/\libhal_bsp.a(altera_avalon_jtag_uart_fd.o)
 .comment       0x0000000000000023       0x24 ../TesteSoftware_bsp/\libhal_bsp.a(altera_avalon_jtag_uart_init.o)
 .comment       0x0000000000000023       0x24 ../TesteSoftware_bsp/\libhal_bsp.a(altera_avalon_jtag_uart_ioctl.o)
 .comment       0x0000000000000023       0x24 ../TesteSoftware_bsp/\libhal_bsp.a(altera_avalon_jtag_uart_read.o)
 .comment       0x0000000000000023       0x24 ../TesteSoftware_bsp/\libhal_bsp.a(altera_avalon_jtag_uart_write.o)
 .comment       0x0000000000000023       0x24 ../TesteSoftware_bsp/\libhal_bsp.a(alt_alarm_start.o)
 .comment       0x0000000000000023       0x24 ../TesteSoftware_bsp/\libhal_bsp.a(alt_close.o)
 .comment       0x0000000000000023       0x24 ../TesteSoftware_bsp/\libhal_bsp.a(alt_dcache_flush_all.o)
 .comment       0x0000000000000023       0x24 ../TesteSoftware_bsp/\libhal_bsp.a(alt_dev.o)
 .comment       0x0000000000000023       0x24 ../TesteSoftware_bsp/\libhal_bsp.a(alt_dev_llist_insert.o)
 .comment       0x0000000000000023       0x24 ../TesteSoftware_bsp/\libhal_bsp.a(alt_do_ctors.o)
 .comment       0x0000000000000023       0x24 ../TesteSoftware_bsp/\libhal_bsp.a(alt_do_dtors.o)
 .comment       0x0000000000000023       0x24 ../TesteSoftware_bsp/\libhal_bsp.a(alt_errno.o)
 .comment       0x0000000000000023       0x24 ../TesteSoftware_bsp/\libhal_bsp.a(alt_icache_flush_all.o)
 .comment       0x0000000000000023       0x24 ../TesteSoftware_bsp/\libhal_bsp.a(alt_iic.o)
 .comment       0x0000000000000023       0x24 ../TesteSoftware_bsp/\libhal_bsp.a(alt_iic_isr_register.o)
 .comment       0x0000000000000023       0x24 ../TesteSoftware_bsp/\libhal_bsp.a(alt_io_redirect.o)
 .comment       0x0000000000000023       0x24 ../TesteSoftware_bsp/\libhal_bsp.a(alt_irq_handler.o)
 .comment       0x0000000000000023       0x24 ../TesteSoftware_bsp/\libhal_bsp.a(alt_irq_vars.o)
 .comment       0x0000000000000023       0x24 ../TesteSoftware_bsp/\libhal_bsp.a(alt_open.o)
 .comment       0x0000000000000023       0x24 ../TesteSoftware_bsp/\libhal_bsp.a(alt_release_fd.o)
 .comment       0x0000000000000023       0x24 ../TesteSoftware_bsp/\libhal_bsp.a(alt_tick.o)
 .comment       0x0000000000000023       0x24 ../TesteSoftware_bsp/\libhal_bsp.a(altera_nios2_gen2_irq.o)
 .comment       0x0000000000000023       0x24 ../TesteSoftware_bsp/\libhal_bsp.a(alt_find_dev.o)
 .comment       0x0000000000000023       0x24 ../TesteSoftware_bsp/\libhal_bsp.a(alt_find_file.o)
 .comment       0x0000000000000023       0x24 ../TesteSoftware_bsp/\libhal_bsp.a(alt_get_fd.o)
 .comment       0x0000000000000023       0x24 ../TesteSoftware_bsp/\libhal_bsp.a(alt_instruction_exception_entry.o)
 .comment       0x0000000000000023       0x24 d:/programas/intelfpga_lite/18.1/nios2eds/bin/gnu/h-x86_64-mingw32/bin/../lib/gcc/nios2-elf/5.3.0/../../../../../H-x86_64-mingw32/nios2-elf/lib/mno-hw-mul\libc.a(lib_a-atexit.o)
 .comment       0x0000000000000023       0x24 d:/programas/intelfpga_lite/18.1/nios2eds/bin/gnu/h-x86_64-mingw32/bin/../lib/gcc/nios2-elf/5.3.0/../../../../../H-x86_64-mingw32/nios2-elf/lib/mno-hw-mul\libc.a(lib_a-exit.o)
 .comment       0x0000000000000023       0x24 d:/programas/intelfpga_lite/18.1/nios2eds/bin/gnu/h-x86_64-mingw32/bin/../lib/gcc/nios2-elf/5.3.0/../../../../../H-x86_64-mingw32/nios2-elf/lib/mno-hw-mul\libc.a(lib_a-int_errno.o)
 .comment       0x0000000000000023       0x24 d:/programas/intelfpga_lite/18.1/nios2eds/bin/gnu/h-x86_64-mingw32/bin/../lib/gcc/nios2-elf/5.3.0/../../../../../H-x86_64-mingw32/nios2-elf/lib/mno-hw-mul\libc.a(lib_a-memcmp.o)
 .comment       0x0000000000000023       0x24 d:/programas/intelfpga_lite/18.1/nios2eds/bin/gnu/h-x86_64-mingw32/bin/../lib/gcc/nios2-elf/5.3.0/../../../../../H-x86_64-mingw32/nios2-elf/lib/mno-hw-mul\libc.a(lib_a-memcpy.o)
 .comment       0x0000000000000023       0x24 d:/programas/intelfpga_lite/18.1/nios2eds/bin/gnu/h-x86_64-mingw32/bin/../lib/gcc/nios2-elf/5.3.0/../../../../../H-x86_64-mingw32/nios2-elf/lib/mno-hw-mul\libc.a(lib_a-strlen.o)
 .comment       0x0000000000000023       0x24 d:/programas/intelfpga_lite/18.1/nios2eds/bin/gnu/h-x86_64-mingw32/bin/../lib/gcc/nios2-elf/5.3.0/../../../../../H-x86_64-mingw32/nios2-elf/lib/mno-hw-mul\libc.a(lib_a-__atexit.o)
 .comment       0x0000000000000023       0x24 d:/programas/intelfpga_lite/18.1/nios2eds/bin/gnu/h-x86_64-mingw32/bin/../lib/gcc/nios2-elf/5.3.0/../../../../../H-x86_64-mingw32/nios2-elf/lib/mno-hw-mul\libc.a(lib_a-__call_atexit.o)
 .comment       0x0000000000000023       0x24 ../TesteSoftware_bsp/\libhal_bsp.a(alt_exit.o)

.debug
 *(.debug)

.line
 *(.line)

.debug_srcinfo
 *(.debug_srcinfo)

.debug_sfnames
 *(.debug_sfnames)

.debug_aranges  0x0000000000000000      0x7b8
 *(.debug_aranges)
 .debug_aranges
                0x0000000000000000       0x28 ../TesteSoftware_bsp//obj/HAL/src/crt0.o
 .debug_aranges
                0x0000000000000028       0x20 obj/default/Principal.o
 .debug_aranges
                0x0000000000000048       0x20 d:/programas/intelfpga_lite/18.1/nios2eds/bin/gnu/h-x86_64-mingw32/bin/../lib/gcc/nios2-elf/5.3.0/mno-hw-mul\libgcc.a(lib2-divmod.o)
 .debug_aranges
                0x0000000000000068       0x20 d:/programas/intelfpga_lite/18.1/nios2eds/bin/gnu/h-x86_64-mingw32/bin/../lib/gcc/nios2-elf/5.3.0/mno-hw-mul\libgcc.a(lib2-mul.o)
 .debug_aranges
                0x0000000000000088       0x20 d:/programas/intelfpga_lite/18.1/nios2eds/bin/gnu/h-x86_64-mingw32/bin/../lib/gcc/nios2-elf/5.3.0/mno-hw-mul\libgcc.a(addsf3.o)
 .debug_aranges
                0x00000000000000a8       0x20 d:/programas/intelfpga_lite/18.1/nios2eds/bin/gnu/h-x86_64-mingw32/bin/../lib/gcc/nios2-elf/5.3.0/mno-hw-mul\libgcc.a(divsf3.o)
 .debug_aranges
                0x00000000000000c8       0x20 d:/programas/intelfpga_lite/18.1/nios2eds/bin/gnu/h-x86_64-mingw32/bin/../lib/gcc/nios2-elf/5.3.0/mno-hw-mul\libgcc.a(gesf2.o)
 .debug_aranges
                0x00000000000000e8       0x20 d:/programas/intelfpga_lite/18.1/nios2eds/bin/gnu/h-x86_64-mingw32/bin/../lib/gcc/nios2-elf/5.3.0/mno-hw-mul\libgcc.a(lesf2.o)
 .debug_aranges
                0x0000000000000108       0x20 d:/programas/intelfpga_lite/18.1/nios2eds/bin/gnu/h-x86_64-mingw32/bin/../lib/gcc/nios2-elf/5.3.0/mno-hw-mul\libgcc.a(mulsf3.o)
 .debug_aranges
                0x0000000000000128       0x20 d:/programas/intelfpga_lite/18.1/nios2eds/bin/gnu/h-x86_64-mingw32/bin/../lib/gcc/nios2-elf/5.3.0/mno-hw-mul\libgcc.a(subsf3.o)
 .debug_aranges
                0x0000000000000148       0x20 d:/programas/intelfpga_lite/18.1/nios2eds/bin/gnu/h-x86_64-mingw32/bin/../lib/gcc/nios2-elf/5.3.0/mno-hw-mul\libgcc.a(fixsfsi.o)
 .debug_aranges
                0x0000000000000168       0x20 d:/programas/intelfpga_lite/18.1/nios2eds/bin/gnu/h-x86_64-mingw32/bin/../lib/gcc/nios2-elf/5.3.0/mno-hw-mul\libgcc.a(floatsisf.o)
 .debug_aranges
                0x0000000000000188       0x20 d:/programas/intelfpga_lite/18.1/nios2eds/bin/gnu/h-x86_64-mingw32/bin/../lib/gcc/nios2-elf/5.3.0/mno-hw-mul\libgcc.a(floatunsisf.o)
 .debug_aranges
                0x00000000000001a8       0x20 d:/programas/intelfpga_lite/18.1/nios2eds/bin/gnu/h-x86_64-mingw32/bin/../lib/gcc/nios2-elf/5.3.0/mno-hw-mul\libgcc.a(gedf2.o)
 .debug_aranges
                0x00000000000001c8       0x20 d:/programas/intelfpga_lite/18.1/nios2eds/bin/gnu/h-x86_64-mingw32/bin/../lib/gcc/nios2-elf/5.3.0/mno-hw-mul\libgcc.a(floatsidf.o)
 .debug_aranges
                0x00000000000001e8       0x20 d:/programas/intelfpga_lite/18.1/nios2eds/bin/gnu/h-x86_64-mingw32/bin/../lib/gcc/nios2-elf/5.3.0/mno-hw-mul\libgcc.a(_clzsi2.o)
 .debug_aranges
                0x0000000000000208       0x18 d:/programas/intelfpga_lite/18.1/nios2eds/bin/gnu/h-x86_64-mingw32/bin/../lib/gcc/nios2-elf/5.3.0/mno-hw-mul\libgcc.a(_clz.o)
 .debug_aranges
                0x0000000000000220       0x28 d:/programas/intelfpga_lite/18.1/nios2eds/bin/gnu/h-x86_64-mingw32/bin/../lib/gcc/nios2-elf/5.3.0/../../../../../H-x86_64-mingw32/nios2-elf/lib/mno-hw-mul\libc.a(lib_a-rand.o)
 .debug_aranges
                0x0000000000000248       0x18 d:/programas/intelfpga_lite/18.1/nios2eds/bin/gnu/h-x86_64-mingw32/bin/../lib/gcc/nios2-elf/5.3.0/../../../../../H-x86_64-mingw32/nios2-elf/lib/mno-hw-mul\libc.a(lib_a-impure.o)
 .debug_aranges
                0x0000000000000260       0x20 d:/programas/intelfpga_lite/18.1/nios2eds/bin/gnu/h-x86_64-mingw32/bin/../lib/gcc/nios2-elf/5.3.0/mno-hw-mul\libgcc.a(_muldi3.o)
 .debug_aranges
                0x0000000000000280       0x20 ../TesteSoftware_bsp/\libhal_bsp.a(alt_load.o)
 .debug_aranges
                0x00000000000002a0       0x20 ../TesteSoftware_bsp/\libhal_bsp.a(alt_main.o)
 .debug_aranges
                0x00000000000002c0       0x20 ../TesteSoftware_bsp/\libhal_bsp.a(alt_sys_init.o)
 .debug_aranges
                0x00000000000002e0       0x20 ../TesteSoftware_bsp/\libhal_bsp.a(altera_avalon_jtag_uart_fd.o)
 .debug_aranges
                0x0000000000000300       0x20 ../TesteSoftware_bsp/\libhal_bsp.a(altera_avalon_jtag_uart_init.o)
 .debug_aranges
                0x0000000000000320       0x20 ../TesteSoftware_bsp/\libhal_bsp.a(altera_avalon_jtag_uart_ioctl.o)
 .debug_aranges
                0x0000000000000340       0x20 ../TesteSoftware_bsp/\libhal_bsp.a(altera_avalon_jtag_uart_read.o)
 .debug_aranges
                0x0000000000000360       0x20 ../TesteSoftware_bsp/\libhal_bsp.a(altera_avalon_jtag_uart_write.o)
 .debug_aranges
                0x0000000000000380       0x20 ../TesteSoftware_bsp/\libhal_bsp.a(alt_alarm_start.o)
 .debug_aranges
                0x00000000000003a0       0x20 ../TesteSoftware_bsp/\libhal_bsp.a(alt_close.o)
 .debug_aranges
                0x00000000000003c0       0x20 ../TesteSoftware_bsp/\libhal_bsp.a(alt_dcache_flush_all.o)
 .debug_aranges
                0x00000000000003e0       0x20 ../TesteSoftware_bsp/\libhal_bsp.a(alt_dev.o)
 .debug_aranges
                0x0000000000000400       0x20 ../TesteSoftware_bsp/\libhal_bsp.a(alt_dev_llist_insert.o)
 .debug_aranges
                0x0000000000000420       0x20 ../TesteSoftware_bsp/\libhal_bsp.a(alt_do_ctors.o)
 .debug_aranges
                0x0000000000000440       0x20 ../TesteSoftware_bsp/\libhal_bsp.a(alt_do_dtors.o)
 .debug_aranges
                0x0000000000000460       0x18 ../TesteSoftware_bsp/\libhal_bsp.a(alt_errno.o)
 .debug_aranges
                0x0000000000000478       0x20 ../TesteSoftware_bsp/\libhal_bsp.a(alt_icache_flush_all.o)
 .debug_aranges
                0x0000000000000498       0x20 ../TesteSoftware_bsp/\libhal_bsp.a(alt_iic.o)
 .debug_aranges
                0x00000000000004b8       0x20 ../TesteSoftware_bsp/\libhal_bsp.a(alt_iic_isr_register.o)
 .debug_aranges
                0x00000000000004d8       0x20 ../TesteSoftware_bsp/\libhal_bsp.a(alt_io_redirect.o)
 .debug_aranges
                0x00000000000004f8       0x30 ../TesteSoftware_bsp/\libhal_bsp.a(alt_irq_entry.o)
 .debug_aranges
                0x0000000000000528       0x20 ../TesteSoftware_bsp/\libhal_bsp.a(alt_irq_handler.o)
 .debug_aranges
                0x0000000000000548       0x18 ../TesteSoftware_bsp/\libhal_bsp.a(alt_irq_vars.o)
 .debug_aranges
                0x0000000000000560       0x20 ../TesteSoftware_bsp/\libhal_bsp.a(alt_open.o)
 .debug_aranges
                0x0000000000000580       0x20 ../TesteSoftware_bsp/\libhal_bsp.a(alt_release_fd.o)
 .debug_aranges
                0x00000000000005a0       0x20 ../TesteSoftware_bsp/\libhal_bsp.a(alt_tick.o)
 .debug_aranges
                0x00000000000005c0       0x20 ../TesteSoftware_bsp/\libhal_bsp.a(altera_nios2_gen2_irq.o)
 .debug_aranges
                0x00000000000005e0       0x38 ../TesteSoftware_bsp/\libhal_bsp.a(alt_exception_entry.o)
 .debug_aranges
                0x0000000000000618       0x20 ../TesteSoftware_bsp/\libhal_bsp.a(alt_find_dev.o)
 .debug_aranges
                0x0000000000000638       0x20 ../TesteSoftware_bsp/\libhal_bsp.a(alt_find_file.o)
 .debug_aranges
                0x0000000000000658       0x20 ../TesteSoftware_bsp/\libhal_bsp.a(alt_get_fd.o)
 .debug_aranges
                0x0000000000000678       0x28 ../TesteSoftware_bsp/\libhal_bsp.a(alt_instruction_exception_entry.o)
 .debug_aranges
                0x00000000000006a0       0x20 d:/programas/intelfpga_lite/18.1/nios2eds/bin/gnu/h-x86_64-mingw32/bin/../lib/gcc/nios2-elf/5.3.0/../../../../../H-x86_64-mingw32/nios2-elf/lib/mno-hw-mul\libc.a(lib_a-atexit.o)
 .debug_aranges
                0x00000000000006c0       0x20 d:/programas/intelfpga_lite/18.1/nios2eds/bin/gnu/h-x86_64-mingw32/bin/../lib/gcc/nios2-elf/5.3.0/../../../../../H-x86_64-mingw32/nios2-elf/lib/mno-hw-mul\libc.a(lib_a-exit.o)
 .debug_aranges
                0x00000000000006e0       0x18 d:/programas/intelfpga_lite/18.1/nios2eds/bin/gnu/h-x86_64-mingw32/bin/../lib/gcc/nios2-elf/5.3.0/../../../../../H-x86_64-mingw32/nios2-elf/lib/mno-hw-mul\libc.a(lib_a-int_errno.o)
 .debug_aranges
                0x00000000000006f8       0x20 d:/programas/intelfpga_lite/18.1/nios2eds/bin/gnu/h-x86_64-mingw32/bin/../lib/gcc/nios2-elf/5.3.0/../../../../../H-x86_64-mingw32/nios2-elf/lib/mno-hw-mul\libc.a(lib_a-memcmp.o)
 .debug_aranges
                0x0000000000000718       0x20 d:/programas/intelfpga_lite/18.1/nios2eds/bin/gnu/h-x86_64-mingw32/bin/../lib/gcc/nios2-elf/5.3.0/../../../../../H-x86_64-mingw32/nios2-elf/lib/mno-hw-mul\libc.a(lib_a-memcpy.o)
 .debug_aranges
                0x0000000000000738       0x20 d:/programas/intelfpga_lite/18.1/nios2eds/bin/gnu/h-x86_64-mingw32/bin/../lib/gcc/nios2-elf/5.3.0/../../../../../H-x86_64-mingw32/nios2-elf/lib/mno-hw-mul\libc.a(lib_a-strlen.o)
 .debug_aranges
                0x0000000000000758       0x20 d:/programas/intelfpga_lite/18.1/nios2eds/bin/gnu/h-x86_64-mingw32/bin/../lib/gcc/nios2-elf/5.3.0/../../../../../H-x86_64-mingw32/nios2-elf/lib/mno-hw-mul\libc.a(lib_a-__atexit.o)
 .debug_aranges
                0x0000000000000778       0x20 d:/programas/intelfpga_lite/18.1/nios2eds/bin/gnu/h-x86_64-mingw32/bin/../lib/gcc/nios2-elf/5.3.0/../../../../../H-x86_64-mingw32/nios2-elf/lib/mno-hw-mul\libc.a(lib_a-__call_atexit.o)
 .debug_aranges
                0x0000000000000798       0x20 ../TesteSoftware_bsp/\libhal_bsp.a(alt_exit.o)

.debug_pubnames
 *(.debug_pubnames)

.debug_info     0x0000000000000000     0xa067
 *(.debug_info .gnu.linkonce.wi.*)
 .debug_info    0x0000000000000000       0x72 ../TesteSoftware_bsp//obj/HAL/src/crt0.o
 .debug_info    0x0000000000000072      0x505 obj/default/Principal.o
 .debug_info    0x0000000000000577      0x2c6 d:/programas/intelfpga_lite/18.1/nios2eds/bin/gnu/h-x86_64-mingw32/bin/../lib/gcc/nios2-elf/5.3.0/mno-hw-mul\libgcc.a(lib2-divmod.o)
 .debug_info    0x000000000000083d       0xb4 d:/programas/intelfpga_lite/18.1/nios2eds/bin/gnu/h-x86_64-mingw32/bin/../lib/gcc/nios2-elf/5.3.0/mno-hw-mul\libgcc.a(lib2-mul.o)
 .debug_info    0x00000000000008f1      0x2b7 d:/programas/intelfpga_lite/18.1/nios2eds/bin/gnu/h-x86_64-mingw32/bin/../lib/gcc/nios2-elf/5.3.0/mno-hw-mul\libgcc.a(addsf3.o)
 .debug_info    0x0000000000000ba8      0x2b7 d:/programas/intelfpga_lite/18.1/nios2eds/bin/gnu/h-x86_64-mingw32/bin/../lib/gcc/nios2-elf/5.3.0/mno-hw-mul\libgcc.a(divsf3.o)
 .debug_info    0x0000000000000e5f      0x1d3 d:/programas/intelfpga_lite/18.1/nios2eds/bin/gnu/h-x86_64-mingw32/bin/../lib/gcc/nios2-elf/5.3.0/mno-hw-mul\libgcc.a(gesf2.o)
 .debug_info    0x0000000000001032      0x1d5 d:/programas/intelfpga_lite/18.1/nios2eds/bin/gnu/h-x86_64-mingw32/bin/../lib/gcc/nios2-elf/5.3.0/mno-hw-mul\libgcc.a(lesf2.o)
 .debug_info    0x0000000000001207      0x31d d:/programas/intelfpga_lite/18.1/nios2eds/bin/gnu/h-x86_64-mingw32/bin/../lib/gcc/nios2-elf/5.3.0/mno-hw-mul\libgcc.a(mulsf3.o)
 .debug_info    0x0000000000001524      0x2b7 d:/programas/intelfpga_lite/18.1/nios2eds/bin/gnu/h-x86_64-mingw32/bin/../lib/gcc/nios2-elf/5.3.0/mno-hw-mul\libgcc.a(subsf3.o)
 .debug_info    0x00000000000017db      0x18b d:/programas/intelfpga_lite/18.1/nios2eds/bin/gnu/h-x86_64-mingw32/bin/../lib/gcc/nios2-elf/5.3.0/mno-hw-mul\libgcc.a(fixsfsi.o)
 .debug_info    0x0000000000001966      0x1c7 d:/programas/intelfpga_lite/18.1/nios2eds/bin/gnu/h-x86_64-mingw32/bin/../lib/gcc/nios2-elf/5.3.0/mno-hw-mul\libgcc.a(floatsisf.o)
 .debug_info    0x0000000000001b2d      0x1bb d:/programas/intelfpga_lite/18.1/nios2eds/bin/gnu/h-x86_64-mingw32/bin/../lib/gcc/nios2-elf/5.3.0/mno-hw-mul\libgcc.a(floatunsisf.o)
 .debug_info    0x0000000000001ce8      0x202 d:/programas/intelfpga_lite/18.1/nios2eds/bin/gnu/h-x86_64-mingw32/bin/../lib/gcc/nios2-elf/5.3.0/mno-hw-mul\libgcc.a(gedf2.o)
 .debug_info    0x0000000000001eea      0x1bc d:/programas/intelfpga_lite/18.1/nios2eds/bin/gnu/h-x86_64-mingw32/bin/../lib/gcc/nios2-elf/5.3.0/mno-hw-mul\libgcc.a(floatsidf.o)
 .debug_info    0x00000000000020a6      0x124 d:/programas/intelfpga_lite/18.1/nios2eds/bin/gnu/h-x86_64-mingw32/bin/../lib/gcc/nios2-elf/5.3.0/mno-hw-mul\libgcc.a(_clzsi2.o)
 .debug_info    0x00000000000021ca       0xb2 d:/programas/intelfpga_lite/18.1/nios2eds/bin/gnu/h-x86_64-mingw32/bin/../lib/gcc/nios2-elf/5.3.0/mno-hw-mul\libgcc.a(_clz.o)
 .debug_info    0x000000000000227c      0x8d7 d:/programas/intelfpga_lite/18.1/nios2eds/bin/gnu/h-x86_64-mingw32/bin/../lib/gcc/nios2-elf/5.3.0/../../../../../H-x86_64-mingw32/nios2-elf/lib/mno-hw-mul\libc.a(lib_a-rand.o)
 .debug_info    0x0000000000002b53      0x8a1 d:/programas/intelfpga_lite/18.1/nios2eds/bin/gnu/h-x86_64-mingw32/bin/../lib/gcc/nios2-elf/5.3.0/../../../../../H-x86_64-mingw32/nios2-elf/lib/mno-hw-mul\libc.a(lib_a-impure.o)
 .debug_info    0x00000000000033f4      0x1e9 d:/programas/intelfpga_lite/18.1/nios2eds/bin/gnu/h-x86_64-mingw32/bin/../lib/gcc/nios2-elf/5.3.0/mno-hw-mul\libgcc.a(_muldi3.o)
 .debug_info    0x00000000000035dd      0x145 ../TesteSoftware_bsp/\libhal_bsp.a(alt_load.o)
 .debug_info    0x0000000000003722      0x131 ../TesteSoftware_bsp/\libhal_bsp.a(alt_main.o)
 .debug_info    0x0000000000003853      0x4c3 ../TesteSoftware_bsp/\libhal_bsp.a(alt_sys_init.o)
 .debug_info    0x0000000000003d16      0x52e ../TesteSoftware_bsp/\libhal_bsp.a(altera_avalon_jtag_uart_fd.o)
 .debug_info    0x0000000000004244      0x3a0 ../TesteSoftware_bsp/\libhal_bsp.a(altera_avalon_jtag_uart_init.o)
 .debug_info    0x00000000000045e4      0x280 ../TesteSoftware_bsp/\libhal_bsp.a(altera_avalon_jtag_uart_ioctl.o)
 .debug_info    0x0000000000004864      0x345 ../TesteSoftware_bsp/\libhal_bsp.a(altera_avalon_jtag_uart_read.o)
 .debug_info    0x0000000000004ba9      0x340 ../TesteSoftware_bsp/\libhal_bsp.a(altera_avalon_jtag_uart_write.o)
 .debug_info    0x0000000000004ee9      0x2cc ../TesteSoftware_bsp/\libhal_bsp.a(alt_alarm_start.o)
 .debug_info    0x00000000000051b5      0x321 ../TesteSoftware_bsp/\libhal_bsp.a(alt_close.o)
 .debug_info    0x00000000000054d6       0x92 ../TesteSoftware_bsp/\libhal_bsp.a(alt_dcache_flush_all.o)
 .debug_info    0x0000000000005568      0x49c ../TesteSoftware_bsp/\libhal_bsp.a(alt_dev.o)
 .debug_info    0x0000000000005a04      0x1a9 ../TesteSoftware_bsp/\libhal_bsp.a(alt_dev_llist_insert.o)
 .debug_info    0x0000000000005bad       0x83 ../TesteSoftware_bsp/\libhal_bsp.a(alt_do_ctors.o)
 .debug_info    0x0000000000005c30       0x83 ../TesteSoftware_bsp/\libhal_bsp.a(alt_do_dtors.o)
 .debug_info    0x0000000000005cb3       0xa6 ../TesteSoftware_bsp/\libhal_bsp.a(alt_errno.o)
 .debug_info    0x0000000000005d59       0x92 ../TesteSoftware_bsp/\libhal_bsp.a(alt_icache_flush_all.o)
 .debug_info    0x0000000000005deb      0x350 ../TesteSoftware_bsp/\libhal_bsp.a(alt_iic.o)
 .debug_info    0x000000000000613b      0x1ef ../TesteSoftware_bsp/\libhal_bsp.a(alt_iic_isr_register.o)
 .debug_info    0x000000000000632a      0x4a5 ../TesteSoftware_bsp/\libhal_bsp.a(alt_io_redirect.o)
 .debug_info    0x00000000000067cf       0x7b ../TesteSoftware_bsp/\libhal_bsp.a(alt_irq_entry.o)
 .debug_info    0x000000000000684a      0x187 ../TesteSoftware_bsp/\libhal_bsp.a(alt_irq_handler.o)
 .debug_info    0x00000000000069d1       0x88 ../TesteSoftware_bsp/\libhal_bsp.a(alt_irq_vars.o)
 .debug_info    0x0000000000006a59      0x3bb ../TesteSoftware_bsp/\libhal_bsp.a(alt_open.o)
 .debug_info    0x0000000000006e14      0x2b0 ../TesteSoftware_bsp/\libhal_bsp.a(alt_release_fd.o)
 .debug_info    0x00000000000070c4      0x299 ../TesteSoftware_bsp/\libhal_bsp.a(alt_tick.o)
 .debug_info    0x000000000000735d       0x92 ../TesteSoftware_bsp/\libhal_bsp.a(altera_nios2_gen2_irq.o)
 .debug_info    0x00000000000073ef       0x81 ../TesteSoftware_bsp/\libhal_bsp.a(alt_exception_entry.o)
 .debug_info    0x0000000000007470      0x2e9 ../TesteSoftware_bsp/\libhal_bsp.a(alt_find_dev.o)
 .debug_info    0x0000000000007759      0x2e6 ../TesteSoftware_bsp/\libhal_bsp.a(alt_find_file.o)
 .debug_info    0x0000000000007a3f      0x310 ../TesteSoftware_bsp/\libhal_bsp.a(alt_get_fd.o)
 .debug_info    0x0000000000007d4f      0x1e7 ../TesteSoftware_bsp/\libhal_bsp.a(alt_instruction_exception_entry.o)
 .debug_info    0x0000000000007f36       0xfe d:/programas/intelfpga_lite/18.1/nios2eds/bin/gnu/h-x86_64-mingw32/bin/../lib/gcc/nios2-elf/5.3.0/../../../../../H-x86_64-mingw32/nios2-elf/lib/mno-hw-mul\libc.a(lib_a-atexit.o)
 .debug_info    0x0000000000008034      0x8e4 d:/programas/intelfpga_lite/18.1/nios2eds/bin/gnu/h-x86_64-mingw32/bin/../lib/gcc/nios2-elf/5.3.0/../../../../../H-x86_64-mingw32/nios2-elf/lib/mno-hw-mul\libc.a(lib_a-exit.o)
 .debug_info    0x0000000000008918       0x8a d:/programas/intelfpga_lite/18.1/nios2eds/bin/gnu/h-x86_64-mingw32/bin/../lib/gcc/nios2-elf/5.3.0/../../../../../H-x86_64-mingw32/nios2-elf/lib/mno-hw-mul\libc.a(lib_a-int_errno.o)
 .debug_info    0x00000000000089a2      0x11a d:/programas/intelfpga_lite/18.1/nios2eds/bin/gnu/h-x86_64-mingw32/bin/../lib/gcc/nios2-elf/5.3.0/../../../../../H-x86_64-mingw32/nios2-elf/lib/mno-hw-mul\libc.a(lib_a-memcmp.o)
 .debug_info    0x0000000000008abc      0x144 d:/programas/intelfpga_lite/18.1/nios2eds/bin/gnu/h-x86_64-mingw32/bin/../lib/gcc/nios2-elf/5.3.0/../../../../../H-x86_64-mingw32/nios2-elf/lib/mno-hw-mul\libc.a(lib_a-memcpy.o)
 .debug_info    0x0000000000008c00       0xe2 d:/programas/intelfpga_lite/18.1/nios2eds/bin/gnu/h-x86_64-mingw32/bin/../lib/gcc/nios2-elf/5.3.0/../../../../../H-x86_64-mingw32/nios2-elf/lib/mno-hw-mul\libc.a(lib_a-strlen.o)
 .debug_info    0x0000000000008ce2      0x934 d:/programas/intelfpga_lite/18.1/nios2eds/bin/gnu/h-x86_64-mingw32/bin/../lib/gcc/nios2-elf/5.3.0/../../../../../H-x86_64-mingw32/nios2-elf/lib/mno-hw-mul\libc.a(lib_a-__atexit.o)
 .debug_info    0x0000000000009616      0x965 d:/programas/intelfpga_lite/18.1/nios2eds/bin/gnu/h-x86_64-mingw32/bin/../lib/gcc/nios2-elf/5.3.0/../../../../../H-x86_64-mingw32/nios2-elf/lib/mno-hw-mul\libc.a(lib_a-__call_atexit.o)
 .debug_info    0x0000000000009f7b       0xec ../TesteSoftware_bsp/\libhal_bsp.a(alt_exit.o)

.debug_abbrev   0x0000000000000000     0x3c1d
 *(.debug_abbrev)
 .debug_abbrev  0x0000000000000000       0x12 ../TesteSoftware_bsp//obj/HAL/src/crt0.o
 .debug_abbrev  0x0000000000000012      0x14a obj/default/Principal.o
 .debug_abbrev  0x000000000000015c      0x10e d:/programas/intelfpga_lite/18.1/nios2eds/bin/gnu/h-x86_64-mingw32/bin/../lib/gcc/nios2-elf/5.3.0/mno-hw-mul\libgcc.a(lib2-divmod.o)
 .debug_abbrev  0x000000000000026a       0x6f d:/programas/intelfpga_lite/18.1/nios2eds/bin/gnu/h-x86_64-mingw32/bin/../lib/gcc/nios2-elf/5.3.0/mno-hw-mul\libgcc.a(lib2-mul.o)
 .debug_abbrev  0x00000000000002d9      0x13c d:/programas/intelfpga_lite/18.1/nios2eds/bin/gnu/h-x86_64-mingw32/bin/../lib/gcc/nios2-elf/5.3.0/mno-hw-mul\libgcc.a(addsf3.o)
 .debug_abbrev  0x0000000000000415      0x120 d:/programas/intelfpga_lite/18.1/nios2eds/bin/gnu/h-x86_64-mingw32/bin/../lib/gcc/nios2-elf/5.3.0/mno-hw-mul\libgcc.a(divsf3.o)
 .debug_abbrev  0x0000000000000535      0x128 d:/programas/intelfpga_lite/18.1/nios2eds/bin/gnu/h-x86_64-mingw32/bin/../lib/gcc/nios2-elf/5.3.0/mno-hw-mul\libgcc.a(gesf2.o)
 .debug_abbrev  0x000000000000065d      0x128 d:/programas/intelfpga_lite/18.1/nios2eds/bin/gnu/h-x86_64-mingw32/bin/../lib/gcc/nios2-elf/5.3.0/mno-hw-mul\libgcc.a(lesf2.o)
 .debug_abbrev  0x0000000000000785      0x12d d:/programas/intelfpga_lite/18.1/nios2eds/bin/gnu/h-x86_64-mingw32/bin/../lib/gcc/nios2-elf/5.3.0/mno-hw-mul\libgcc.a(mulsf3.o)
 .debug_abbrev  0x00000000000008b2      0x13a d:/programas/intelfpga_lite/18.1/nios2eds/bin/gnu/h-x86_64-mingw32/bin/../lib/gcc/nios2-elf/5.3.0/mno-hw-mul\libgcc.a(subsf3.o)
 .debug_abbrev  0x00000000000009ec      0x135 d:/programas/intelfpga_lite/18.1/nios2eds/bin/gnu/h-x86_64-mingw32/bin/../lib/gcc/nios2-elf/5.3.0/mno-hw-mul\libgcc.a(fixsfsi.o)
 .debug_abbrev  0x0000000000000b21      0x147 d:/programas/intelfpga_lite/18.1/nios2eds/bin/gnu/h-x86_64-mingw32/bin/../lib/gcc/nios2-elf/5.3.0/mno-hw-mul\libgcc.a(floatsisf.o)
 .debug_abbrev  0x0000000000000c68      0x147 d:/programas/intelfpga_lite/18.1/nios2eds/bin/gnu/h-x86_64-mingw32/bin/../lib/gcc/nios2-elf/5.3.0/mno-hw-mul\libgcc.a(floatunsisf.o)
 .debug_abbrev  0x0000000000000daf      0x137 d:/programas/intelfpga_lite/18.1/nios2eds/bin/gnu/h-x86_64-mingw32/bin/../lib/gcc/nios2-elf/5.3.0/mno-hw-mul\libgcc.a(gedf2.o)
 .debug_abbrev  0x0000000000000ee6      0x124 d:/programas/intelfpga_lite/18.1/nios2eds/bin/gnu/h-x86_64-mingw32/bin/../lib/gcc/nios2-elf/5.3.0/mno-hw-mul\libgcc.a(floatsidf.o)
 .debug_abbrev  0x000000000000100a       0xbe d:/programas/intelfpga_lite/18.1/nios2eds/bin/gnu/h-x86_64-mingw32/bin/../lib/gcc/nios2-elf/5.3.0/mno-hw-mul\libgcc.a(_clzsi2.o)
 .debug_abbrev  0x00000000000010c8       0x5d d:/programas/intelfpga_lite/18.1/nios2eds/bin/gnu/h-x86_64-mingw32/bin/../lib/gcc/nios2-elf/5.3.0/mno-hw-mul\libgcc.a(_clz.o)
 .debug_abbrev  0x0000000000001125      0x1e5 d:/programas/intelfpga_lite/18.1/nios2eds/bin/gnu/h-x86_64-mingw32/bin/../lib/gcc/nios2-elf/5.3.0/../../../../../H-x86_64-mingw32/nios2-elf/lib/mno-hw-mul\libc.a(lib_a-rand.o)
 .debug_abbrev  0x000000000000130a      0x18f d:/programas/intelfpga_lite/18.1/nios2eds/bin/gnu/h-x86_64-mingw32/bin/../lib/gcc/nios2-elf/5.3.0/../../../../../H-x86_64-mingw32/nios2-elf/lib/mno-hw-mul\libc.a(lib_a-impure.o)
 .debug_abbrev  0x0000000000001499       0xe0 d:/programas/intelfpga_lite/18.1/nios2eds/bin/gnu/h-x86_64-mingw32/bin/../lib/gcc/nios2-elf/5.3.0/mno-hw-mul\libgcc.a(_muldi3.o)
 .debug_abbrev  0x0000000000001579       0x9f ../TesteSoftware_bsp/\libhal_bsp.a(alt_load.o)
 .debug_abbrev  0x0000000000001618       0xba ../TesteSoftware_bsp/\libhal_bsp.a(alt_main.o)
 .debug_abbrev  0x00000000000016d2      0x187 ../TesteSoftware_bsp/\libhal_bsp.a(alt_sys_init.o)
 .debug_abbrev  0x0000000000001859      0x127 ../TesteSoftware_bsp/\libhal_bsp.a(altera_avalon_jtag_uart_fd.o)
 .debug_abbrev  0x0000000000001980      0x19e ../TesteSoftware_bsp/\libhal_bsp.a(altera_avalon_jtag_uart_init.o)
 .debug_abbrev  0x0000000000001b1e      0x111 ../TesteSoftware_bsp/\libhal_bsp.a(altera_avalon_jtag_uart_ioctl.o)
 .debug_abbrev  0x0000000000001c2f      0x1aa ../TesteSoftware_bsp/\libhal_bsp.a(altera_avalon_jtag_uart_read.o)
 .debug_abbrev  0x0000000000001dd9      0x1a8 ../TesteSoftware_bsp/\libhal_bsp.a(altera_avalon_jtag_uart_write.o)
 .debug_abbrev  0x0000000000001f81      0x162 ../TesteSoftware_bsp/\libhal_bsp.a(alt_alarm_start.o)
 .debug_abbrev  0x00000000000020e3      0x11f ../TesteSoftware_bsp/\libhal_bsp.a(alt_close.o)
 .debug_abbrev  0x0000000000002202       0x42 ../TesteSoftware_bsp/\libhal_bsp.a(alt_dcache_flush_all.o)
 .debug_abbrev  0x0000000000002244       0xd9 ../TesteSoftware_bsp/\libhal_bsp.a(alt_dev.o)
 .debug_abbrev  0x000000000000231d      0x114 ../TesteSoftware_bsp/\libhal_bsp.a(alt_dev_llist_insert.o)
 .debug_abbrev  0x0000000000002431       0x79 ../TesteSoftware_bsp/\libhal_bsp.a(alt_do_ctors.o)
 .debug_abbrev  0x00000000000024aa       0x79 ../TesteSoftware_bsp/\libhal_bsp.a(alt_do_dtors.o)
 .debug_abbrev  0x0000000000002523       0x5a ../TesteSoftware_bsp/\libhal_bsp.a(alt_errno.o)
 .debug_abbrev  0x000000000000257d       0x42 ../TesteSoftware_bsp/\libhal_bsp.a(alt_icache_flush_all.o)
 .debug_abbrev  0x00000000000025bf      0x163 ../TesteSoftware_bsp/\libhal_bsp.a(alt_iic.o)
 .debug_abbrev  0x0000000000002722      0x169 ../TesteSoftware_bsp/\libhal_bsp.a(alt_iic_isr_register.o)
 .debug_abbrev  0x000000000000288b      0x114 ../TesteSoftware_bsp/\libhal_bsp.a(alt_io_redirect.o)
 .debug_abbrev  0x000000000000299f       0x12 ../TesteSoftware_bsp/\libhal_bsp.a(alt_irq_entry.o)
 .debug_abbrev  0x00000000000029b1      0x122 ../TesteSoftware_bsp/\libhal_bsp.a(alt_irq_handler.o)
 .debug_abbrev  0x0000000000002ad3       0x40 ../TesteSoftware_bsp/\libhal_bsp.a(alt_irq_vars.o)
 .debug_abbrev  0x0000000000002b13      0x148 ../TesteSoftware_bsp/\libhal_bsp.a(alt_open.o)
 .debug_abbrev  0x0000000000002c5b       0xde ../TesteSoftware_bsp/\libhal_bsp.a(alt_release_fd.o)
 .debug_abbrev  0x0000000000002d39      0x15a ../TesteSoftware_bsp/\libhal_bsp.a(alt_tick.o)
 .debug_abbrev  0x0000000000002e93       0x42 ../TesteSoftware_bsp/\libhal_bsp.a(altera_nios2_gen2_irq.o)
 .debug_abbrev  0x0000000000002ed5       0x12 ../TesteSoftware_bsp/\libhal_bsp.a(alt_exception_entry.o)
 .debug_abbrev  0x0000000000002ee7       0xf0 ../TesteSoftware_bsp/\libhal_bsp.a(alt_find_dev.o)
 .debug_abbrev  0x0000000000002fd7       0xf0 ../TesteSoftware_bsp/\libhal_bsp.a(alt_find_file.o)
 .debug_abbrev  0x00000000000030c7      0x10d ../TesteSoftware_bsp/\libhal_bsp.a(alt_get_fd.o)
 .debug_abbrev  0x00000000000031d4       0xdc ../TesteSoftware_bsp/\libhal_bsp.a(alt_instruction_exception_entry.o)
 .debug_abbrev  0x00000000000032b0       0xaa d:/programas/intelfpga_lite/18.1/nios2eds/bin/gnu/h-x86_64-mingw32/bin/../lib/gcc/nios2-elf/5.3.0/../../../../../H-x86_64-mingw32/nios2-elf/lib/mno-hw-mul\libc.a(lib_a-atexit.o)
 .debug_abbrev  0x000000000000335a      0x1e5 d:/programas/intelfpga_lite/18.1/nios2eds/bin/gnu/h-x86_64-mingw32/bin/../lib/gcc/nios2-elf/5.3.0/../../../../../H-x86_64-mingw32/nios2-elf/lib/mno-hw-mul\libc.a(lib_a-exit.o)
 .debug_abbrev  0x000000000000353f       0x37 d:/programas/intelfpga_lite/18.1/nios2eds/bin/gnu/h-x86_64-mingw32/bin/../lib/gcc/nios2-elf/5.3.0/../../../../../H-x86_64-mingw32/nios2-elf/lib/mno-hw-mul\libc.a(lib_a-int_errno.o)
 .debug_abbrev  0x0000000000003576       0x7f d:/programas/intelfpga_lite/18.1/nios2eds/bin/gnu/h-x86_64-mingw32/bin/../lib/gcc/nios2-elf/5.3.0/../../../../../H-x86_64-mingw32/nios2-elf/lib/mno-hw-mul\libc.a(lib_a-memcmp.o)
 .debug_abbrev  0x00000000000035f5       0xa3 d:/programas/intelfpga_lite/18.1/nios2eds/bin/gnu/h-x86_64-mingw32/bin/../lib/gcc/nios2-elf/5.3.0/../../../../../H-x86_64-mingw32/nios2-elf/lib/mno-hw-mul\libc.a(lib_a-memcpy.o)
 .debug_abbrev  0x0000000000003698       0x90 d:/programas/intelfpga_lite/18.1/nios2eds/bin/gnu/h-x86_64-mingw32/bin/../lib/gcc/nios2-elf/5.3.0/../../../../../H-x86_64-mingw32/nios2-elf/lib/mno-hw-mul\libc.a(lib_a-strlen.o)
 .debug_abbrev  0x0000000000003728      0x21e d:/programas/intelfpga_lite/18.1/nios2eds/bin/gnu/h-x86_64-mingw32/bin/../lib/gcc/nios2-elf/5.3.0/../../../../../H-x86_64-mingw32/nios2-elf/lib/mno-hw-mul\libc.a(lib_a-__atexit.o)
 .debug_abbrev  0x0000000000003946      0x22e d:/programas/intelfpga_lite/18.1/nios2eds/bin/gnu/h-x86_64-mingw32/bin/../lib/gcc/nios2-elf/5.3.0/../../../../../H-x86_64-mingw32/nios2-elf/lib/mno-hw-mul\libc.a(lib_a-__call_atexit.o)
 .debug_abbrev  0x0000000000003b74       0xa9 ../TesteSoftware_bsp/\libhal_bsp.a(alt_exit.o)

.debug_line     0x0000000000000000     0x3ca7
 *(.debug_line)
 .debug_line    0x0000000000000000       0x66 ../TesteSoftware_bsp//obj/HAL/src/crt0.o
 .debug_line    0x0000000000000066      0x1f7 obj/default/Principal.o
 .debug_line    0x000000000000025d      0x105 d:/programas/intelfpga_lite/18.1/nios2eds/bin/gnu/h-x86_64-mingw32/bin/../lib/gcc/nios2-elf/5.3.0/mno-hw-mul\libgcc.a(lib2-divmod.o)
 .debug_line    0x0000000000000362       0x80 d:/programas/intelfpga_lite/18.1/nios2eds/bin/gnu/h-x86_64-mingw32/bin/../lib/gcc/nios2-elf/5.3.0/mno-hw-mul\libgcc.a(lib2-mul.o)
 .debug_line    0x00000000000003e2      0x28a d:/programas/intelfpga_lite/18.1/nios2eds/bin/gnu/h-x86_64-mingw32/bin/../lib/gcc/nios2-elf/5.3.0/mno-hw-mul\libgcc.a(addsf3.o)
 .debug_line    0x000000000000066c      0x16c d:/programas/intelfpga_lite/18.1/nios2eds/bin/gnu/h-x86_64-mingw32/bin/../lib/gcc/nios2-elf/5.3.0/mno-hw-mul\libgcc.a(divsf3.o)
 .debug_line    0x00000000000007d8       0xbf d:/programas/intelfpga_lite/18.1/nios2eds/bin/gnu/h-x86_64-mingw32/bin/../lib/gcc/nios2-elf/5.3.0/mno-hw-mul\libgcc.a(gesf2.o)
 .debug_line    0x0000000000000897       0xcf d:/programas/intelfpga_lite/18.1/nios2eds/bin/gnu/h-x86_64-mingw32/bin/../lib/gcc/nios2-elf/5.3.0/mno-hw-mul\libgcc.a(lesf2.o)
 .debug_line    0x0000000000000966      0x15c d:/programas/intelfpga_lite/18.1/nios2eds/bin/gnu/h-x86_64-mingw32/bin/../lib/gcc/nios2-elf/5.3.0/mno-hw-mul\libgcc.a(mulsf3.o)
 .debug_line    0x0000000000000ac2      0x298 d:/programas/intelfpga_lite/18.1/nios2eds/bin/gnu/h-x86_64-mingw32/bin/../lib/gcc/nios2-elf/5.3.0/mno-hw-mul\libgcc.a(subsf3.o)
 .debug_line    0x0000000000000d5a       0x9a d:/programas/intelfpga_lite/18.1/nios2eds/bin/gnu/h-x86_64-mingw32/bin/../lib/gcc/nios2-elf/5.3.0/mno-hw-mul\libgcc.a(fixsfsi.o)
 .debug_line    0x0000000000000df4       0xb3 d:/programas/intelfpga_lite/18.1/nios2eds/bin/gnu/h-x86_64-mingw32/bin/../lib/gcc/nios2-elf/5.3.0/mno-hw-mul\libgcc.a(floatsisf.o)
 .debug_line    0x0000000000000ea7       0xa9 d:/programas/intelfpga_lite/18.1/nios2eds/bin/gnu/h-x86_64-mingw32/bin/../lib/gcc/nios2-elf/5.3.0/mno-hw-mul\libgcc.a(floatunsisf.o)
 .debug_line    0x0000000000000f50       0xce d:/programas/intelfpga_lite/18.1/nios2eds/bin/gnu/h-x86_64-mingw32/bin/../lib/gcc/nios2-elf/5.3.0/mno-hw-mul\libgcc.a(gedf2.o)
 .debug_line    0x000000000000101e       0xa2 d:/programas/intelfpga_lite/18.1/nios2eds/bin/gnu/h-x86_64-mingw32/bin/../lib/gcc/nios2-elf/5.3.0/mno-hw-mul\libgcc.a(floatsidf.o)
 .debug_line    0x00000000000010c0       0xbd d:/programas/intelfpga_lite/18.1/nios2eds/bin/gnu/h-x86_64-mingw32/bin/../lib/gcc/nios2-elf/5.3.0/mno-hw-mul\libgcc.a(_clzsi2.o)
 .debug_line    0x000000000000117d       0x56 d:/programas/intelfpga_lite/18.1/nios2eds/bin/gnu/h-x86_64-mingw32/bin/../lib/gcc/nios2-elf/5.3.0/mno-hw-mul\libgcc.a(_clz.o)
 .debug_line    0x00000000000011d3      0x1f8 d:/programas/intelfpga_lite/18.1/nios2eds/bin/gnu/h-x86_64-mingw32/bin/../lib/gcc/nios2-elf/5.3.0/../../../../../H-x86_64-mingw32/nios2-elf/lib/mno-hw-mul\libc.a(lib_a-rand.o)
 .debug_line    0x00000000000013cb      0x160 d:/programas/intelfpga_lite/18.1/nios2eds/bin/gnu/h-x86_64-mingw32/bin/../lib/gcc/nios2-elf/5.3.0/../../../../../H-x86_64-mingw32/nios2-elf/lib/mno-hw-mul\libc.a(lib_a-impure.o)
 .debug_line    0x000000000000152b       0x91 d:/programas/intelfpga_lite/18.1/nios2eds/bin/gnu/h-x86_64-mingw32/bin/../lib/gcc/nios2-elf/5.3.0/mno-hw-mul\libgcc.a(_muldi3.o)
 .debug_line    0x00000000000015bc       0x8e ../TesteSoftware_bsp/\libhal_bsp.a(alt_load.o)
 .debug_line    0x000000000000164a       0xa4 ../TesteSoftware_bsp/\libhal_bsp.a(alt_main.o)
 .debug_line    0x00000000000016ee      0x136 ../TesteSoftware_bsp/\libhal_bsp.a(alt_sys_init.o)
 .debug_line    0x0000000000001824      0x12f ../TesteSoftware_bsp/\libhal_bsp.a(altera_avalon_jtag_uart_fd.o)
 .debug_line    0x0000000000001953      0x18b ../TesteSoftware_bsp/\libhal_bsp.a(altera_avalon_jtag_uart_init.o)
 .debug_line    0x0000000000001ade      0x131 ../TesteSoftware_bsp/\libhal_bsp.a(altera_avalon_jtag_uart_ioctl.o)
 .debug_line    0x0000000000001c0f      0x171 ../TesteSoftware_bsp/\libhal_bsp.a(altera_avalon_jtag_uart_read.o)
 .debug_line    0x0000000000001d80      0x170 ../TesteSoftware_bsp/\libhal_bsp.a(altera_avalon_jtag_uart_write.o)
 .debug_line    0x0000000000001ef0       0xf9 ../TesteSoftware_bsp/\libhal_bsp.a(alt_alarm_start.o)
 .debug_line    0x0000000000001fe9      0x16f ../TesteSoftware_bsp/\libhal_bsp.a(alt_close.o)
 .debug_line    0x0000000000002158       0x51 ../TesteSoftware_bsp/\libhal_bsp.a(alt_dcache_flush_all.o)
 .debug_line    0x00000000000021a9      0x102 ../TesteSoftware_bsp/\libhal_bsp.a(alt_dev.o)
 .debug_line    0x00000000000022ab       0xcf ../TesteSoftware_bsp/\libhal_bsp.a(alt_dev_llist_insert.o)
 .debug_line    0x000000000000237a       0x59 ../TesteSoftware_bsp/\libhal_bsp.a(alt_do_ctors.o)
 .debug_line    0x00000000000023d3       0x59 ../TesteSoftware_bsp/\libhal_bsp.a(alt_do_dtors.o)
 .debug_line    0x000000000000242c       0x51 ../TesteSoftware_bsp/\libhal_bsp.a(alt_errno.o)
 .debug_line    0x000000000000247d       0x4f ../TesteSoftware_bsp/\libhal_bsp.a(alt_icache_flush_all.o)
 .debug_line    0x00000000000024cc       0xeb ../TesteSoftware_bsp/\libhal_bsp.a(alt_iic.o)
 .debug_line    0x00000000000025b7       0xdb ../TesteSoftware_bsp/\libhal_bsp.a(alt_iic_isr_register.o)
 .debug_line    0x0000000000002692      0x13f ../TesteSoftware_bsp/\libhal_bsp.a(alt_io_redirect.o)
 .debug_line    0x00000000000027d1       0x6b ../TesteSoftware_bsp/\libhal_bsp.a(alt_irq_entry.o)
 .debug_line    0x000000000000283c       0xaa ../TesteSoftware_bsp/\libhal_bsp.a(alt_irq_handler.o)
 .debug_line    0x00000000000028e6       0x50 ../TesteSoftware_bsp/\libhal_bsp.a(alt_irq_vars.o)
 .debug_line    0x0000000000002936      0x12b ../TesteSoftware_bsp/\libhal_bsp.a(alt_open.o)
 .debug_line    0x0000000000002a61       0xb0 ../TesteSoftware_bsp/\libhal_bsp.a(alt_release_fd.o)
 .debug_line    0x0000000000002b11       0xff ../TesteSoftware_bsp/\libhal_bsp.a(alt_tick.o)
 .debug_line    0x0000000000002c10       0x51 ../TesteSoftware_bsp/\libhal_bsp.a(altera_nios2_gen2_irq.o)
 .debug_line    0x0000000000002c61       0xb3 ../TesteSoftware_bsp/\libhal_bsp.a(alt_exception_entry.o)
 .debug_line    0x0000000000002d14       0xb5 ../TesteSoftware_bsp/\libhal_bsp.a(alt_find_dev.o)
 .debug_line    0x0000000000002dc9       0xd1 ../TesteSoftware_bsp/\libhal_bsp.a(alt_find_file.o)
 .debug_line    0x0000000000002e9a       0xd7 ../TesteSoftware_bsp/\libhal_bsp.a(alt_get_fd.o)
 .debug_line    0x0000000000002f71       0xb9 ../TesteSoftware_bsp/\libhal_bsp.a(alt_instruction_exception_entry.o)
 .debug_line    0x000000000000302a       0xe7 d:/programas/intelfpga_lite/18.1/nios2eds/bin/gnu/h-x86_64-mingw32/bin/../lib/gcc/nios2-elf/5.3.0/../../../../../H-x86_64-mingw32/nios2-elf/lib/mno-hw-mul\libc.a(lib_a-atexit.o)
 .debug_line    0x0000000000003111      0x1fc d:/programas/intelfpga_lite/18.1/nios2eds/bin/gnu/h-x86_64-mingw32/bin/../lib/gcc/nios2-elf/5.3.0/../../../../../H-x86_64-mingw32/nios2-elf/lib/mno-hw-mul\libc.a(lib_a-exit.o)
 .debug_line    0x000000000000330d       0x5f d:/programas/intelfpga_lite/18.1/nios2eds/bin/gnu/h-x86_64-mingw32/bin/../lib/gcc/nios2-elf/5.3.0/../../../../../H-x86_64-mingw32/nios2-elf/lib/mno-hw-mul\libc.a(lib_a-int_errno.o)
 .debug_line    0x000000000000336c      0x176 d:/programas/intelfpga_lite/18.1/nios2eds/bin/gnu/h-x86_64-mingw32/bin/../lib/gcc/nios2-elf/5.3.0/../../../../../H-x86_64-mingw32/nios2-elf/lib/mno-hw-mul\libc.a(lib_a-memcmp.o)
 .debug_line    0x00000000000034e2      0x18c d:/programas/intelfpga_lite/18.1/nios2eds/bin/gnu/h-x86_64-mingw32/bin/../lib/gcc/nios2-elf/5.3.0/../../../../../H-x86_64-mingw32/nios2-elf/lib/mno-hw-mul\libc.a(lib_a-memcpy.o)
 .debug_line    0x000000000000366e      0x16f d:/programas/intelfpga_lite/18.1/nios2eds/bin/gnu/h-x86_64-mingw32/bin/../lib/gcc/nios2-elf/5.3.0/../../../../../H-x86_64-mingw32/nios2-elf/lib/mno-hw-mul\libc.a(lib_a-strlen.o)
 .debug_line    0x00000000000037dd      0x21f d:/programas/intelfpga_lite/18.1/nios2eds/bin/gnu/h-x86_64-mingw32/bin/../lib/gcc/nios2-elf/5.3.0/../../../../../H-x86_64-mingw32/nios2-elf/lib/mno-hw-mul\libc.a(lib_a-__atexit.o)
 .debug_line    0x00000000000039fc      0x23a d:/programas/intelfpga_lite/18.1/nios2eds/bin/gnu/h-x86_64-mingw32/bin/../lib/gcc/nios2-elf/5.3.0/../../../../../H-x86_64-mingw32/nios2-elf/lib/mno-hw-mul\libc.a(lib_a-__call_atexit.o)
 .debug_line    0x0000000000003c36       0x71 ../TesteSoftware_bsp/\libhal_bsp.a(alt_exit.o)

.debug_frame    0x0000000000000000      0xfa0
 *(.debug_frame)
 .debug_frame   0x0000000000000000      0x1d0 obj/default/Principal.o
 .debug_frame   0x00000000000001d0       0x50 d:/programas/intelfpga_lite/18.1/nios2eds/bin/gnu/h-x86_64-mingw32/bin/../lib/gcc/nios2-elf/5.3.0/mno-hw-mul\libgcc.a(lib2-divmod.o)
 .debug_frame   0x0000000000000220       0x20 d:/programas/intelfpga_lite/18.1/nios2eds/bin/gnu/h-x86_64-mingw32/bin/../lib/gcc/nios2-elf/5.3.0/mno-hw-mul\libgcc.a(lib2-mul.o)
 .debug_frame   0x0000000000000240       0x3c d:/programas/intelfpga_lite/18.1/nios2eds/bin/gnu/h-x86_64-mingw32/bin/../lib/gcc/nios2-elf/5.3.0/mno-hw-mul\libgcc.a(addsf3.o)
 .debug_frame   0x000000000000027c       0x58 d:/programas/intelfpga_lite/18.1/nios2eds/bin/gnu/h-x86_64-mingw32/bin/../lib/gcc/nios2-elf/5.3.0/mno-hw-mul\libgcc.a(divsf3.o)
 .debug_frame   0x00000000000002d4       0x20 d:/programas/intelfpga_lite/18.1/nios2eds/bin/gnu/h-x86_64-mingw32/bin/../lib/gcc/nios2-elf/5.3.0/mno-hw-mul\libgcc.a(gesf2.o)
 .debug_frame   0x00000000000002f4       0x20 d:/programas/intelfpga_lite/18.1/nios2eds/bin/gnu/h-x86_64-mingw32/bin/../lib/gcc/nios2-elf/5.3.0/mno-hw-mul\libgcc.a(lesf2.o)
 .debug_frame   0x0000000000000314       0x58 d:/programas/intelfpga_lite/18.1/nios2eds/bin/gnu/h-x86_64-mingw32/bin/../lib/gcc/nios2-elf/5.3.0/mno-hw-mul\libgcc.a(mulsf3.o)
 .debug_frame   0x000000000000036c       0x40 d:/programas/intelfpga_lite/18.1/nios2eds/bin/gnu/h-x86_64-mingw32/bin/../lib/gcc/nios2-elf/5.3.0/mno-hw-mul\libgcc.a(subsf3.o)
 .debug_frame   0x00000000000003ac       0x20 d:/programas/intelfpga_lite/18.1/nios2eds/bin/gnu/h-x86_64-mingw32/bin/../lib/gcc/nios2-elf/5.3.0/mno-hw-mul\libgcc.a(fixsfsi.o)
 .debug_frame   0x00000000000003cc       0x38 d:/programas/intelfpga_lite/18.1/nios2eds/bin/gnu/h-x86_64-mingw32/bin/../lib/gcc/nios2-elf/5.3.0/mno-hw-mul\libgcc.a(floatsisf.o)
 .debug_frame   0x0000000000000404       0x34 d:/programas/intelfpga_lite/18.1/nios2eds/bin/gnu/h-x86_64-mingw32/bin/../lib/gcc/nios2-elf/5.3.0/mno-hw-mul\libgcc.a(floatunsisf.o)
 .debug_frame   0x0000000000000438       0x20 d:/programas/intelfpga_lite/18.1/nios2eds/bin/gnu/h-x86_64-mingw32/bin/../lib/gcc/nios2-elf/5.3.0/mno-hw-mul\libgcc.a(gedf2.o)
 .debug_frame   0x0000000000000458       0x38 d:/programas/intelfpga_lite/18.1/nios2eds/bin/gnu/h-x86_64-mingw32/bin/../lib/gcc/nios2-elf/5.3.0/mno-hw-mul\libgcc.a(floatsidf.o)